Archive member included to satisfy reference by file (symbol)

/usr/lib/gcc/arm-none-eabi/4.9.3/armv7-m/libgcc.a(_arm_addsubdf3.o)
                              build/cc26x0-cc13x0//launchpad/cc2650//obj/ble-hal-cc26xx.o (__aeabi_ui2d)
/usr/lib/gcc/arm-none-eabi/4.9.3/armv7-m/libgcc.a(_arm_muldivdf3.o)
                              build/cc26x0-cc13x0//launchpad/cc2650//obj/ble-hal-cc26xx.o (__aeabi_dmul)
/usr/lib/gcc/arm-none-eabi/4.9.3/armv7-m/libgcc.a(_arm_fixunsdfsi.o)
                              build/cc26x0-cc13x0//launchpad/cc2650//obj/ble-hal-cc26xx.o (__aeabi_d2uiz)
/usr/lib/gcc/arm-none-eabi/4.9.3/armv7-m/libgcc.a(_aeabi_uldivmod.o)
                              build/cc26x0-cc13x0//launchpad/cc2650//obj/rf-core.o (__aeabi_uldivmod)
/usr/lib/gcc/arm-none-eabi/4.9.3/armv7-m/libgcc.a(bpabi.o)
                              /usr/lib/gcc/arm-none-eabi/4.9.3/armv7-m/libgcc.a(_aeabi_uldivmod.o) (__gnu_uldivmod_helper)
/usr/lib/gcc/arm-none-eabi/4.9.3/armv7-m/libgcc.a(_dvmd_tls.o)
                              /usr/lib/gcc/arm-none-eabi/4.9.3/armv7-m/libgcc.a(_aeabi_uldivmod.o) (__aeabi_ldiv0)
/usr/lib/gcc/arm-none-eabi/4.9.3/armv7-m/libgcc.a(_divdi3.o)
                              /usr/lib/gcc/arm-none-eabi/4.9.3/armv7-m/libgcc.a(bpabi.o) (__divdi3)
/usr/lib/gcc/arm-none-eabi/4.9.3/armv7-m/libgcc.a(_udivdi3.o)
                              /usr/lib/gcc/arm-none-eabi/4.9.3/armv7-m/libgcc.a(bpabi.o) (__udivdi3)
/usr/lib/gcc/arm-none-eabi/4.9.3/../../../arm-none-eabi/lib/armv7-m/libc.a(lib_a-memcmp.o)
                              build/cc26x0-cc13x0//launchpad/cc2650//obj/linkaddr.o (memcmp)
/usr/lib/gcc/arm-none-eabi/4.9.3/../../../arm-none-eabi/lib/armv7-m/libc.a(lib_a-memcpy.o)
                              build/cc26x0-cc13x0//launchpad/cc2650//obj/board.o (memcpy)
/usr/lib/gcc/arm-none-eabi/4.9.3/../../../arm-none-eabi/lib/armv7-m/libc.a(lib_a-memset.o)
                              build/cc26x0-cc13x0//launchpad/cc2650//obj/rf-core.o (memset)
/usr/lib/gcc/arm-none-eabi/4.9.3/../../../arm-none-eabi/lib/armv7-m/libc.a(lib_a-reent.o)
                              build/cc26x0-cc13x0//launchpad/cc2650//obj/syscalls.o (errno)
/usr/lib/gcc/arm-none-eabi/4.9.3/../../../arm-none-eabi/lib/armv7-m/libc.a(lib_a-strcmp.o)
                              build/cc26x0-cc13x0//launchpad/cc2650//obj/log.o (strcmp)
/usr/lib/gcc/arm-none-eabi/4.9.3/../../../arm-none-eabi/lib/armv7-m/libc.a(lib_a-strlen.o)
                              build/cc26x0-cc13x0//launchpad/cc2650//obj/rf-ble.o (strlen)
/usr/lib/gcc/arm-none-eabi/4.9.3/../../../arm-none-eabi/lib/armv7-m/libc.a(lib_a-strncmp.o)
                              build/cc26x0-cc13x0//launchpad/cc2650//obj/sensors.o (strncmp)
/usr/lib/gcc/arm-none-eabi/4.9.3/../../../arm-none-eabi/lib/armv7-m/libc.a(lib_a-freer.o)
                              /usr/lib/gcc/arm-none-eabi/4.9.3/../../../arm-none-eabi/lib/armv7-m/libc.a(lib_a-reent.o) (_free_r)
/usr/lib/gcc/arm-none-eabi/4.9.3/../../../arm-none-eabi/lib/armv7-m/libc.a(lib_a-impure.o)
                              /usr/lib/gcc/arm-none-eabi/4.9.3/../../../arm-none-eabi/lib/armv7-m/libc.a(lib_a-reent.o) (_impure_ptr)
/usr/lib/gcc/arm-none-eabi/4.9.3/../../../arm-none-eabi/lib/armv7-m/libc.a(lib_a-mallocr.o)
                              /usr/lib/gcc/arm-none-eabi/4.9.3/../../../arm-none-eabi/lib/armv7-m/libc.a(lib_a-freer.o) (__malloc_current_mallinfo)
/usr/lib/gcc/arm-none-eabi/4.9.3/../../../arm-none-eabi/lib/armv7-m/libc.a(lib_a-mlock.o)
                              /usr/lib/gcc/arm-none-eabi/4.9.3/../../../arm-none-eabi/lib/armv7-m/libc.a(lib_a-freer.o) (__malloc_lock)
/usr/lib/gcc/arm-none-eabi/4.9.3/../../../arm-none-eabi/lib/armv7-m/libc.a(lib_a-sbrkr.o)
                              /usr/lib/gcc/arm-none-eabi/4.9.3/../../../arm-none-eabi/lib/armv7-m/libc.a(lib_a-freer.o) (_sbrk_r)

Allocating common symbols
Common symbol       size              file

compower_idle_activity
                    0x10              build/cc26x0-cc13x0//launchpad/cc2650//obj/compower.o
nullnet_buf         0x4               build/cc26x0-cc13x0//launchpad/cc2650//obj/nullnet.o
errno               0x4               /usr/lib/gcc/arm-none-eabi/4.9.3/../../../arm-none-eabi/lib/armv7-m/libc.a(lib_a-reent.o)
button_hal_release_event
                    0x1               build/cc26x0-cc13x0//launchpad/cc2650//obj/button-hal.o
packetbuf_addrs     0x10              build/cc26x0-cc13x0//launchpad/cc2650//obj/packetbuf.o
button_hal_periodic_event
                    0x1               build/cc26x0-cc13x0//launchpad/cc2650//obj/button-hal.o
periodic_timer      0x20              build/cc26x0-cc13x0//launchpad/cc2650//obj/link-stats.o
linkaddr_node_addr  0x8               build/cc26x0-cc13x0//launchpad/cc2650//obj/linkaddr.o
rx_data_event       0x1               build/cc26x0-cc13x0//launchpad/cc2650//obj/ble-hal-cc26xx.o
packetbuf_attrs     0x1a              build/cc26x0-cc13x0//launchpad/cc2650//obj/packetbuf.o
unicast_per_neighbor_rpl_storing
[...]
Memory Configuration

Name             Origin             Length             Attributes
FLASH            0x00000000         0x0001ffa8         xr
FLASH_CCFG       0x0001ffa8         0x00000058         xr
SRAM             0x20000000         0x00005000         xrw
GPRAM            0x11000000         0x00002000         xrw
*default*        0x00000000         0xffffffff

Linker script and memory map

LOAD build/cc26x0-cc13x0//launchpad/cc2650//obj/fault-handlers.o
LOAD build/cc26x0-cc13x0//launchpad/cc2650//obj/ccfg.o
LOAD build/cc26x0-cc13x0//launchpad/cc2650//obj/startup_gcc.o
LOAD build/cc26x0-cc13x0//launchpad/cc2650//obj/platform.o
LOAD build/cc26x0-cc13x0//launchpad/cc2650//obj/leds-arch.o
LOAD build/cc26x0-cc13x0//launchpad/cc2650//obj/board.o
LOAD build/cc26x0-cc13x0//launchpad/cc2650//obj/board-buttons.o
LOAD build/cc26x0-cc13x0//launchpad/cc2650//obj/xmem.o
LOAD build/cc26x0-cc13x0//launchpad/cc2650//obj/clock.o
LOAD build/cc26x0-cc13x0//launchpad/cc2650//obj/rtimer-arch.o
LOAD build/cc26x0-cc13x0//launchpad/cc2650//obj/soc-rtc.o
LOAD build/cc26x0-cc13x0//launchpad/cc2650//obj/uart.o
LOAD build/cc26x0-cc13x0//launchpad/cc2650//obj/contiki-watchdog.o
LOAD build/cc26x0-cc13x0//launchpad/cc2650//obj/aux-ctrl.o
LOAD build/cc26x0-cc13x0//launchpad/cc2650//obj/dbg.o
LOAD build/cc26x0-cc13x0//launchpad/cc2650//obj/ieee-addr.o
LOAD build/cc26x0-cc13x0//launchpad/cc2650//obj/batmon-sensor.o
LOAD build/cc26x0-cc13x0//launchpad/cc2650//obj/adc-sensor.o
LOAD build/cc26x0-cc13x0//launchpad/cc2650//obj/slip-arch.o
LOAD build/cc26x0-cc13x0//launchpad/cc2650//obj/slip.o
LOAD build/cc26x0-cc13x0//launchpad/cc2650//obj/cc26xx-uart.o
LOAD build/cc26x0-cc13x0//launchpad/cc2650//obj/lpm.o
LOAD build/cc26x0-cc13x0//launchpad/cc2650//obj/gpio-interrupt.o
LOAD build/cc26x0-cc13x0//launchpad/cc2650//obj/gpio-hal-arch.o
LOAD build/cc26x0-cc13x0//launchpad/cc2650//obj/oscillators.o
LOAD build/cc26x0-cc13x0//launchpad/cc2650//obj/rf-core.o
LOAD build/cc26x0-cc13x0//launchpad/cc2650//obj/rf-ble.o
LOAD build/cc26x0-cc13x0//launchpad/cc2650//obj/ieee-mode.o
LOAD build/cc26x0-cc13x0//launchpad/cc2650//obj/ble-cc2650.o
LOAD build/cc26x0-cc13x0//launchpad/cc2650//obj/ble-hal-cc26xx.o
LOAD build/cc26x0-cc13x0//launchpad/cc2650//obj/ble-addr.o
LOAD build/cc26x0-cc13x0//launchpad/cc2650//obj/rf-ble-cmd.o
LOAD build/cc26x0-cc13x0//launchpad/cc2650//obj/random.o
LOAD build/cc26x0-cc13x0//launchpad/cc2650//obj/soc-trng.o
LOAD build/cc26x0-cc13x0//launchpad/cc2650//obj/int-master.o
LOAD build/cc26x0-cc13x0//launchpad/cc2650//obj/spi-arch.o
LOAD build/cc26x0-cc13x0//launchpad/cc2650//obj/cc26xx-aes.o
LOAD build/cc26x0-cc13x0//launchpad/cc2650//obj/contiki-main.o
LOAD build/cc26x0-cc13x0//launchpad/cc2650//obj/autostart.o
LOAD build/cc26x0-cc13x0//launchpad/cc2650//obj/ctimer.o
LOAD build/cc26x0-cc13x0//launchpad/cc2650//obj/energest.o
LOAD build/cc26x0-cc13x0//launchpad/cc2650//obj/etimer.o
LOAD build/cc26x0-cc13x0//launchpad/cc2650//obj/log.o
LOAD build/cc26x0-cc13x0//launchpad/cc2650//obj/mutex.o
LOAD build/cc26x0-cc13x0//launchpad/cc2650//obj/stimer.o
LOAD build/cc26x0-cc13x0//launchpad/cc2650//obj/compower.o
LOAD build/cc26x0-cc13x0//launchpad/cc2650//obj/process.o
LOAD build/cc26x0-cc13x0//launchpad/cc2650//obj/rtimer.o
LOAD build/cc26x0-cc13x0//launchpad/cc2650//obj/node-id.o
LOAD build/cc26x0-cc13x0//launchpad/cc2650//obj/timer.o
LOAD build/cc26x0-cc13x0//launchpad/cc2650//obj/stack-check.o
LOAD build/cc26x0-cc13x0//launchpad/cc2650//obj/button-hal.o
LOAD build/cc26x0-cc13x0//launchpad/cc2650//obj/serial-line.o
LOAD build/cc26x0-cc13x0//launchpad/cc2650//obj/spi.o
LOAD build/cc26x0-cc13x0//launchpad/cc2650//obj/leds.o
LOAD build/cc26x0-cc13x0//launchpad/cc2650//obj/nullradio.o
LOAD build/cc26x0-cc13x0//launchpad/cc2650//obj/gpio-hal.o
LOAD build/cc26x0-cc13x0//launchpad/cc2650//obj/dbl-circ-list.o
LOAD build/cc26x0-cc13x0//launchpad/cc2650//obj/crc16.o
LOAD build/cc26x0-cc13x0//launchpad/cc2650//obj/ifft.o
LOAD build/cc26x0-cc13x0//launchpad/cc2650//obj/ringbuf.o
LOAD build/cc26x0-cc13x0//launchpad/cc2650//obj/ccm-star.o
LOAD build/cc26x0-cc13x0//launchpad/cc2650//obj/dbl-list.o
LOAD build/cc26x0-cc13x0//launchpad/cc2650//obj/ringbufindex.o
LOAD build/cc26x0-cc13x0//launchpad/cc2650//obj/sensors.o
LOAD build/cc26x0-cc13x0//launchpad/cc2650//obj/list.o
LOAD build/cc26x0-cc13x0//launchpad/cc2650//obj/circular-list.o
LOAD build/cc26x0-cc13x0//launchpad/cc2650//obj/aes-128.o
LOAD build/cc26x0-cc13x0//launchpad/cc2650//obj/trickle-timer.o
LOAD build/cc26x0-cc13x0//launchpad/cc2650//obj/memb.o
LOAD build/cc26x0-cc13x0//launchpad/cc2650//obj/heapmem.o
LOAD build/cc26x0-cc13x0//launchpad/cc2650//obj/assert.o
LOAD build/cc26x0-cc13x0//launchpad/cc2650//obj/queuebuf.o
LOAD build/cc26x0-cc13x0//launchpad/cc2650//obj/nbr-table.o
LOAD build/cc26x0-cc13x0//launchpad/cc2650//obj/packetbuf.o
LOAD build/cc26x0-cc13x0//launchpad/cc2650//obj/netstack.o
LOAD build/cc26x0-cc13x0//launchpad/cc2650//obj/linkaddr.o
LOAD build/cc26x0-cc13x0//launchpad/cc2650//obj/net-debug.o
LOAD build/cc26x0-cc13x0//launchpad/cc2650//obj/link-stats.o
LOAD build/cc26x0-cc13x0//launchpad/cc2650//obj/mac-sequence.o
LOAD build/cc26x0-cc13x0//launchpad/cc2650//obj/mac.o
LOAD build/cc26x0-cc13x0//launchpad/cc2650//obj/frame802154e-ie.o
LOAD build/cc26x0-cc13x0//launchpad/cc2650//obj/framer-802154.o
LOAD build/cc26x0-cc13x0//launchpad/cc2650//obj/nullframer.o
LOAD build/cc26x0-cc13x0//launchpad/cc2650//obj/frame802154.o
LOAD build/cc26x0-cc13x0//launchpad/cc2650//obj/ext-flash.o
LOAD build/cc26x0-cc13x0//launchpad/cc2650//obj/driverlib_release.o
LOAD build/cc26x0-cc13x0//launchpad/cc2650//obj/udma.o
LOAD build/cc26x0-cc13x0//launchpad/cc2650//obj/aux_wuc.o
LOAD build/cc26x0-cc13x0//launchpad/cc2650//obj/rom_crypto.o
LOAD build/cc26x0-cc13x0//launchpad/cc2650//obj/setup.o
LOAD build/cc26x0-cc13x0//launchpad/cc2650//obj/setup_rom.o
LOAD build/cc26x0-cc13x0//launchpad/cc2650//obj/watchdog.o
LOAD build/cc26x0-cc13x0//launchpad/cc2650//obj/ssi.o
LOAD build/cc26x0-cc13x0//launchpad/cc2650//obj/prcm.o
LOAD build/cc26x0-cc13x0//launchpad/cc2650//obj/ddi.o
LOAD build/cc26x0-cc13x0//launchpad/cc2650//obj/cpu.o
LOAD build/cc26x0-cc13x0//launchpad/cc2650//obj/aon_wuc.o
LOAD build/cc26x0-cc13x0//launchpad/cc2650//obj/aux_smph.o
LOAD build/cc26x0-cc13x0//launchpad/cc2650//obj/aon_ioc.o
LOAD build/cc26x0-cc13x0//launchpad/cc2650//obj/crypto.o
LOAD build/cc26x0-cc13x0//launchpad/cc2650//obj/adi.o
LOAD build/cc26x0-cc13x0//launchpad/cc2650//obj/trng.o
LOAD build/cc26x0-cc13x0//launchpad/cc2650//obj/ioc.o
LOAD build/cc26x0-cc13x0//launchpad/cc2650//obj/interrupt.o
LOAD build/cc26x0-cc13x0//launchpad/cc2650//obj/aux_tdc.o
LOAD build/cc26x0-cc13x0//launchpad/cc2650//obj/ccfgread.o
LOAD build/cc26x0-cc13x0//launchpad/cc2650//obj/flash.o
LOAD build/cc26x0-cc13x0//launchpad/cc2650//obj/smph.o
LOAD build/cc26x0-cc13x0//launchpad/cc2650//obj/vims.o
LOAD build/cc26x0-cc13x0//launchpad/cc2650//obj/gpio.o
LOAD build/cc26x0-cc13x0//launchpad/cc2650//obj/event.o
LOAD build/cc26x0-cc13x0//launchpad/cc2650//obj/sys_ctrl.o
LOAD build/cc26x0-cc13x0//launchpad/cc2650//obj/osc.o
LOAD build/cc26x0-cc13x0//launchpad/cc2650//obj/pwr_ctrl.o
LOAD build/cc26x0-cc13x0//launchpad/cc2650//obj/aon_event.o
LOAD build/cc26x0-cc13x0//launchpad/cc2650//obj/aon_batmon.o
LOAD build/cc26x0-cc13x0//launchpad/cc2650//obj/aux_timer.o
LOAD build/cc26x0-cc13x0//launchpad/cc2650//obj/i2c.o
LOAD build/cc26x0-cc13x0//launchpad/cc2650//obj/systick.o
LOAD build/cc26x0-cc13x0//launchpad/cc2650//obj/aon_rtc.o
LOAD build/cc26x0-cc13x0//launchpad/cc2650//obj/chipinfo.o
LOAD build/cc26x0-cc13x0//launchpad/cc2650//obj/i2s.o
LOAD build/cc26x0-cc13x0//launchpad/cc2650//obj/rfc.o
LOAD build/cc26x0-cc13x0//launchpad/cc2650//obj/aux_adc.o
LOAD build/cc26x0-cc13x0//launchpad/cc2650//obj/syscalls.o
LOAD build/cc26x0-cc13x0//launchpad/cc2650//obj/strformat.o
LOAD build/cc26x0-cc13x0//launchpad/cc2650//obj/printf.o
LOAD build/cc26x0-cc13x0//launchpad/cc2650//obj/sprintf.o
LOAD build/cc26x0-cc13x0//launchpad/cc2650//obj/snprintf.o
LOAD build/cc26x0-cc13x0//launchpad/cc2650//obj/puts.o
LOAD build/cc26x0-cc13x0//launchpad/cc2650//obj/putchar.o
LOAD build/cc26x0-cc13x0//launchpad/cc2650//obj/csma-security.o
LOAD build/cc26x0-cc13x0//launchpad/cc2650//obj/anti-replay.o
LOAD build/cc26x0-cc13x0//launchpad/cc2650//obj/csma.o
LOAD build/cc26x0-cc13x0//launchpad/cc2650//obj/csma-output.o
LOAD build/cc26x0-cc13x0//launchpad/cc2650//obj/ccm-star-packetbuf.o
LOAD build/cc26x0-cc13x0//launchpad/cc2650//obj/nullnet.o
LOAD build/cc26x0-cc13x0//launchpad/cc2650//obj/nullrouting.o
LOAD ovenSara.o
START GROUP
LOAD /usr/lib/gcc/arm-none-eabi/4.9.3/../../../arm-none-eabi/lib/armv7-m/libm.a
END GROUP
START GROUP
LOAD /usr/lib/gcc/arm-none-eabi/4.9.3/armv7-m/libgcc.a
LOAD /usr/lib/gcc/arm-none-eabi/4.9.3/../../../arm-none-eabi/lib/armv7-m/libc.a
END GROUP
                0x20005000                _estack = (ORIGIN (SRAM) + LENGTH (SRAM))
                0x00000000                _Min_Heap_Size = 0x0
                0x00000400                _Min_Stack_Size = 0x400

.text           0x00000000     0x7394
                0x00000000                _text = .
 *(SORT(.vectors))
 .vectors       0x00000000       0xc8 build/cc26x0-cc13x0//launchpad/cc2650//obj/startup_gcc.o
                0x00000000                g_pfnVectors
 *(SORT(.text*))
 .text.FaultISR
                0x000000c8       0x18 build/cc26x0-cc13x0//launchpad/cc2650//obj/fault-handlers.o
                0x000000c8                FaultISR
 .text.NmiSRHandler
                0x000000e0        0x4 build/cc26x0-cc13x0//launchpad/cc2650//obj/startup_gcc.o
                0x000000e0                NmiSR
 .text.IntDefaultHandler
                0x000000e4        0x4 build/cc26x0-cc13x0//launchpad/cc2650//obj/startup_gcc.o
                0x000000e4                SSI0IntHandler
                0x000000e4                SWEvent0IntHandler
                0x000000e4                uDMAIntHandler
                0x000000e4                WatchdogIntHandler
                0x000000e4                RFCHardwareIntHandler
                0x000000e4                Timer1BIntHandler
                0x000000e4                I2SIntHandler
                0x000000e4                Timer2BIntHandler
                0x000000e4                Timer2AIntHandler
                0x000000e4                Timer1AIntHandler
                0x000000e4                AONIntHandler
                0x000000e4                AUXSWEvent0IntHandler
                0x000000e4                AUXADCIntHandler
                0x000000e4                PendSVIntHandler
                0x000000e4                AUXSWEvent1IntHandler
                0x000000e4                SVCallIntHandler
                0x000000e4                MPUFaultIntHandler
                0x000000e4                SysTickIntHandler
                0x000000e4                BusFaultIntHandler
                0x000000e4                AONProgIntHandler
                0x000000e4                AUXCompAIntHandler
                0x000000e4                SSI1IntHandler
                0x000000e4                FlashIntHandler
                0x000000e4                uDMAErrIntHandler
                0x000000e4                UsageFaultIntHandler
                0x000000e4                RFCCmdAckIntHandler
                0x000000e4                CryptoIntHandler
                0x000000e4                Timer0AIntHandler
                0x000000e4                I2CIntHandler
                0x000000e4                DebugMonIntHandler
                0x000000e4                Timer0BIntHandler
                0x000000e4                AUXCombEventIntHandler
                0x000000e4                Timer3AIntHandler
                0x000000e4                DynProgIntHandler
                0x000000e4                Timer3BIntHandler
 .text.ResetISR
                0x000000e8       0x5c build/cc26x0-cc13x0//launchpad/cc2650//obj/startup_gcc.o
                0x000000e8                ResetISR
 .text.fade     0x00000144       0x64 build/cc26x0-cc13x0//launchpad/cc2650//obj/platform.o
 .text.platform_init_stage_one
                0x000001a8       0x7c build/cc26x0-cc13x0//launchpad/cc2650//obj/platform.o
                0x000001a8                platform_init_stage_one
 .text.platform_init_stage_two
                0x00000224       0x2c build/cc26x0-cc13x0//launchpad/cc2650//obj/platform.o
                0x00000224                platform_init_stage_two
 .text.platform_init_stage_three
                0x00000250       0xd4 build/cc26x0-cc13x0//launchpad/cc2650//obj/platform.o
                0x00000250                platform_init_stage_three
 .text.platform_idle
                0x00000324        0x4 build/cc26x0-cc13x0//launchpad/cc2650//obj/platform.o
                0x00000324                platform_idle
 .text.wakeup_handler
                0x00000328       0x20 build/cc26x0-cc13x0//launchpad/cc2650//obj/board.o
 .text.board_init
                0x00000348       0x8c build/cc26x0-cc13x0//launchpad/cc2650//obj/board.o
                0x00000348                board_init
 .text.power_domain_on
                0x000003d4       0x20 build/cc26x0-cc13x0//launchpad/cc2650//obj/clock.o
 .text.clock_init
                0x000003f4       0x98 build/cc26x0-cc13x0//launchpad/cc2650//obj/clock.o
                0x000003f4                clock_init
 .text.clock_time
                0x0000048c       0x34 build/cc26x0-cc13x0//launchpad/cc2650//obj/clock.o
                0x0000048c                clock_time
 .text.clock_update
                0x000004c0       0x3c build/cc26x0-cc13x0//launchpad/cc2650//obj/clock.o
                0x000004c0                clock_update
 .text.rtimer_arch_init
                0x000004fc        0x4 build/cc26x0-cc13x0//launchpad/cc2650//obj/rtimer-arch.o
                0x000004fc                rtimer_arch_init
 .text.rtimer_arch_schedule
                0x00000500        0x8 build/cc26x0-cc13x0//launchpad/cc2650//obj/rtimer-arch.o
                0x00000500                rtimer_arch_schedule
 .text.rtimer_arch_now
                0x00000508        0x4 build/cc26x0-cc13x0//launchpad/cc2650//obj/rtimer-arch.o
                0x00000508                rtimer_arch_now
 .text.soc_rtc_init
                0x0000050c       0xa0 build/cc26x0-cc13x0//launchpad/cc2650//obj/soc-rtc.o
                0x0000050c                soc_rtc_init
 .text.soc_rtc_schedule_one_shot
                0x000005ac       0x70 build/cc26x0-cc13x0//launchpad/cc2650//obj/soc-rtc.o
                0x000005ac                soc_rtc_schedule_one_shot
 .text.soc_rtc_last_isr_time
                0x0000061c        0xc build/cc26x0-cc13x0//launchpad/cc2650//obj/soc-rtc.o
                0x0000061c                soc_rtc_last_isr_time
 .text.AONRTCIntHandler
                0x00000628       0x88 build/cc26x0-cc13x0//launchpad/cc2650//obj/soc-rtc.o
                0x00000628                AONRTCIntHandler
 .text.lock_config
                0x000006b0       0x18 build/cc26x0-cc13x0//launchpad/cc2650//obj/contiki-watchdog.o
 .text.unlock_config
                0x000006c8       0x2c build/cc26x0-cc13x0//launchpad/cc2650//obj/contiki-watchdog.o
 .text.watchdog_init
                0x000006f4       0x1c build/cc26x0-cc13x0//launchpad/cc2650//obj/contiki-watchdog.o
                0x000006f4                watchdog_init
 .text.watchdog_start
                0x00000710       0x30 build/cc26x0-cc13x0//launchpad/cc2650//obj/contiki-watchdog.o
                0x00000710                watchdog_start
 .text.watchdog_periodic
                0x00000740       0x1c build/cc26x0-cc13x0//launchpad/cc2650//obj/contiki-watchdog.o
                0x00000740                watchdog_periodic
 .text.aux_ctrl_power_up
                0x0000075c       0x28 build/cc26x0-cc13x0//launchpad/cc2650//obj/aux-ctrl.o
                0x0000075c                aux_ctrl_power_up
 .text.aux_ctrl_register_consumer
                0x00000784       0x40 build/cc26x0-cc13x0//launchpad/cc2650//obj/aux-ctrl.o
                0x00000784                aux_ctrl_register_consumer
 .text.aux_ctrl_power_down
                0x000007c4       0x6c build/cc26x0-cc13x0//launchpad/cc2650//obj/aux-ctrl.o
                0x000007c4                aux_ctrl_power_down
 .text.aux_ctrl_unregister_consumer
                0x00000830       0x28 build/cc26x0-cc13x0//launchpad/cc2650//obj/aux-ctrl.o
                0x00000830                aux_ctrl_unregister_consumer
 .text.dbg_send_bytes
                0x00000858       0x40 build/cc26x0-cc13x0//launchpad/cc2650//obj/dbg.o
                0x00000858                dbg_send_bytes
 .text.ieee_addr_cpy_to
                0x00000898       0x40 build/cc26x0-cc13x0//launchpad/cc2650//obj/ieee-addr.o
                0x00000898                ieee_addr_cpy_to
 .text.configure
                0x000008d8       0x34 build/cc26x0-cc13x0//launchpad/cc2650//obj/batmon-sensor.o
 .text.status   0x0000090c       0x14 build/cc26x0-cc13x0//launchpad/cc2650//obj/batmon-sensor.o
 .text.value    0x00000920       0x24 build/cc26x0-cc13x0//launchpad/cc2650//obj/batmon-sensor.o
 .text.power_and_clock
                0x00000944       0x40 build/cc26x0-cc13x0//launchpad/cc2650//obj/cc26xx-uart.o
 .text.enable   0x00000984       0xf0 build/cc26x0-cc13x0//launchpad/cc2650//obj/cc26xx-uart.o
 .text.accessible
                0x00000a74       0x24 build/cc26x0-cc13x0//launchpad/cc2650//obj/cc26xx-uart.o
 .text.lpm_drop_handler
                0x00000a98       0xc8 build/cc26x0-cc13x0//launchpad/cc2650//obj/cc26xx-uart.o
 .text.cc26xx_uart_init
                0x00000b60       0x28 build/cc26x0-cc13x0//launchpad/cc2650//obj/cc26xx-uart.o
                0x00000b60                cc26xx_uart_init
 .text.cc26xx_uart_write_byte
                0x00000b88       0x28 build/cc26x0-cc13x0//launchpad/cc2650//obj/cc26xx-uart.o
                0x00000b88                cc26xx_uart_write_byte
 .text.cc26xx_uart_busy
                0x00000bb0       0x18 build/cc26x0-cc13x0//launchpad/cc2650//obj/cc26xx-uart.o
                0x00000bb0                cc26xx_uart_busy
 .text.UART0IntHandler
                0x00000bc8       0x54 build/cc26x0-cc13x0//launchpad/cc2650//obj/cc26xx-uart.o
                0x00000bc8                UART0IntHandler
 .text.lpm_sleep
                0x00000c1c       0x14 build/cc26x0-cc13x0//launchpad/cc2650//obj/lpm.o
                0x00000c1c                lpm_sleep
 .text.lpm_drop
                0x00000c30      0x25c build/cc26x0-cc13x0//launchpad/cc2650//obj/lpm.o
                0x00000c30                lpm_drop
 .text.lpm_register_module
                0x00000e8c        0xc build/cc26x0-cc13x0//launchpad/cc2650//obj/lpm.o
                0x00000e8c                lpm_register_module
 .text.lpm_unregister_module
                0x00000e98        0xc build/cc26x0-cc13x0//launchpad/cc2650//obj/lpm.o
                0x00000e98                lpm_unregister_module
 .text.lpm_init
                0x00000ea4       0x20 build/cc26x0-cc13x0//launchpad/cc2650//obj/lpm.o
                0x00000ea4                lpm_init
 .text.lpm_pin_set_default_state
                0x00000ec4       0x2c build/cc26x0-cc13x0//launchpad/cc2650//obj/lpm.o
                0x00000ec4                lpm_pin_set_default_state
 .text.GPIOIntHandler
                0x00000ef0       0x10 build/cc26x0-cc13x0//launchpad/cc2650//obj/gpio-interrupt.o
                0x00000ef0                GPIOIntHandler
 .text.gpio_hal_arch_pin_cfg_set
                0x00000f00       0x74 build/cc26x0-cc13x0//launchpad/cc2650//obj/gpio-hal-arch.o
                0x00000f00                gpio_hal_arch_pin_cfg_set
 .text.gpio_hal_arch_read_pin
                0x00000f74       0x28 build/cc26x0-cc13x0//launchpad/cc2650//obj/gpio-hal-arch.o
                0x00000f74                gpio_hal_arch_read_pin
 .text.oscillators_select_lf_xosc
                0x00000f9c       0x50 build/cc26x0-cc13x0//launchpad/cc2650//obj/oscillators.o
                0x00000f9c                oscillators_select_lf_xosc
 .text.oscillators_request_hf_xosc
                0x00000fec       0x30 build/cc26x0-cc13x0//launchpad/cc2650//obj/oscillators.o
                0x00000fec                oscillators_request_hf_xosc
 .text.oscillators_switch_to_hf_xosc
                0x0000101c       0x34 build/cc26x0-cc13x0//launchpad/cc2650//obj/oscillators.o
                0x0000101c                oscillators_switch_to_hf_xosc
 .text.oscillators_switch_to_hf_rc
                0x00001050       0x38 build/cc26x0-cc13x0//launchpad/cc2650//obj/oscillators.o
                0x00001050                oscillators_switch_to_hf_rc
 .text.process_thread_rf_core_process
                0x00001088       0x58 build/cc26x0-cc13x0//launchpad/cc2650//obj/rf-core.o
 .text.rf_core_is_accessible
                0x000010e0       0x10 build/cc26x0-cc13x0//launchpad/cc2650//obj/rf-core.o
                0x000010e0                rf_core_is_accessible
 .text.rf_core_send_cmd
                0x000010f0       0xa4 build/cc26x0-cc13x0//launchpad/cc2650//obj/rf-core.o
                0x000010f0                rf_core_send_cmd
 .text.rf_core_wait_cmd_done
                0x00001194       0x30 build/cc26x0-cc13x0//launchpad/cc2650//obj/rf-core.o
                0x00001194                rf_core_wait_cmd_done
 .text.rf_core_power_up
                0x000011c4       0xcc build/cc26x0-cc13x0//launchpad/cc2650//obj/rf-core.o
                0x000011c4                rf_core_power_up
 .text.rf_core_start_rat
                0x00001290       0x70 build/cc26x0-cc13x0//launchpad/cc2650//obj/rf-core.o
                0x00001290                rf_core_start_rat
 .text.rf_core_stop_rat
                0x00001300       0x88 build/cc26x0-cc13x0//launchpad/cc2650//obj/rf-core.o
                0x00001300                rf_core_stop_rat
 .text.rf_core_power_down
                0x00001388       0xf4 build/cc26x0-cc13x0//launchpad/cc2650//obj/rf-core.o
                0x00001388                rf_core_power_down
 .text.rf_core_set_modesel
                0x0000147c       0x44 build/cc26x0-cc13x0//launchpad/cc2650//obj/rf-core.o
                0x0000147c                rf_core_set_modesel
 .text.rf_core_boot
                0x000014c0       0x1c build/cc26x0-cc13x0//launchpad/cc2650//obj/rf-core.o
                0x000014c0                rf_core_boot
 .text.rf_core_restart_rat
                0x000014dc       0x18 build/cc26x0-cc13x0//launchpad/cc2650//obj/rf-core.o
                0x000014dc                rf_core_restart_rat
 .text.rf_core_setup_interrupts
                0x000014f4       0x80 build/cc26x0-cc13x0//launchpad/cc2650//obj/rf-core.o
                0x000014f4                rf_core_setup_interrupts
 .text.rf_core_cmd_done_en
                0x00001574       0x3c build/cc26x0-cc13x0//launchpad/cc2650//obj/rf-core.o
                0x00001574                rf_core_cmd_done_en
 .text.rf_core_cmd_done_dis
                0x000015b0       0x20 build/cc26x0-cc13x0//launchpad/cc2650//obj/rf-core.o
                0x000015b0                rf_core_cmd_done_dis
 .text.rf_core_get_last_radio_op
                0x000015d0        0xc build/cc26x0-cc13x0//launchpad/cc2650//obj/rf-core.o
                0x000015d0                rf_core_get_last_radio_op
 .text.rf_core_init_radio_op
                0x000015dc       0x20 build/cc26x0-cc13x0//launchpad/cc2650//obj/rf-core.o
                0x000015dc                rf_core_init_radio_op
 .text.rf_core_primary_mode_register
                0x000015fc        0xc build/cc26x0-cc13x0//launchpad/cc2650//obj/rf-core.o
                0x000015fc                rf_core_primary_mode_register
 .text.rf_core_rat_init
                0x00001608       0x2c build/cc26x0-cc13x0//launchpad/cc2650//obj/rf-core.o
                0x00001608                rf_core_rat_init
 .text.rf_core_check_rat_overflow
                0x00001634       0x70 build/cc26x0-cc13x0//launchpad/cc2650//obj/rf-core.o
                0x00001634                rf_core_check_rat_overflow
 .text.rat_overflow_check_timer_cb
                0x000016a4       0x60 build/cc26x0-cc13x0//launchpad/cc2650//obj/rf-core.o
 .text.rf_core_convert_rat_to_rtimer
                0x00001704       0xa0 build/cc26x0-cc13x0//launchpad/cc2650//obj/rf-core.o
                0x00001704                rf_core_convert_rat_to_rtimer
 .text.RFCCPE1IntHandler
                0x000017a4       0x54 build/cc26x0-cc13x0//launchpad/cc2650//obj/rf-core.o
                0x000017a4                RFCCPE1IntHandler
 .text.RFCCPE0IntHandler
                0x000017f8       0x5c build/cc26x0-cc13x0//launchpad/cc2650//obj/rf-core.o
                0x000017f8                RFCCPE0IntHandler
 .text.rf_ble_is_active
                0x00001854        0xc build/cc26x0-cc13x0//launchpad/cc2650//obj/rf-ble.o
                0x00001854                rf_ble_is_active
 .text.rf_is_on
                0x00001860       0x1c build/cc26x0-cc13x0//launchpad/cc2650//obj/ieee-mode.o
 .text.request  0x0000187c       0x20 build/cc26x0-cc13x0//launchpad/cc2650//obj/ieee-mode.o
 .text.rx_on    0x0000189c       0x60 build/cc26x0-cc13x0//launchpad/cc2650//obj/ieee-mode.o
 .text.prepare  0x000018fc       0x1c build/cc26x0-cc13x0//launchpad/cc2650//obj/ieee-mode.o
 .text.rf_radio_setup
                0x00001918       0x64 build/cc26x0-cc13x0//launchpad/cc2650//obj/ieee-mode.o
 .text.soft_on  0x0000197c       0x18 build/cc26x0-cc13x0//launchpad/cc2650//obj/ieee-mode.o
 .text.pending_packet
                0x00001994       0x48 build/cc26x0-cc13x0//launchpad/cc2650//obj/ieee-mode.o
 .text.soft_off
                0x000019dc       0x44 build/cc26x0-cc13x0//launchpad/cc2650//obj/ieee-mode.o
 .text.get_object
                0x00001a20       0x4c build/cc26x0-cc13x0//launchpad/cc2650//obj/ieee-mode.o
 .text.transmitting
                0x00001a6c       0x54 build/cc26x0-cc13x0//launchpad/cc2650//obj/ieee-mode.o
 .text.rx_off   0x00001ac0       0x84 build/cc26x0-cc13x0//launchpad/cc2650//obj/ieee-mode.o
 .text.set_object
                0x00001b44       0x60 build/cc26x0-cc13x0//launchpad/cc2650//obj/ieee-mode.o
 .text.get_cca_info
                0x00001ba4       0x60 build/cc26x0-cc13x0//launchpad/cc2650//obj/ieee-mode.o
 .text.receiving_packet
                0x00001c04       0x34 build/cc26x0-cc13x0//launchpad/cc2650//obj/ieee-mode.o
 .text.off      0x00001c38       0x84 build/cc26x0-cc13x0//launchpad/cc2650//obj/ieee-mode.o
 .text.on       0x00001cbc       0x9c build/cc26x0-cc13x0//launchpad/cc2650//obj/ieee-mode.o
 .text.set_value
                0x00001d58      0x17c build/cc26x0-cc13x0//launchpad/cc2650//obj/ieee-mode.o
 .text.get_value
                0x00001ed4      0x1b8 build/cc26x0-cc13x0//launchpad/cc2650//obj/ieee-mode.o
 .text.transmit
                0x0000208c       0xdc build/cc26x0-cc13x0//launchpad/cc2650//obj/ieee-mode.o
 .text.send     0x00002168       0x24 build/cc26x0-cc13x0//launchpad/cc2650//obj/ieee-mode.o
 .text.channel_clear
                0x0000218c       0x80 build/cc26x0-cc13x0//launchpad/cc2650//obj/ieee-mode.o
 .text.read_frame
                0x0000220c       0xe8 build/cc26x0-cc13x0//launchpad/cc2650//obj/ieee-mode.o
 .text.init     0x000022f4      0x160 build/cc26x0-cc13x0//launchpad/cc2650//obj/ieee-mode.o
 .text.random_rand
                0x00002454        0xc build/cc26x0-cc13x0//launchpad/cc2650//obj/random.o
                0x00002454                random_rand
 .text.random_init
                0x00002460        0x4 build/cc26x0-cc13x0//launchpad/cc2650//obj/random.o
                0x00002460                random_init
 .text.power_up
                0x00002464       0x40 build/cc26x0-cc13x0//launchpad/cc2650//obj/soc-trng.o
 .text.request  0x000024a4       0x14 build/cc26x0-cc13x0//launchpad/cc2650//obj/soc-trng.o
 .text.process_thread_soc_trng_process
                0x000024b8       0x94 build/cc26x0-cc13x0//launchpad/cc2650//obj/soc-trng.o
 .text.accessible
                0x0000254c       0x24 build/cc26x0-cc13x0//launchpad/cc2650//obj/soc-trng.o
 .text.soc_trng_rand_synchronous
                0x00002570       0xc4 build/cc26x0-cc13x0//launchpad/cc2650//obj/soc-trng.o
                0x00002570                soc_trng_rand_synchronous
 .text.TRNGIntHandler
                0x00002634       0x50 build/cc26x0-cc13x0//launchpad/cc2650//obj/soc-trng.o
                0x00002634                TRNGIntHandler
 .text.soc_trng_init
                0x00002684       0x28 build/cc26x0-cc13x0//launchpad/cc2650//obj/soc-trng.o
                0x00002684                soc_trng_init
 .text.int_master_read_and_disable
                0x000026ac       0x10 build/cc26x0-cc13x0//launchpad/cc2650//obj/int-master.o
                0x000026ac                int_master_read_and_disable
 .text.int_master_status_set
                0x000026bc        0x8 build/cc26x0-cc13x0//launchpad/cc2650//obj/int-master.o
                0x000026bc                int_master_status_set
 .text.spi_arch_has_lock
                0x000026c4       0x18 build/cc26x0-cc13x0//launchpad/cc2650//obj/spi-arch.o
                0x000026c4                spi_arch_has_lock
 .text.spi_arch_lock_and_open
                0x000026dc      0x140 build/cc26x0-cc13x0//launchpad/cc2650//obj/spi-arch.o
                0x000026dc                spi_arch_lock_and_open
 .text.spi_arch_close_and_unlock
                0x0000281c       0xa0 build/cc26x0-cc13x0//launchpad/cc2650//obj/spi-arch.o
                0x0000281c                spi_arch_close_and_unlock
 .text.spi_arch_transfer
                0x000028bc       0xec build/cc26x0-cc13x0//launchpad/cc2650//obj/spi-arch.o
                0x000028bc                spi_arch_transfer
 .text.startup.main
                0x000029a8      0x190 build/cc26x0-cc13x0//launchpad/cc2650//obj/contiki-main.o
                0x000029a8                main
 .text.autostart_start
                0x00002b38       0x18 build/cc26x0-cc13x0//launchpad/cc2650//obj/autostart.o
                0x00002b38                autostart_start
 .text.process_thread_ctimer_process
                0x00002b50       0x94 build/cc26x0-cc13x0//launchpad/cc2650//obj/ctimer.o
 .text.ctimer_init
                0x00002be4       0x28 build/cc26x0-cc13x0//launchpad/cc2650//obj/ctimer.o
                0x00002be4                ctimer_init
 .text.ctimer_set_with_process
                0x00002c0c       0x4c build/cc26x0-cc13x0//launchpad/cc2650//obj/ctimer.o
                0x00002c0c                ctimer_set_with_process
 .text.ctimer_set
                0x00002c58       0x18 build/cc26x0-cc13x0//launchpad/cc2650//obj/ctimer.o
                0x00002c58                ctimer_set
 .text.ctimer_stop
                0x00002c70       0x34 build/cc26x0-cc13x0//launchpad/cc2650//obj/ctimer.o
                0x00002c70                ctimer_stop
 .text.ctimer_expired
                0x00002ca4       0x38 build/cc26x0-cc13x0//launchpad/cc2650//obj/ctimer.o
                0x00002ca4                ctimer_expired
 .text.energest_init
                0x00002cdc        0x4 build/cc26x0-cc13x0//launchpad/cc2650//obj/energest.o
                0x00002cdc                energest_init
 .text.update_time
                0x00002ce0       0x44 build/cc26x0-cc13x0//launchpad/cc2650//obj/etimer.o
 .text.process_thread_etimer_process
                0x00002d24       0xc8 build/cc26x0-cc13x0//launchpad/cc2650//obj/etimer.o
 .text.add_timer
                0x00002dec       0x54 build/cc26x0-cc13x0//launchpad/cc2650//obj/etimer.o
 .text.etimer_request_poll
                0x00002e40        0xc build/cc26x0-cc13x0//launchpad/cc2650//obj/etimer.o
                0x00002e40                etimer_request_poll
 .text.etimer_set
                0x00002e4c       0x14 build/cc26x0-cc13x0//launchpad/cc2650//obj/etimer.o
                0x00002e4c                etimer_set
 .text.etimer_reset
                0x00002e60       0x14 build/cc26x0-cc13x0//launchpad/cc2650//obj/etimer.o
                0x00002e60                etimer_reset
 .text.etimer_expired
                0x00002e74        0xc build/cc26x0-cc13x0//launchpad/cc2650//obj/etimer.o
                0x00002e74                etimer_expired
 .text.etimer_pending
                0x00002e80       0x10 build/cc26x0-cc13x0//launchpad/cc2650//obj/etimer.o
                0x00002e80                etimer_pending
 .text.etimer_next_expiration_time
                0x00002e90       0x14 build/cc26x0-cc13x0//launchpad/cc2650//obj/etimer.o
                0x00002e90                etimer_next_expiration_time
 .text.etimer_stop
                0x00002ea4       0x4c build/cc26x0-cc13x0//launchpad/cc2650//obj/etimer.o
                0x00002ea4                etimer_stop
 .text.log_lladdr
                0x00002ef0       0x54 build/cc26x0-cc13x0//launchpad/cc2650//obj/log.o
                0x00002ef0                log_lladdr
 .text.exit_process
                0x00002f44       0xb0 build/cc26x0-cc13x0//launchpad/cc2650//obj/process.o
 .text.call_process.part.0
                0x00002ff4       0x38 build/cc26x0-cc13x0//launchpad/cc2650//obj/process.o
 .text.do_poll  0x0000302c       0x3c build/cc26x0-cc13x0//launchpad/cc2650//obj/process.o
 .text.process_alloc_event
                0x00003068       0x10 build/cc26x0-cc13x0//launchpad/cc2650//obj/process.o
                0x00003068                process_alloc_event
 .text.process_init
                0x00003078       0x34 build/cc26x0-cc13x0//launchpad/cc2650//obj/process.o
                0x00003078                process_init
 .text.process_run
                0x000030ac       0xac build/cc26x0-cc13x0//launchpad/cc2650//obj/process.o
                0x000030ac                process_run
 .text.process_nevents
                0x00003158       0x14 build/cc26x0-cc13x0//launchpad/cc2650//obj/process.o
                0x00003158                process_nevents
 .text.process_post
                0x0000316c       0x40 build/cc26x0-cc13x0//launchpad/cc2650//obj/process.o
                0x0000316c                process_post
 .text.process_post_synch
                0x000031ac       0x18 build/cc26x0-cc13x0//launchpad/cc2650//obj/process.o
                0x000031ac                process_post_synch
 .text.process_start
                0x000031c4       0x40 build/cc26x0-cc13x0//launchpad/cc2650//obj/process.o
                0x000031c4                process_start
 .text.process_poll
                0x00003204       0x18 build/cc26x0-cc13x0//launchpad/cc2650//obj/process.o
                0x00003204                process_poll
 .text.rtimer_init
                0x0000321c        0x4 build/cc26x0-cc13x0//launchpad/cc2650//obj/rtimer.o
                0x0000321c                rtimer_init
 .text.rtimer_run_next
                0x00003220       0x28 build/cc26x0-cc13x0//launchpad/cc2650//obj/rtimer.o
                0x00003220                rtimer_run_next
 .text.node_id_init
                0x00003248       0x18 build/cc26x0-cc13x0//launchpad/cc2650//obj/node-id.o
                0x00003248                node_id_init
 .text.timer_set
                0x00003260       0x10 build/cc26x0-cc13x0//launchpad/cc2650//obj/timer.o
                0x00003260                timer_set
 .text.timer_reset
                0x00003270       0x1c build/cc26x0-cc13x0//launchpad/cc2650//obj/timer.o
                0x00003270                timer_reset
 .text.timer_expired
                0x0000328c       0x1c build/cc26x0-cc13x0//launchpad/cc2650//obj/timer.o
                0x0000328c                timer_expired
 .text.stack_check_init
                0x000032a8       0x3c build/cc26x0-cc13x0//launchpad/cc2650//obj/stack-check.o
                0x000032a8                stack_check_init
 .text.stack_check_get_usage
                0x000032e4       0x58 build/cc26x0-cc13x0//launchpad/cc2650//obj/stack-check.o
                0x000032e4                stack_check_get_usage
 .text.process_thread_stack_check_process
                0x0000333c       0x90 build/cc26x0-cc13x0//launchpad/cc2650//obj/stack-check.o
 .text.duration_exceeded_callback
                0x000033cc       0x34 build/cc26x0-cc13x0//launchpad/cc2650//obj/button-hal.o
 .text.process_thread_button_hal_process
                0x00003400       0x7c build/cc26x0-cc13x0//launchpad/cc2650//obj/button-hal.o
 .text.press_release_handler
                0x0000347c       0x18 build/cc26x0-cc13x0//launchpad/cc2650//obj/button-hal.o
 .text.button_hal_get_state
                0x00003494       0x24 build/cc26x0-cc13x0//launchpad/cc2650//obj/button-hal.o
                0x00003494                button_hal_get_state
 .text.debounce_handler
                0x000034b8       0x68 build/cc26x0-cc13x0//launchpad/cc2650//obj/button-hal.o
 .text.button_hal_init
                0x00003520       0xc0 build/cc26x0-cc13x0//launchpad/cc2650//obj/button-hal.o
                0x00003520                button_hal_init
 .text.process_thread_serial_line_process
                0x000035e0       0xac build/cc26x0-cc13x0//launchpad/cc2650//obj/serial-line.o
 .text.serial_line_init
                0x0000368c       0x24 build/cc26x0-cc13x0//launchpad/cc2650//obj/serial-line.o
                0x0000368c                serial_line_init
 .text.spi_acquire
                0x000036b0       0x10 build/cc26x0-cc13x0//launchpad/cc2650//obj/spi.o
                0x000036b0                spi_acquire
 .text.spi_release
                0x000036c0       0x10 build/cc26x0-cc13x0//launchpad/cc2650//obj/spi.o
                0x000036c0                spi_release
 .text.spi_select
                0x000036d0       0x20 build/cc26x0-cc13x0//launchpad/cc2650//obj/spi.o
                0x000036d0                spi_select
 .text.spi_deselect
                0x000036f0       0x14 build/cc26x0-cc13x0//launchpad/cc2650//obj/spi.o
                0x000036f0                spi_deselect
 .text.spi_write_byte
                0x00003704       0x38 build/cc26x0-cc13x0//launchpad/cc2650//obj/spi.o
                0x00003704                spi_write_byte
 .text.spi_write
                0x0000373c       0x3c build/cc26x0-cc13x0//launchpad/cc2650//obj/spi.o
                0x0000373c                spi_write
 .text.spi_read
                0x00003778       0x3c build/cc26x0-cc13x0//launchpad/cc2650//obj/spi.o
                0x00003778                spi_read
 .text.leds_on  0x000037b4       0x48 build/cc26x0-cc13x0//launchpad/cc2650//obj/leds.o
                0x000037b4                leds_on
 .text.leds_off
                0x000037fc       0x48 build/cc26x0-cc13x0//launchpad/cc2650//obj/leds.o
                0x000037fc                leds_off
 .text.leds_init
                0x00003844       0x28 build/cc26x0-cc13x0//launchpad/cc2650//obj/leds.o
                0x00003844                leds_init
 .text.leds_toggle
                0x0000386c       0x2c build/cc26x0-cc13x0//launchpad/cc2650//obj/leds.o
                0x0000386c                leds_toggle
 .text.leds_get
                0x00003898       0x40 build/cc26x0-cc13x0//launchpad/cc2650//obj/leds.o
                0x00003898                leds_get
 .text.gpio_hal_register_handler
                0x000038d8        0xc build/cc26x0-cc13x0//launchpad/cc2650//obj/gpio-hal.o
                0x000038d8                gpio_hal_register_handler
 .text.gpio_hal_event_handler
                0x000038e4       0x28 build/cc26x0-cc13x0//launchpad/cc2650//obj/gpio-hal.o
                0x000038e4                gpio_hal_event_handler
 .text.gpio_hal_init
                0x0000390c        0xc build/cc26x0-cc13x0//launchpad/cc2650//obj/gpio-hal.o
                0x0000390c                gpio_hal_init
 .text.ringbuf_init
                0x00003918       0x10 build/cc26x0-cc13x0//launchpad/cc2650//obj/ringbuf.o
                0x00003918                ringbuf_init
 .text.ringbuf_get
                0x00003928       0x28 build/cc26x0-cc13x0//launchpad/cc2650//obj/ringbuf.o
                0x00003928                ringbuf_get
 .text.list_init
                0x00003950        0x8 build/cc26x0-cc13x0//launchpad/cc2650//obj/list.o
                0x00003950                list_init
 .text.list_head
                0x00003958        0x4 build/cc26x0-cc13x0//launchpad/cc2650//obj/list.o
                0x00003958                list_head
 .text.list_add
                0x0000395c       0x48 build/cc26x0-cc13x0//launchpad/cc2650//obj/list.o
                0x0000395c                list_add
 .text.list_remove
                0x000039a4       0x2c build/cc26x0-cc13x0//launchpad/cc2650//obj/list.o
                0x000039a4                list_remove
 .text.list_length
                0x000039d0       0x14 build/cc26x0-cc13x0//launchpad/cc2650//obj/list.o
                0x000039d0                list_length
 .text.list_item_next
                0x000039e4        0x8 build/cc26x0-cc13x0//launchpad/cc2650//obj/list.o
                0x000039e4                list_item_next
 .text.memb_init
                0x000039ec       0x24 build/cc26x0-cc13x0//launchpad/cc2650//obj/memb.o
                0x000039ec                memb_init
 .text.memb_alloc
                0x00003a10       0x3c build/cc26x0-cc13x0//launchpad/cc2650//obj/memb.o
                0x00003a10                memb_alloc
 .text.memb_free
                0x00003a4c       0x44 build/cc26x0-cc13x0//launchpad/cc2650//obj/memb.o
                0x00003a4c                memb_free
 .text.memb_inmemb
                0x00003a90       0x1c build/cc26x0-cc13x0//launchpad/cc2650//obj/memb.o
                0x00003a90                memb_inmemb
 .text.queuebuf_init
                0x00003aac       0x1c build/cc26x0-cc13x0//launchpad/cc2650//obj/queuebuf.o
                0x00003aac                queuebuf_init
 .text.queuebuf_new_from_packetbuf
                0x00003ac8       0x48 build/cc26x0-cc13x0//launchpad/cc2650//obj/queuebuf.o
                0x00003ac8                queuebuf_new_from_packetbuf
 .text.queuebuf_update_attr_from_packetbuf
                0x00003b10        0xc build/cc26x0-cc13x0//launchpad/cc2650//obj/queuebuf.o
                0x00003b10                queuebuf_update_attr_from_packetbuf
 .text.queuebuf_free
                0x00003b1c       0x2c build/cc26x0-cc13x0//launchpad/cc2650//obj/queuebuf.o
                0x00003b1c                queuebuf_free
 .text.queuebuf_to_packetbuf
                0x00003b48       0x30 build/cc26x0-cc13x0//launchpad/cc2650//obj/queuebuf.o
                0x00003b48                queuebuf_to_packetbuf
 .text.packetbuf_copyto
                0x00003b78       0x4c build/cc26x0-cc13x0//launchpad/cc2650//obj/packetbuf.o
                0x00003b78                packetbuf_copyto
 .text.packetbuf_hdralloc
                0x00003bc4       0x58 build/cc26x0-cc13x0//launchpad/cc2650//obj/packetbuf.o
                0x00003bc4                packetbuf_hdralloc
 .text.packetbuf_hdrreduce
                0x00003c1c       0x2c build/cc26x0-cc13x0//launchpad/cc2650//obj/packetbuf.o
                0x00003c1c                packetbuf_hdrreduce
 .text.packetbuf_set_datalen
                0x00003c48        0xc build/cc26x0-cc13x0//launchpad/cc2650//obj/packetbuf.o
                0x00003c48                packetbuf_set_datalen
 .text.packetbuf_dataptr
                0x00003c54       0x20 build/cc26x0-cc13x0//launchpad/cc2650//obj/packetbuf.o
                0x00003c54                packetbuf_dataptr
 .text.packetbuf_hdrptr
                0x00003c74        0x8 build/cc26x0-cc13x0//launchpad/cc2650//obj/packetbuf.o
                0x00003c74                packetbuf_hdrptr
 .text.packetbuf_datalen
                0x00003c7c        0xc build/cc26x0-cc13x0//launchpad/cc2650//obj/packetbuf.o
                0x00003c7c                packetbuf_datalen
 .text.packetbuf_totlen
                0x00003c88       0x24 build/cc26x0-cc13x0//launchpad/cc2650//obj/packetbuf.o
                0x00003c88                packetbuf_totlen
 .text.packetbuf_attr_clear
                0x00003cac       0x34 build/cc26x0-cc13x0//launchpad/cc2650//obj/packetbuf.o
                0x00003cac                packetbuf_attr_clear
 .text.packetbuf_clear
                0x00003ce0       0x20 build/cc26x0-cc13x0//launchpad/cc2650//obj/packetbuf.o
                0x00003ce0                packetbuf_clear
 .text.packetbuf_copyfrom
                0x00003d00       0x40 build/cc26x0-cc13x0//launchpad/cc2650//obj/packetbuf.o
                0x00003d00                packetbuf_copyfrom
 .text.packetbuf_attr_copyto
                0x00003d40       0x24 build/cc26x0-cc13x0//launchpad/cc2650//obj/packetbuf.o
                0x00003d40                packetbuf_attr_copyto
 .text.packetbuf_attr_copyfrom
                0x00003d64       0x28 build/cc26x0-cc13x0//launchpad/cc2650//obj/packetbuf.o
                0x00003d64                packetbuf_attr_copyfrom
 .text.packetbuf_set_attr
                0x00003d8c       0x10 build/cc26x0-cc13x0//launchpad/cc2650//obj/packetbuf.o
                0x00003d8c                packetbuf_set_attr
 .text.packetbuf_attr
                0x00003d9c        0xc build/cc26x0-cc13x0//launchpad/cc2650//obj/packetbuf.o
                0x00003d9c                packetbuf_attr
 .text.packetbuf_set_addr
                0x00003da8       0x18 build/cc26x0-cc13x0//launchpad/cc2650//obj/packetbuf.o
                0x00003da8                packetbuf_set_addr
 .text.packetbuf_addr
                0x00003dc0       0x10 build/cc26x0-cc13x0//launchpad/cc2650//obj/packetbuf.o
                0x00003dc0                packetbuf_addr
 .text.packetbuf_holds_broadcast
                0x00003dd0       0x10 build/cc26x0-cc13x0//launchpad/cc2650//obj/packetbuf.o
                0x00003dd0                packetbuf_holds_broadcast
 .text.netstack_init
                0x00003de0       0x24 build/cc26x0-cc13x0//launchpad/cc2650//obj/netstack.o
                0x00003de0                netstack_init
 .text.linkaddr_copy
                0x00003e04        0x8 build/cc26x0-cc13x0//launchpad/cc2650//obj/linkaddr.o
                0x00003e04                linkaddr_copy
 .text.linkaddr_cmp
                0x00003e0c       0x10 build/cc26x0-cc13x0//launchpad/cc2650//obj/linkaddr.o
                0x00003e0c                linkaddr_cmp
 .text.mac_sequence_is_duplicate
                0x00003e1c       0x4c build/cc26x0-cc13x0//launchpad/cc2650//obj/mac-sequence.o
                0x00003e1c                mac_sequence_is_duplicate
 .text.mac_sequence_register_seqno
                0x00003e68       0x70 build/cc26x0-cc13x0//launchpad/cc2650//obj/mac-sequence.o
                0x00003e68                mac_sequence_register_seqno
 .text.mac_call_sent_callback
                0x00003ed8       0x10 build/cc26x0-cc13x0//launchpad/cc2650//obj/mac.o
                0x00003ed8                mac_call_sent_callback
 .text.parse    0x00003ee8       0xa0 build/cc26x0-cc13x0//launchpad/cc2650//obj/framer-802154.o
 .text.framer_802154_setup_params
                0x00003f88       0x80 build/cc26x0-cc13x0//launchpad/cc2650//obj/framer-802154.o
                0x00003f88                framer_802154_setup_params
 .text.create_frame
                0x00004008       0xe0 build/cc26x0-cc13x0//launchpad/cc2650//obj/framer-802154.o
 .text.create   0x000040e8        0x8 build/cc26x0-cc13x0//launchpad/cc2650//obj/framer-802154.o
 .text.hdr_length
                0x000040f0        0x8 build/cc26x0-cc13x0//launchpad/cc2650//obj/framer-802154.o
 .text.frame802154_get_pan_id
                0x000040f8        0xc build/cc26x0-cc13x0//launchpad/cc2650//obj/frame802154.o
                0x000040f8                frame802154_get_pan_id
 .text.frame802154_has_panid
                0x00004104       0xb8 build/cc26x0-cc13x0//launchpad/cc2650//obj/frame802154.o
                0x00004104                frame802154_has_panid
 .text.field_len
                0x000041bc       0x8c build/cc26x0-cc13x0//launchpad/cc2650//obj/frame802154.o
 .text.frame802154_is_broadcast_addr
                0x00004248       0x20 build/cc26x0-cc13x0//launchpad/cc2650//obj/frame802154.o
                0x00004248                frame802154_is_broadcast_addr
 .text.frame802154_hdrlen
                0x00004268       0x34 build/cc26x0-cc13x0//launchpad/cc2650//obj/frame802154.o
                0x00004268                frame802154_hdrlen
 .text.frame802154_create_fcf
                0x0000429c       0x64 build/cc26x0-cc13x0//launchpad/cc2650//obj/frame802154.o
                0x0000429c                frame802154_create_fcf
 .text.frame802154_create
                0x00004300       0xb8 build/cc26x0-cc13x0//launchpad/cc2650//obj/frame802154.o
                0x00004300                frame802154_create
 .text.frame802154_parse_fcf
                0x000043b8       0x68 build/cc26x0-cc13x0//launchpad/cc2650//obj/frame802154.o
                0x000043b8                frame802154_parse_fcf
 .text.frame802154_parse
                0x00004420      0x134 build/cc26x0-cc13x0//launchpad/cc2650//obj/frame802154.o
                0x00004420                frame802154_parse
 .text.verify_part
                0x00004554       0x74 build/cc26x0-cc13x0//launchpad/cc2650//obj/ext-flash.o
 .text.wait_ready
                0x000045c8       0x50 build/cc26x0-cc13x0//launchpad/cc2650//obj/ext-flash.o
 .text.ext_flash_open
                0x00004618       0x68 build/cc26x0-cc13x0//launchpad/cc2650//obj/ext-flash.o
                0x00004618                ext_flash_open
 .text.ext_flash_close
                0x00004680       0x64 build/cc26x0-cc13x0//launchpad/cc2650//obj/ext-flash.o
                0x00004680                ext_flash_close
 .text.ext_flash_init
                0x000046e4       0x18 build/cc26x0-cc13x0//launchpad/cc2650//obj/ext-flash.o
                0x000046e4                ext_flash_init
 .text.TrimAfterColdResetWakeupFromShutDown
                0x000046fc       0xe4 build/cc26x0-cc13x0//launchpad/cc2650//obj/setup.o
 .text.NOROM_SetupTrimDevice
                0x000047e0       0xa4 build/cc26x0-cc13x0//launchpad/cc2650//obj/setup.o
                0x000047e0                NOROM_SetupTrimDevice
 .text.NOROM_SetupGetTrimForXoscHfCtl.part.3
                0x00004884       0x20 build/cc26x0-cc13x0//launchpad/cc2650//obj/setup_rom.o
 .text.NOROM_SetupGetTrimForRadcExtCfg.part.4
                0x000048a4       0x20 build/cc26x0-cc13x0//launchpad/cc2650//obj/setup_rom.o
 .text.NOROM_SetupAfterColdResetWakeupFromShutDownCfg1
                0x000048c4       0x7c build/cc26x0-cc13x0//launchpad/cc2650//obj/setup_rom.o
                0x000048c4                NOROM_SetupAfterColdResetWakeupFromShutDownCfg1
 .text.NOROM_SetupAfterColdResetWakeupFromShutDownCfg3
                0x00004940      0x194 build/cc26x0-cc13x0//launchpad/cc2650//obj/setup_rom.o
                0x00004940                NOROM_SetupAfterColdResetWakeupFromShutDownCfg3
 .text.NOROM_SetupGetTrimForAnabypassValue1
                0x00004ad4       0x64 build/cc26x0-cc13x0//launchpad/cc2650//obj/setup_rom.o
                0x00004ad4                NOROM_SetupGetTrimForAnabypassValue1
 .text.NOROM_SetupGetTrimForAmpcompCtrl
                0x00004b38       0x74 build/cc26x0-cc13x0//launchpad/cc2650//obj/setup_rom.o
                0x00004b38                NOROM_SetupGetTrimForAmpcompCtrl
 .text.NOROM_SetupAfterColdResetWakeupFromShutDownCfg2
                0x00004bac      0x194 build/cc26x0-cc13x0//launchpad/cc2650//obj/setup_rom.o
                0x00004bac                NOROM_SetupAfterColdResetWakeupFromShutDownCfg2
 .text.NOROM_SetupSetCacheModeAccordingToCcfgSetting
                0x00004d40       0x6c build/cc26x0-cc13x0//launchpad/cc2650//obj/setup_rom.o
                0x00004d40                NOROM_SetupSetCacheModeAccordingToCcfgSetting
 .text.NOROM_DDI32RegWrite
                0x00004dac       0x34 build/cc26x0-cc13x0//launchpad/cc2650//obj/ddi.o
                0x00004dac                NOROM_DDI32RegWrite
 .text.NOROM_DDI16BitfieldWrite
                0x00004de0       0x4c build/cc26x0-cc13x0//launchpad/cc2650//obj/ddi.o
                0x00004de0                NOROM_DDI16BitfieldWrite
 .text.NOROM_DDI16BitfieldRead
                0x00004e2c       0x48 build/cc26x0-cc13x0//launchpad/cc2650//obj/ddi.o
                0x00004e2c                NOROM_DDI16BitfieldRead
 .text.NOROM_CPUcpsid
                0x00004e74        0x8 build/cc26x0-cc13x0//launchpad/cc2650//obj/cpu.o
                0x00004e74                NOROM_CPUcpsid
 .text.NOROM_CPUcpsie
                0x00004e7c        0x8 build/cc26x0-cc13x0//launchpad/cc2650//obj/cpu.o
                0x00004e7c                NOROM_CPUcpsie
 .text.SafeHapiVoid
                0x00004e84       0x2c build/cc26x0-cc13x0//launchpad/cc2650//obj/adi.o
                0x00004e84                SafeHapiVoid
 .text.NOROM_TRNGConfigure
                0x00004eb0       0x38 build/cc26x0-cc13x0//launchpad/cc2650//obj/trng.o
                0x00004eb0                NOROM_TRNGConfigure
 .text.NOROM_SysCtrlSetRechargeBeforePowerDown
                0x00004ee8      0x274 build/cc26x0-cc13x0//launchpad/cc2650//obj/sys_ctrl.o
                0x00004ee8                NOROM_SysCtrlSetRechargeBeforePowerDown
 .text.NOROM_SysCtrlAdjustRechargeAfterPowerDown
                0x0000515c       0x64 build/cc26x0-cc13x0//launchpad/cc2650//obj/sys_ctrl.o
                0x0000515c                NOROM_SysCtrlAdjustRechargeAfterPowerDown
 .text.NOROM_SysCtrl_DCDC_VoltageConditionalControl
                0x000051c0       0x7c build/cc26x0-cc13x0//launchpad/cc2650//obj/sys_ctrl.o
                0x000051c0                NOROM_SysCtrl_DCDC_VoltageConditionalControl
 .text.NOROM_OSCClockSourceSet
                0x0000523c       0x50 build/cc26x0-cc13x0//launchpad/cc2650//obj/osc.o
                0x0000523c                NOROM_OSCClockSourceSet
 .text.NOROM_OSCClockSourceGet
                0x0000528c       0x24 build/cc26x0-cc13x0//launchpad/cc2650//obj/osc.o
                0x0000528c                NOROM_OSCClockSourceGet
 .text.NOROM_PowerCtrlSourceSet
                0x000052b0       0x30 build/cc26x0-cc13x0//launchpad/cc2650//obj/pwr_ctrl.o
                0x000052b0                NOROM_PowerCtrlSourceSet
 .text.NOROM_AONBatMonTemperatureGetDegC
                0x000052e0       0x30 build/cc26x0-cc13x0//launchpad/cc2650//obj/aon_batmon.o
                0x000052e0                NOROM_AONBatMonTemperatureGetDegC
 .text.NOROM_AONRTCCurrentCompareValueGet
                0x00005310       0x24 build/cc26x0-cc13x0//launchpad/cc2650//obj/aon_rtc.o
                0x00005310                NOROM_AONRTCCurrentCompareValueGet
 .text.NOROM_ChipInfo_GetChipFamily
                0x00005334       0x50 build/cc26x0-cc13x0//launchpad/cc2650//obj/chipinfo.o
                0x00005334                NOROM_ChipInfo_GetChipFamily
 .text.NOROM_ChipInfo_GetChipType
                0x00005384       0x5c build/cc26x0-cc13x0//launchpad/cc2650//obj/chipinfo.o
                0x00005384                NOROM_ChipInfo_GetChipType
 .text.NOROM_ChipInfo_GetHwRevision
                0x000053e0       0x70 build/cc26x0-cc13x0//launchpad/cc2650//obj/chipinfo.o
                0x000053e0                NOROM_ChipInfo_GetHwRevision
 .text.NOROM_ThisCodeIsBuiltForCC26xxHwRev22AndLater_HaltIfViolated
                0x00005450       0x14 build/cc26x0-cc13x0//launchpad/cc2650//obj/chipinfo.o
                0x00005450                NOROM_ThisCodeIsBuiltForCC26xxHwRev22AndLater_HaltIfViolated
 .text.fill_space
                0x00005464       0x3c build/cc26x0-cc13x0//launchpad/cc2650//obj/strformat.o
 .text.format_str_v
                0x000054a0      0x95c build/cc26x0-cc13x0//launchpad/cc2650//obj/strformat.o
                0x000054a0                format_str_v
 .text.write_str
                0x00005dfc       0x14 build/cc26x0-cc13x0//launchpad/cc2650//obj/printf.o
 .text.printf   0x00005e10       0x24 build/cc26x0-cc13x0//launchpad/cc2650//obj/printf.o
                0x00005e10                printf
 .text.csma_security_create_frame
                0x00005e34       0x18 build/cc26x0-cc13x0//launchpad/cc2650//obj/csma-security.o
                0x00005e34                csma_security_create_frame
 .text.csma_security_parse_frame
                0x00005e4c        0xc build/cc26x0-cc13x0//launchpad/cc2650//obj/csma-security.o
                0x00005e4c                csma_security_parse_frame
 .text.on       0x00005e58        0xc build/cc26x0-cc13x0//launchpad/cc2650//obj/csma.o
 .text.off      0x00005e64        0xc build/cc26x0-cc13x0//launchpad/cc2650//obj/csma.o
 .text.max_payload
                0x00005e70       0x18 build/cc26x0-cc13x0//launchpad/cc2650//obj/csma.o
 .text.send_packet
                0x00005e88        0x4 build/cc26x0-cc13x0//launchpad/cc2650//obj/csma.o
 .text.init     0x00005e8c       0x14 build/cc26x0-cc13x0//launchpad/cc2650//obj/csma.o
 .text.input_packet
                0x00005ea0       0x60 build/cc26x0-cc13x0//launchpad/cc2650//obj/csma.o
 .text.schedule_transmission
                0x00005f00       0x38 build/cc26x0-cc13x0//launchpad/cc2650//obj/csma-output.o
 .text.tx_done  0x00005f38       0x94 build/cc26x0-cc13x0//launchpad/cc2650//obj/csma-output.o
 .text.transmit_from_queue
                0x00005fcc      0x1b0 build/cc26x0-cc13x0//launchpad/cc2650//obj/csma-output.o
 .text.csma_output_packet
                0x0000617c      0x15c build/cc26x0-cc13x0//launchpad/cc2650//obj/csma-output.o
                0x0000617c                csma_output_packet
 .text.csma_output_init
                0x000062d8       0x24 build/cc26x0-cc13x0//launchpad/cc2650//obj/csma-output.o
                0x000062d8                csma_output_init
 .text.init     0x000062fc        0xc build/cc26x0-cc13x0//launchpad/cc2650//obj/nullnet.o
 .text.output   0x00006308       0x54 build/cc26x0-cc13x0//launchpad/cc2650//obj/nullnet.o
 .text.input    0x0000635c       0x3c build/cc26x0-cc13x0//launchpad/cc2650//obj/nullnet.o
 .text.init     0x00006398        0x4 build/cc26x0-cc13x0//launchpad/cc2650//obj/nullrouting.o
 .text.root_set_prefix
                0x0000639c        0x4 build/cc26x0-cc13x0//launchpad/cc2650//obj/nullrouting.o
 .text.root_start
                0x000063a0        0x4 build/cc26x0-cc13x0//launchpad/cc2650//obj/nullrouting.o
 .text.node_is_root
                0x000063a4        0x4 build/cc26x0-cc13x0//launchpad/cc2650//obj/nullrouting.o
 .text.get_root_ipaddr
                0x000063a8        0x4 build/cc26x0-cc13x0//launchpad/cc2650//obj/nullrouting.o
 .text.get_sr_node_ipaddr
                0x000063ac        0x4 build/cc26x0-cc13x0//launchpad/cc2650//obj/nullrouting.o
 .text.leave_network
                0x000063b0        0x4 build/cc26x0-cc13x0//launchpad/cc2650//obj/nullrouting.o
 .text.node_has_joined
                0x000063b4        0x4 build/cc26x0-cc13x0//launchpad/cc2650//obj/nullrouting.o
 .text.node_is_reachable
                0x000063b8        0x4 build/cc26x0-cc13x0//launchpad/cc2650//obj/nullrouting.o
 .text.global_repair
                0x000063bc        0x4 build/cc26x0-cc13x0//launchpad/cc2650//obj/nullrouting.o
 .text.local_repair
                0x000063c0        0x4 build/cc26x0-cc13x0//launchpad/cc2650//obj/nullrouting.o
 .text.ext_header_remove
                0x000063c4        0x4 build/cc26x0-cc13x0//launchpad/cc2650//obj/nullrouting.o
 .text.ext_header_update
                0x000063c8        0x4 build/cc26x0-cc13x0//launchpad/cc2650//obj/nullrouting.o
 .text.ext_header_hbh_update
                0x000063cc        0x4 build/cc26x0-cc13x0//launchpad/cc2650//obj/nullrouting.o
 .text.ext_header_srh_update
                0x000063d0        0x4 build/cc26x0-cc13x0//launchpad/cc2650//obj/nullrouting.o
 .text.ext_header_srh_get_next_hop
                0x000063d4        0x4 build/cc26x0-cc13x0//launchpad/cc2650//obj/nullrouting.o
 .text.link_callback
                0x000063d8        0x4 build/cc26x0-cc13x0//launchpad/cc2650//obj/nullrouting.o
 .text.neighbor_state_changed
                0x000063dc        0x4 build/cc26x0-cc13x0//launchpad/cc2650//obj/nullrouting.o
 .text.drop_route
                0x000063e0        0x4 build/cc26x0-cc13x0//launchpad/cc2650//obj/nullrouting.o
 .text.process_thread_oven_process
                0x000063e4       0x94 ovenSara.o
 .text.blink_red_callback
                0x00006478       0x2c ovenSara.o
                0x00006478                blink_red_callback
 .text.end_preparation_callback
                0x000064a4       0x40 ovenSara.o
                0x000064a4                end_preparation_callback
 .text.blink_green_callback
                0x000064e4       0x74 ovenSara.o
                0x000064e4                blink_green_callback
 .text.start_preparation
                0x00006558       0x4c ovenSara.o
                0x00006558                start_preparation
 .text.blink_callback
                0x000065a4       0x38 ovenSara.o
                0x000065a4                blink_callback
 .text          0x000065dc       0x30 /usr/lib/gcc/arm-none-eabi/4.9.3/armv7-m/libgcc.a(_aeabi_uldivmod.o)
                0x000065dc                __aeabi_uldivmod
 .text          0x0000660c       0x60 /usr/lib/gcc/arm-none-eabi/4.9.3/armv7-m/libgcc.a(bpabi.o)
                0x0000660c                __gnu_ldivmod_helper
                0x0000663c                __gnu_uldivmod_helper
 .text          0x0000666c        0x4 /usr/lib/gcc/arm-none-eabi/4.9.3/armv7-m/libgcc.a(_dvmd_tls.o)
                0x0000666c                __aeabi_ldiv0
                0x0000666c                __aeabi_idiv0
 .text          0x00006670      0x2ac /usr/lib/gcc/arm-none-eabi/4.9.3/armv7-m/libgcc.a(_divdi3.o)
                0x00006670                __divdi3
 .text          0x0000691c      0x270 /usr/lib/gcc/arm-none-eabi/4.9.3/armv7-m/libgcc.a(_udivdi3.o)
                0x0000691c                __udivdi3
 .text.memcmp   0x00006b8c       0x64 /usr/lib/gcc/arm-none-eabi/4.9.3/../../../arm-none-eabi/lib/armv7-m/libc.a(lib_a-memcmp.o)
                0x00006b8c                memcmp
 .text          0x00006bf0       0xec /usr/lib/gcc/arm-none-eabi/4.9.3/../../../arm-none-eabi/lib/armv7-m/libc.a(lib_a-memcpy.o)
                0x00006bf0                memcpy
 .text.memset   0x00006cdc       0x9c /usr/lib/gcc/arm-none-eabi/4.9.3/../../../arm-none-eabi/lib/armv7-m/libc.a(lib_a-memset.o)
                0x00006cdc                memset
 *(SORT(.rodata*))
 .rodata.str1.4
                0x00006d78       0x5f build/cc26x0-cc13x0//launchpad/cc2650//obj/platform.o
                                 0x62 (size before relaxing)
 *fill*         0x00006dd7        0x1 00000000
 .rodata.leds_arch_leds
                0x00006dd8        0x4 build/cc26x0-cc13x0//launchpad/cc2650//obj/leds-arch.o
                0x00006dd8                leds_arch_leds
 .rodata        0x00006ddc       0x48 build/cc26x0-cc13x0//launchpad/cc2650//obj/board.o
 .rodata.str1.4
                0x00006e24       0x15 build/cc26x0-cc13x0//launchpad/cc2650//obj/board-buttons.o
 *fill*         0x00006e39        0x3 00000000
 .rodata.str1.4
                0x00006e3c       0x10 build/cc26x0-cc13x0//launchpad/cc2650//obj/batmon-sensor.o
 .rodata.batmon_sensor
                0x00006e4c       0x10 build/cc26x0-cc13x0//launchpad/cc2650//obj/batmon-sensor.o
                0x00006e4c                batmon_sensor
 .rodata.str1.4
                0x00006e5c       0x46 build/cc26x0-cc13x0//launchpad/cc2650//obj/rf-core.o
 *fill*         0x00006ea2        0x2 00000000
 .rodata.ieee_mode_driver
                0x00006ea4       0x38 build/cc26x0-cc13x0//launchpad/cc2650//obj/ieee-mode.o
                0x00006ea4                ieee_mode_driver
 .rodata.output_power
                0x00006edc       0x68 build/cc26x0-cc13x0//launchpad/cc2650//obj/ieee-mode.o
 .rodata.mode_ieee
                0x00006f44       0x10 build/cc26x0-cc13x0//launchpad/cc2650//obj/ieee-mode.o
 .rodata.str1.4
                0x00006f54       0x1b build/cc26x0-cc13x0//launchpad/cc2650//obj/soc-trng.o
 *fill*         0x00006f6f        0x1 00000000
 .rodata.spi_controller
                0x00006f70       0x20 build/cc26x0-cc13x0//launchpad/cc2650//obj/spi-arch.o
 .rodata.str1.4
                0x00006f90       0xc9 build/cc26x0-cc13x0//launchpad/cc2650//obj/contiki-main.o
                                 0xe6 (size before relaxing)
 *fill*         0x00007059        0x3 00000000
 .rodata.str1.4
                0x0000705c        0xf build/cc26x0-cc13x0//launchpad/cc2650//obj/ctimer.o
 *fill*         0x0000706b        0x1 00000000
 .rodata.str1.4
                0x0000706c        0xc build/cc26x0-cc13x0//launchpad/cc2650//obj/etimer.o
 .rodata.str1.4
                0x00007078       0xad build/cc26x0-cc13x0//launchpad/cc2650//obj/log.o
 *fill*         0x00007125        0x3 00000000
 .rodata.str1.4
                0x00007128       0x34 build/cc26x0-cc13x0//launchpad/cc2650//obj/stack-check.o
                                 0x44 (size before relaxing)
 .rodata.str1.4
                0x0000715c       0x13 build/cc26x0-cc13x0//launchpad/cc2650//obj/button-hal.o
 *fill*         0x0000716f        0x1 00000000
 .rodata.str1.4
                0x00007170        0xe build/cc26x0-cc13x0//launchpad/cc2650//obj/serial-line.o
 *fill*         0x0000717e        0x2 00000000
 .rodata.linkaddr_null
                0x00007180        0x8 build/cc26x0-cc13x0//launchpad/cc2650//obj/linkaddr.o
                0x00007180                linkaddr_null
 .rodata.framer_802154
                0x00007188        0xc build/cc26x0-cc13x0//launchpad/cc2650//obj/framer-802154.o
                0x00007188                framer_802154
 .rodata        0x00007194        0x4 build/cc26x0-cc13x0//launchpad/cc2650//obj/ext-flash.o
 .rodata.flash_spi_configuration_default
                0x00007198        0xc build/cc26x0-cc13x0//launchpad/cc2650//obj/ext-flash.o
 .rodata.buffer.5058
                0x000071a4       0x10 build/cc26x0-cc13x0//launchpad/cc2650//obj/strformat.o
 .rodata.buffer.5067
                0x000071b4       0x10 build/cc26x0-cc13x0//launchpad/cc2650//obj/strformat.o
 .rodata.str1.4
                0x000071c4       0x46 build/cc26x0-cc13x0//launchpad/cc2650//obj/strformat.o
 *fill*         0x0000720a        0x2 00000000
 .rodata.str1.4
                0x0000720c        0x5 build/cc26x0-cc13x0//launchpad/cc2650//obj/csma.o
 *fill*         0x00007211        0x3 00000000
 .rodata.csma_driver
                0x00007214       0x1c build/cc26x0-cc13x0//launchpad/cc2650//obj/csma.o
                0x00007214                csma_driver
 .rodata.str1.4
                0x00007230        0x8 build/cc26x0-cc13x0//launchpad/cc2650//obj/nullnet.o
 .rodata.nullnet_driver
                0x00007230       0x10 build/cc26x0-cc13x0//launchpad/cc2650//obj/nullnet.o
                0x00007230                nullnet_driver
 .rodata.nullrouting_driver
                0x00007240       0x50 build/cc26x0-cc13x0//launchpad/cc2650//obj/nullrouting.o
                0x00007240                nullrouting_driver
 .rodata.str1.4
                0x00007290        0xc build/cc26x0-cc13x0//launchpad/cc2650//obj/nullrouting.o
 .rodata.autostart_processes
                0x0000729c        0x8 ovenSara.o
                0x0000729c                autostart_processes
 .rodata.str1.4
                0x000072a4       0xf0 ovenSara.o
                                 0xed (size before relaxing)
                0x00007394                _etext = .

.glue_7         0x00007394        0x0
 .glue_7        0x00007394        0x0 linker stubs

.glue_7t        0x00007394        0x0
 .glue_7t       0x00007394        0x0 linker stubs

.vfp11_veneer   0x00007394        0x0
 .vfp11_veneer  0x00007394        0x0 linker stubs

.v4_bx          0x00007394        0x0
 .v4_bx         0x00007394        0x0 linker stubs

.iplt           0x00007394        0x0
 .iplt          0x00007394        0x0 build/cc26x0-cc13x0//launchpad/cc2650//obj/startup_gcc.o

.data           0x20000000      0x1f8 load address 0x00007394
                0x20000000                _data = .
 *(SORT(vtable))
 *(SORT(.data*))
 .data.launchpad_module
                0x20000000       0x14 build/cc26x0-cc13x0//launchpad/cc2650//obj/board.o
 .data.key_left
                0x20000014       0x50 build/cc26x0-cc13x0//launchpad/cc2650//obj/board-buttons.o
 .data.key_right
                0x20000064       0x50 build/cc26x0-cc13x0//launchpad/cc2650//obj/board-buttons.o
 .data.button_hal_buttons
                0x200000b4        0xc build/cc26x0-cc13x0//launchpad/cc2650//obj/board-buttons.o
                0x200000b4                button_hal_buttons
 .data.uart_module
                0x200000c0       0x14 build/cc26x0-cc13x0//launchpad/cc2650//obj/cc26xx-uart.o
 .data.rf_core_process
                0x200000d4       0x10 build/cc26x0-cc13x0//launchpad/cc2650//obj/rf-core.o
                0x200000d4                rf_core_process
 .data.tx_power_current
                0x200000e4        0x4 build/cc26x0-cc13x0//launchpad/cc2650//obj/ieee-mode.o
 .data.cc26xx_rf_lpm_module
                0x200000e8       0x14 build/cc26x0-cc13x0//launchpad/cc2650//obj/ieee-mode.o
 .data.ieee_overrides
                0x200000fc       0x2c build/cc26x0-cc13x0//launchpad/cc2650//obj/ieee-mode.o
 .data.rng_module
                0x20000128       0x14 build/cc26x0-cc13x0//launchpad/cc2650//obj/soc-trng.o
 .data.soc_trng_process
                0x2000013c       0x10 build/cc26x0-cc13x0//launchpad/cc2650//obj/soc-trng.o
                0x2000013c                soc_trng_process
 .data.ctimer_process
                0x2000014c       0x10 build/cc26x0-cc13x0//launchpad/cc2650//obj/ctimer.o
                0x2000014c                ctimer_process
 .data.etimer_process
                0x2000015c       0x10 build/cc26x0-cc13x0//launchpad/cc2650//obj/etimer.o
                0x2000015c                etimer_process
 .data.curr_log_level_main
                0x2000016c        0x4 build/cc26x0-cc13x0//launchpad/cc2650//obj/log.o
                0x2000016c                curr_log_level_main
 .data.stack_check_process
                0x20000170       0x10 build/cc26x0-cc13x0//launchpad/cc2650//obj/stack-check.o
                0x20000170                stack_check_process
 .data.button_hal_process
                0x20000180       0x10 build/cc26x0-cc13x0//launchpad/cc2650//obj/button-hal.o
                0x20000180                button_hal_process
 .data.serial_line_process
                0x20000190       0x10 build/cc26x0-cc13x0//launchpad/cc2650//obj/serial-line.o
                0x20000190                serial_line_process
 .data.bufmem   0x200001a0        0xc build/cc26x0-cc13x0//launchpad/cc2650//obj/queuebuf.o
 .data.buframmem
                0x200001ac        0xc build/cc26x0-cc13x0//launchpad/cc2650//obj/queuebuf.o
 .data.ctxt     0x200001b8        0x8 build/cc26x0-cc13x0//launchpad/cc2650//obj/printf.o
 .data.metadata_memb
                0x200001c0        0xc build/cc26x0-cc13x0//launchpad/cc2650//obj/csma-output.o
 .data.packet_memb
                0x200001cc        0xc build/cc26x0-cc13x0//launchpad/cc2650//obj/csma-output.o
 .data.neighbor_memb
                0x200001d8        0xc build/cc26x0-cc13x0//launchpad/cc2650//obj/csma-output.o
 .data.oven_process
                0x200001e4       0x10 ovenSara.o
                0x200001e4                oven_process
 .data.mac_pan_id
                0x200001f4        0x2 build/cc26x0-cc13x0//launchpad/cc2650//obj/frame802154.o
 .data.rf_core_last_rssi
                0x200001f6        0x1 build/cc26x0-cc13x0//launchpad/cc2650//obj/rf-core.o
                0x200001f6                rf_core_last_rssi
 .data.rng_ready_event
                0x200001f7        0x1 build/cc26x0-cc13x0//launchpad/cc2650//obj/soc-trng.o
                0x200001f8                _edata = .
                0x00007394                _ldata = LOADADDR (.data)

.igot.plt       0x200001f8        0x0 load address 0x0000758c
 .igot.plt      0x200001f8        0x0 build/cc26x0-cc13x0//launchpad/cc2650//obj/startup_gcc.o

.ARM.exidx      0x0000758c        0x8
 *(SORT(.ARM.exidx*))
 .ARM.exidx     0x0000758c        0x8 /usr/lib/gcc/arm-none-eabi/4.9.3/armv7-m/libgcc.a(_divdi3.o)
 .ARM.exidx     0x00007594        0x0 /usr/lib/gcc/arm-none-eabi/4.9.3/armv7-m/libgcc.a(_udivdi3.o)
                                  0x8 (size before relaxing)

.bss            0x200001f8      0xfde
                0x200001f8                _bss = .
 *(SORT(.bss*))
 .bss.count     0x200001f8        0x8 build/cc26x0-cc13x0//launchpad/cc2650//obj/clock.o
 .bss.rands_cache
                0x20000200       0x20 build/cc26x0-cc13x0//launchpad/cc2650//obj/soc-trng.o
 .bss.last_isr_time
                0x20000220        0x4 build/cc26x0-cc13x0//launchpad/cc2650//obj/soc-rtc.o
 .bss.consumers_list_list
                0x20000224        0x4 build/cc26x0-cc13x0//launchpad/cc2650//obj/aux-ctrl.o
 .bss.enabled   0x20000228        0x4 build/cc26x0-cc13x0//launchpad/cc2650//obj/batmon-sensor.o
 .bss.input_handler
                0x2000022c        0x4 build/cc26x0-cc13x0//launchpad/cc2650//obj/cc26xx-uart.o
 .bss.modules_list_list
                0x20000230        0x4 build/cc26x0-cc13x0//launchpad/cc2650//obj/lpm.o
 .bss.rat_last_value
                0x20000234        0x4 build/cc26x0-cc13x0//launchpad/cc2650//obj/rf-core.o
 .bss.rat_overflow_timer
                0x20000238       0x20 build/cc26x0-cc13x0//launchpad/cc2650//obj/rf-core.o
 .bss.last_radio_op
                0x20000258        0x4 build/cc26x0-cc13x0//launchpad/cc2650//obj/rf-core.o
 .bss.rat_overflow_counter
                0x2000025c        0x4 build/cc26x0-cc13x0//launchpad/cc2650//obj/rf-core.o
 .bss.primary_mode
                0x20000260        0x4 build/cc26x0-cc13x0//launchpad/cc2650//obj/rf-core.o
 .bss.rat_last_overflow
                0x20000264        0x4 build/cc26x0-cc13x0//launchpad/cc2650//obj/rf-core.o
 .bss.rf_core_last_packet_timestamp
                0x20000268        0x4 build/cc26x0-cc13x0//launchpad/cc2650//obj/rf-core.o
                0x20000268                rf_core_last_packet_timestamp
 .bss.rat_offset
                0x2000026c        0x4 build/cc26x0-cc13x0//launchpad/cc2650//obj/rf-core.o
 .bss.filter_cmd
                0x20000270        0x8 build/cc26x0-cc13x0//launchpad/cc2650//obj/ieee-mode.o
 .bss.rx_data_queue
                0x20000278        0x8 build/cc26x0-cc13x0//launchpad/cc2650//obj/ieee-mode.o
 .bss.rx_read_entry
                0x20000280        0x4 build/cc26x0-cc13x0//launchpad/cc2650//obj/ieee-mode.o
 .bss.cmd_ieee_rx_buf
                0x20000284       0x80 build/cc26x0-cc13x0//launchpad/cc2650//obj/ieee-mode.o
 .bss.tx_buf    0x20000304       0xb6 build/cc26x0-cc13x0//launchpad/cc2650//obj/ieee-mode.o
 *fill*         0x200003ba        0x2 
 .bss.rx_buf_1  0x200003bc       0x8c build/cc26x0-cc13x0//launchpad/cc2650//obj/ieee-mode.o
 .bss.rf_stats  0x20000448       0x10 build/cc26x0-cc13x0//launchpad/cc2650//obj/ieee-mode.o
 .bss.rx_buf_0  0x20000458       0x8c build/cc26x0-cc13x0//launchpad/cc2650//obj/ieee-mode.o
 .bss.rx_buf_2  0x200004e4       0x8c build/cc26x0-cc13x0//launchpad/cc2650//obj/ieee-mode.o
 .bss.rx_buf_3  0x20000570       0x8c build/cc26x0-cc13x0//launchpad/cc2650//obj/ieee-mode.o
 .bss.notify_cb
                0x200005fc        0x4 build/cc26x0-cc13x0//launchpad/cc2650//obj/soc-trng.o
 .bss.rands_mask
                0x20000600        0x4 build/cc26x0-cc13x0//launchpad/cc2650//obj/soc-trng.o
 .bss.board_spi_locks_spi
                0x20000604       0x10 build/cc26x0-cc13x0//launchpad/cc2650//obj/spi-arch.o
                0x20000604                board_spi_locks_spi
 .bss.ctimer_list_list
                0x20000614        0x4 build/cc26x0-cc13x0//launchpad/cc2650//obj/ctimer.o
 .bss.timerlist
                0x20000618        0x4 build/cc26x0-cc13x0//launchpad/cc2650//obj/etimer.o
 .bss.next_expiration
                0x2000061c        0x4 build/cc26x0-cc13x0//launchpad/cc2650//obj/etimer.o
 .bss.process_current
                0x20000620        0x4 build/cc26x0-cc13x0//launchpad/cc2650//obj/process.o
                0x20000620                process_current
 .bss.process_list
                0x20000624        0x4 build/cc26x0-cc13x0//launchpad/cc2650//obj/process.o
                0x20000624                process_list
 .bss.events    0x20000628      0x180 build/cc26x0-cc13x0//launchpad/cc2650//obj/process.o
 .bss.next_rtimer
                0x200007a8        0x4 build/cc26x0-cc13x0//launchpad/cc2650//obj/rtimer.o
 .bss.stack_top.5191
                0x200007ac        0x4 build/cc26x0-cc13x0//launchpad/cc2650//obj/stack-check.o
 .bss.et.5213   0x200007b0       0x10 build/cc26x0-cc13x0//launchpad/cc2650//obj/stack-check.o
 .bss.button_event_handler
                0x200007c0        0xc build/cc26x0-cc13x0//launchpad/cc2650//obj/button-hal.o
 .bss.pmask     0x200007cc        0x4 build/cc26x0-cc13x0//launchpad/cc2650//obj/button-hal.o
 .bss.rxbuf_data
                0x200007d0       0x80 build/cc26x0-cc13x0//launchpad/cc2650//obj/serial-line.o
 .bss.rxbuf     0x20000850        0x8 build/cc26x0-cc13x0//launchpad/cc2650//obj/serial-line.o
 .bss.buf.5174  0x20000858       0x80 build/cc26x0-cc13x0//launchpad/cc2650//obj/serial-line.o
 .bss.ptr.5175  0x200008d8        0x4 build/cc26x0-cc13x0//launchpad/cc2650//obj/serial-line.o
 .bss.handlers_list
                0x200008dc        0x4 build/cc26x0-cc13x0//launchpad/cc2650//obj/gpio-hal.o
 .bss.buframmem_memb_count
                0x200008e0        0x8 build/cc26x0-cc13x0//launchpad/cc2650//obj/queuebuf.o
 .bss.bufmem_memb_mem
                0x200008e8       0x20 build/cc26x0-cc13x0//launchpad/cc2650//obj/queuebuf.o
 .bss.buframmem_memb_mem
                0x20000908      0x560 build/cc26x0-cc13x0//launchpad/cc2650//obj/queuebuf.o
 .bss.bufmem_memb_count
                0x20000e68        0x8 build/cc26x0-cc13x0//launchpad/cc2650//obj/queuebuf.o
 .bss.packetbuf_aligned
                0x20000e70       0x80 build/cc26x0-cc13x0//launchpad/cc2650//obj/packetbuf.o
 .bss.received_seqnos
                0x20000ef0      0x100 build/cc26x0-cc13x0//launchpad/cc2650//obj/mac-sequence.o
 .bss.powerQualGlobals
                0x20000ff0        0x8 build/cc26x0-cc13x0//launchpad/cc2650//obj/sys_ctrl.o
 .bss.packet_memb_memb_count
                0x20000ff8        0x8 build/cc26x0-cc13x0//launchpad/cc2650//obj/csma-output.o
 .bss.metadata_memb_memb_count
                0x20001000        0x8 build/cc26x0-cc13x0//launchpad/cc2650//obj/csma-output.o
 .bss.metadata_memb_memb_mem
                0x20001008       0x60 build/cc26x0-cc13x0//launchpad/cc2650//obj/csma-output.o
 .bss.neighbor_list_list
                0x20001068        0x4 build/cc26x0-cc13x0//launchpad/cc2650//obj/csma-output.o
 .bss.packet_memb_memb_mem
                0x2000106c       0x60 build/cc26x0-cc13x0//launchpad/cc2650//obj/csma-output.o
 .bss.neighbor_memb_memb_count
                0x200010cc        0x2 build/cc26x0-cc13x0//launchpad/cc2650//obj/csma-output.o
 *fill*         0x200010ce        0x2 
 .bss.neighbor_memb_memb_mem
                0x200010d0       0x70 build/cc26x0-cc13x0//launchpad/cc2650//obj/csma-output.o
 .bss.current_callback
                0x20001140        0x4 build/cc26x0-cc13x0//launchpad/cc2650//obj/nullnet.o
 .bss.oven_degree
                0x20001144        0x4 ovenSara.o
 .bss.current_temp
                0x20001148        0x4 ovenSara.o
 .bss.b_leds    0x2000114c       0x20 ovenSara.o
 .bss.oven_time
                0x2000116c        0x4 ovenSara.o
 .bss.preparation
                0x20001170       0x10 ovenSara.o
 .bss.node_id   0x20001180        0x2 build/cc26x0-cc13x0//launchpad/cc2650//obj/node-id.o
                0x20001180                node_id
 .bss.buflen    0x20001182        0x2 build/cc26x0-cc13x0//launchpad/cc2650//obj/packetbuf.o
 .bss.bufptr    0x20001184        0x2 build/cc26x0-cc13x0//launchpad/cc2650//obj/packetbuf.o
 .bss.rat_offset_known
                0x20001186        0x1 build/cc26x0-cc13x0//launchpad/cc2650//obj/rf-core.o
 .bss.rf_core_rx_is_full
                0x20001187        0x1 build/cc26x0-cc13x0//launchpad/cc2650//obj/rf-core.o
                0x20001187                rf_core_rx_is_full
 .bss.rf_core_poll_mode
                0x20001188        0x1 build/cc26x0-cc13x0//launchpad/cc2650//obj/rf-core.o
                0x20001188                rf_core_poll_mode
 .bss.rf_core_last_corr_lqi
                0x20001189        0x1 build/cc26x0-cc13x0//launchpad/cc2650//obj/rf-core.o
                0x20001189                rf_core_last_corr_lqi
 .bss.ble_mode_on
                0x2000118a        0x1 build/cc26x0-cc13x0//launchpad/cc2650//obj/rf-ble.o
 .bss.initialized
                0x2000118b        0x1 build/cc26x0-cc13x0//launchpad/cc2650//obj/ctimer.o
 .bss.fevent    0x2000118c        0x1 build/cc26x0-cc13x0//launchpad/cc2650//obj/process.o
 .bss.nevents   0x2000118d        0x1 build/cc26x0-cc13x0//launchpad/cc2650//obj/process.o
 .bss.poll_requested
                0x2000118e        0x1 build/cc26x0-cc13x0//launchpad/cc2650//obj/process.o
 .bss.lastevent
                0x2000118f        0x1 build/cc26x0-cc13x0//launchpad/cc2650//obj/process.o
 .bss.hdrlen    0x20001190        0x1 build/cc26x0-cc13x0//launchpad/cc2650//obj/packetbuf.o
 .bss.mac_dsn   0x20001191        0x1 build/cc26x0-cc13x0//launchpad/cc2650//obj/framer-802154.o
 .bss.initialized
                0x20001192        0x1 build/cc26x0-cc13x0//launchpad/cc2650//obj/framer-802154.o
 .bss.initialized.6023
                0x20001193        0x1 build/cc26x0-cc13x0//launchpad/cc2650//obj/csma-output.o
 .bss.seqno.6024
                0x20001194        0x1 build/cc26x0-cc13x0//launchpad/cc2650//obj/csma-output.o
 *(SORT(COMMON))
 *fill*         0x20001195        0x3 
 COMMON         0x20001198       0x2a build/cc26x0-cc13x0//launchpad/cc2650//obj/packetbuf.o
                0x20001198                packetbuf_addrs
                0x200011a8                packetbuf_attrs
 *fill*         0x200011c2        0x2 
 COMMON         0x200011c4        0x8 build/cc26x0-cc13x0//launchpad/cc2650//obj/linkaddr.o
                0x200011c4                linkaddr_node_addr
 COMMON         0x200011cc        0x6 build/cc26x0-cc13x0//launchpad/cc2650//obj/nullnet.o
                0x200011cc                nullnet_buf
                0x200011d0                nullnet_len
 COMMON         0x200011d2        0x3 build/cc26x0-cc13x0//launchpad/cc2650//obj/button-hal.o
                0x200011d2                button_hal_release_event
                0x200011d3                button_hal_periodic_event
                0x200011d4                button_hal_press_event
 COMMON         0x200011d5        0x1 build/cc26x0-cc13x0//launchpad/cc2650//obj/serial-line.o
                0x200011d5                serial_line_event_message
                0x200011d6                _ebss = .
                0x200011d6                _end = .
                0x200011d6                _stack = .
                0x20005000                _stack_origin = (ORIGIN (SRAM) + LENGTH (SRAM))
                0x200011d6                _heap = _stack
                0x20005000                _eheap = _stack_origin

.ccfg           0x0001ffa8       0x58
 *(SORT(.ccfg))
 .ccfg          0x0001ffa8       0x58 build/cc26x0-cc13x0//launchpad/cc2650//obj/ccfg.o
                0x0001ffa8                __ccfg

.rel.dyn        0x00020000        0x0
 .rel.iplt      0x00020000        0x0 build/cc26x0-cc13x0//launchpad/cc2650//obj/startup_gcc.o

._user_heap_stack
                0x200011d6      0x402
                0x200011d8                . = ALIGN (0x4)
 *fill*         0x200011d6        0x2 
                0x200011d8                . = (. + _Min_Heap_Size)
                0x200015d8                . = (. + _Min_Stack_Size)
 *fill*         0x200011d8      0x400 
                0x200015d8                . = ALIGN (0x4)

.gpram
OUTPUT(build/cc26x0-cc13x0//launchpad/cc2650//ovenSara.elf elf32-littlearm)

.comment        0x00000000       0x70
 .comment       0x00000000       0x38 build/cc26x0-cc13x0//launchpad/cc2650//obj/fault-handlers.o
                                 0x39 (size before relaxing)
 .comment       0x00000038       0x39 build/cc26x0-cc13x0//launchpad/cc2650//obj/ccfg.o
 .comment       0x00000038       0x39 build/cc26x0-cc13x0//launchpad/cc2650//obj/startup_gcc.o
 .comment       0x00000038       0x39 build/cc26x0-cc13x0//launchpad/cc2650//obj/platform.o
 .comment       0x00000038       0x39 build/cc26x0-cc13x0//launchpad/cc2650//obj/leds-arch.o
 .comment       0x00000038       0x39 build/cc26x0-cc13x0//launchpad/cc2650//obj/board.o
 .comment       0x00000038       0x39 build/cc26x0-cc13x0//launchpad/cc2650//obj/board-buttons.o
 .comment       0x00000038       0x39 build/cc26x0-cc13x0//launchpad/cc2650//obj/clock.o
 .comment       0x00000038       0x39 build/cc26x0-cc13x0//launchpad/cc2650//obj/rtimer-arch.o
 .comment       0x00000038       0x39 build/cc26x0-cc13x0//launchpad/cc2650//obj/soc-rtc.o
 .comment       0x00000038       0x39 build/cc26x0-cc13x0//launchpad/cc2650//obj/contiki-watchdog.o
 .comment       0x00000038       0x39 build/cc26x0-cc13x0//launchpad/cc2650//obj/aux-ctrl.o
 .comment       0x00000038       0x39 build/cc26x0-cc13x0//launchpad/cc2650//obj/dbg.o
 .comment       0x00000038       0x39 build/cc26x0-cc13x0//launchpad/cc2650//obj/ieee-addr.o
 .comment       0x00000038       0x39 build/cc26x0-cc13x0//launchpad/cc2650//obj/batmon-sensor.o
 .comment       0x00000038       0x39 build/cc26x0-cc13x0//launchpad/cc2650//obj/cc26xx-uart.o
 .comment       0x00000038       0x39 build/cc26x0-cc13x0//launchpad/cc2650//obj/lpm.o
 .comment       0x00000038       0x39 build/cc26x0-cc13x0//launchpad/cc2650//obj/gpio-interrupt.o
 .comment       0x00000038       0x39 build/cc26x0-cc13x0//launchpad/cc2650//obj/gpio-hal-arch.o
 .comment       0x00000038       0x39 build/cc26x0-cc13x0//launchpad/cc2650//obj/oscillators.o
 .comment       0x00000038       0x39 build/cc26x0-cc13x0//launchpad/cc2650//obj/rf-core.o
 .comment       0x00000038       0x39 build/cc26x0-cc13x0//launchpad/cc2650//obj/rf-ble.o
 .comment       0x00000038       0x39 build/cc26x0-cc13x0//launchpad/cc2650//obj/ieee-mode.o
 .comment       0x00000038       0x39 build/cc26x0-cc13x0//launchpad/cc2650//obj/random.o
 .comment       0x00000038       0x39 build/cc26x0-cc13x0//launchpad/cc2650//obj/soc-trng.o
 .comment       0x00000038       0x39 build/cc26x0-cc13x0//launchpad/cc2650//obj/int-master.o
 .comment       0x00000038       0x39 build/cc26x0-cc13x0//launchpad/cc2650//obj/spi-arch.o
 .comment       0x00000038       0x39 build/cc26x0-cc13x0//launchpad/cc2650//obj/contiki-main.o
 .comment       0x00000038       0x39 build/cc26x0-cc13x0//launchpad/cc2650//obj/autostart.o
 .comment       0x00000038       0x39 build/cc26x0-cc13x0//launchpad/cc2650//obj/ctimer.o
 .comment       0x00000038       0x39 build/cc26x0-cc13x0//launchpad/cc2650//obj/energest.o
 .comment       0x00000038       0x39 build/cc26x0-cc13x0//launchpad/cc2650//obj/etimer.o
 .comment       0x00000038       0x39 build/cc26x0-cc13x0//launchpad/cc2650//obj/log.o
 .comment       0x00000038       0x39 build/cc26x0-cc13x0//launchpad/cc2650//obj/process.o
 .comment       0x00000038       0x39 build/cc26x0-cc13x0//launchpad/cc2650//obj/rtimer.o
 .comment       0x00000038       0x39 build/cc26x0-cc13x0//launchpad/cc2650//obj/node-id.o
 .comment       0x00000038       0x39 build/cc26x0-cc13x0//launchpad/cc2650//obj/timer.o
 .comment       0x00000038       0x39 build/cc26x0-cc13x0//launchpad/cc2650//obj/stack-check.o
 .comment       0x00000038       0x39 build/cc26x0-cc13x0//launchpad/cc2650//obj/button-hal.o
 .comment       0x00000038       0x39 build/cc26x0-cc13x0//launchpad/cc2650//obj/serial-line.o
 .comment       0x00000038       0x39 build/cc26x0-cc13x0//launchpad/cc2650//obj/spi.o
 .comment       0x00000038       0x39 build/cc26x0-cc13x0//launchpad/cc2650//obj/leds.o
 .comment       0x00000038       0x39 build/cc26x0-cc13x0//launchpad/cc2650//obj/gpio-hal.o
 .comment       0x00000038       0x39 build/cc26x0-cc13x0//launchpad/cc2650//obj/ringbuf.o
 .comment       0x00000038       0x39 build/cc26x0-cc13x0//launchpad/cc2650//obj/list.o
 .comment       0x00000038       0x39 build/cc26x0-cc13x0//launchpad/cc2650//obj/memb.o
 .comment       0x00000038       0x39 build/cc26x0-cc13x0//launchpad/cc2650//obj/queuebuf.o
 .comment       0x00000038       0x39 build/cc26x0-cc13x0//launchpad/cc2650//obj/packetbuf.o
 .comment       0x00000038       0x39 build/cc26x0-cc13x0//launchpad/cc2650//obj/netstack.o
 .comment       0x00000038       0x39 build/cc26x0-cc13x0//launchpad/cc2650//obj/linkaddr.o
 .comment       0x00000038       0x39 build/cc26x0-cc13x0//launchpad/cc2650//obj/mac-sequence.o
 .comment       0x00000038       0x39 build/cc26x0-cc13x0//launchpad/cc2650//obj/mac.o
 .comment       0x00000038       0x39 build/cc26x0-cc13x0//launchpad/cc2650//obj/framer-802154.o
 .comment       0x00000038       0x39 build/cc26x0-cc13x0//launchpad/cc2650//obj/frame802154.o
 .comment       0x00000038       0x39 build/cc26x0-cc13x0//launchpad/cc2650//obj/ext-flash.o
 .comment       0x00000038       0x39 build/cc26x0-cc13x0//launchpad/cc2650//obj/setup.o
 .comment       0x00000038       0x39 build/cc26x0-cc13x0//launchpad/cc2650//obj/setup_rom.o
 .comment       0x00000038       0x39 build/cc26x0-cc13x0//launchpad/cc2650//obj/ddi.o
 .comment       0x00000038       0x39 build/cc26x0-cc13x0//launchpad/cc2650//obj/cpu.o
 .comment       0x00000038       0x39 build/cc26x0-cc13x0//launchpad/cc2650//obj/adi.o
 .comment       0x00000038       0x39 build/cc26x0-cc13x0//launchpad/cc2650//obj/trng.o
 .comment       0x00000038       0x39 build/cc26x0-cc13x0//launchpad/cc2650//obj/sys_ctrl.o
 .comment       0x00000038       0x39 build/cc26x0-cc13x0//launchpad/cc2650//obj/osc.o
 .comment       0x00000038       0x39 build/cc26x0-cc13x0//launchpad/cc2650//obj/pwr_ctrl.o
 .comment       0x00000038       0x39 build/cc26x0-cc13x0//launchpad/cc2650//obj/aon_batmon.o
 .comment       0x00000038       0x39 build/cc26x0-cc13x0//launchpad/cc2650//obj/aon_rtc.o
 .comment       0x00000038       0x39 build/cc26x0-cc13x0//launchpad/cc2650//obj/chipinfo.o
 .comment       0x00000038       0x39 build/cc26x0-cc13x0//launchpad/cc2650//obj/strformat.o
 .comment       0x00000038       0x39 build/cc26x0-cc13x0//launchpad/cc2650//obj/printf.o
 .comment       0x00000038       0x39 build/cc26x0-cc13x0//launchpad/cc2650//obj/csma-security.o
 .comment       0x00000038       0x39 build/cc26x0-cc13x0//launchpad/cc2650//obj/csma.o
 .comment       0x00000038       0x39 build/cc26x0-cc13x0//launchpad/cc2650//obj/csma-output.o
 .comment       0x00000038       0x39 build/cc26x0-cc13x0//launchpad/cc2650//obj/nullnet.o
 .comment       0x00000038       0x39 build/cc26x0-cc13x0//launchpad/cc2650//obj/nullrouting.o
 .comment       0x00000038       0x39 ovenSara.o
 .comment       0x00000038       0x39 /usr/lib/gcc/arm-none-eabi/4.9.3/armv7-m/libgcc.a(bpabi.o)
 .comment       0x00000038       0x39 /usr/lib/gcc/arm-none-eabi/4.9.3/armv7-m/libgcc.a(_divdi3.o)
 .comment       0x00000038       0x39 /usr/lib/gcc/arm-none-eabi/4.9.3/armv7-m/libgcc.a(_udivdi3.o)
 .comment       0x00000038       0x38 /usr/lib/gcc/arm-none-eabi/4.9.3/../../../arm-none-eabi/lib/armv7-m/libc.a(lib_a-memcmp.o)
                                 0x39 (size before relaxing)
 .comment       0x00000070       0x39 /usr/lib/gcc/arm-none-eabi/4.9.3/../../../arm-none-eabi/lib/armv7-m/libc.a(lib_a-memset.o)

.ARM.attributes
                0x00000000       0x31
 .ARM.attributes
                0x00000000       0x33 build/cc26x0-cc13x0//launchpad/cc2650//obj/fault-handlers.o
 .ARM.attributes
                0x00000033       0x33 build/cc26x0-cc13x0//launchpad/cc2650//obj/ccfg.o
 .ARM.attributes
                0x00000066       0x33 build/cc26x0-cc13x0//launchpad/cc2650//obj/startup_gcc.o
 .ARM.attributes
                0x00000099       0x33 build/cc26x0-cc13x0//launchpad/cc2650//obj/platform.o
 .ARM.attributes
                0x000000cc       0x33 build/cc26x0-cc13x0//launchpad/cc2650//obj/leds-arch.o
 .ARM.attributes
                0x000000ff       0x33 build/cc26x0-cc13x0//launchpad/cc2650//obj/board.o
 .ARM.attributes
                0x00000132       0x33 build/cc26x0-cc13x0//launchpad/cc2650//obj/board-buttons.o
 .ARM.attributes
                0x00000165       0x33 build/cc26x0-cc13x0//launchpad/cc2650//obj/clock.o
 .ARM.attributes
                0x00000198       0x33 build/cc26x0-cc13x0//launchpad/cc2650//obj/rtimer-arch.o
 .ARM.attributes
                0x000001cb       0x33 build/cc26x0-cc13x0//launchpad/cc2650//obj/soc-rtc.o
 .ARM.attributes
                0x000001fe       0x33 build/cc26x0-cc13x0//launchpad/cc2650//obj/contiki-watchdog.o
 .ARM.attributes
                0x00000231       0x33 build/cc26x0-cc13x0//launchpad/cc2650//obj/aux-ctrl.o
 .ARM.attributes
                0x00000264       0x33 build/cc26x0-cc13x0//launchpad/cc2650//obj/dbg.o
 .ARM.attributes
                0x00000297       0x33 build/cc26x0-cc13x0//launchpad/cc2650//obj/ieee-addr.o
 .ARM.attributes
                0x000002ca       0x33 build/cc26x0-cc13x0//launchpad/cc2650//obj/batmon-sensor.o
 .ARM.attributes
                0x000002fd       0x33 build/cc26x0-cc13x0//launchpad/cc2650//obj/cc26xx-uart.o
 .ARM.attributes
                0x00000330       0x33 build/cc26x0-cc13x0//launchpad/cc2650//obj/lpm.o
 .ARM.attributes
                0x00000363       0x33 build/cc26x0-cc13x0//launchpad/cc2650//obj/gpio-interrupt.o
 .ARM.attributes
                0x00000396       0x33 build/cc26x0-cc13x0//launchpad/cc2650//obj/gpio-hal-arch.o
 .ARM.attributes
                0x000003c9       0x33 build/cc26x0-cc13x0//launchpad/cc2650//obj/oscillators.o
 .ARM.attributes
                0x000003fc       0x33 build/cc26x0-cc13x0//launchpad/cc2650//obj/rf-core.o
 .ARM.attributes
                0x0000042f       0x33 build/cc26x0-cc13x0//launchpad/cc2650//obj/rf-ble.o
 .ARM.attributes
                0x00000462       0x33 build/cc26x0-cc13x0//launchpad/cc2650//obj/ieee-mode.o
 .ARM.attributes
                0x00000495       0x33 build/cc26x0-cc13x0//launchpad/cc2650//obj/random.o
 .ARM.attributes
                0x000004c8       0x33 build/cc26x0-cc13x0//launchpad/cc2650//obj/soc-trng.o
 .ARM.attributes
                0x000004fb       0x33 build/cc26x0-cc13x0//launchpad/cc2650//obj/int-master.o
 .ARM.attributes
                0x0000052e       0x33 build/cc26x0-cc13x0//launchpad/cc2650//obj/spi-arch.o
 .ARM.attributes
                0x00000561       0x33 build/cc26x0-cc13x0//launchpad/cc2650//obj/contiki-main.o
 .ARM.attributes
                0x00000594       0x33 build/cc26x0-cc13x0//launchpad/cc2650//obj/autostart.o