Archive member included because of file (symbol)

build/sky///contiki-ng-sky.a(uart1-putchar.o)
                              build/sky///obj/contiki-main.o (putchar)
build/sky///contiki-ng-sky.a(platform.o)
                              build/sky///obj/contiki-main.o (platform_init_stage_one)
build/sky///contiki-ng-sky.a(msp430.o)
                              build/sky///contiki-ng-sky.a(platform.o) (msp430_dco_required)
build/sky///contiki-ng-sky.a(clock.o)
                              build/sky///obj/contiki-main.o (clock_init)
build/sky///contiki-ng-sky.a(leds.o)
                              build/sky///contiki-ng-sky.a(platform.o) (leds_init)
build/sky///contiki-ng-sky.a(leds-arch.o)
                              build/sky///contiki-ng-sky.a(leds.o) (leds_arch_init)
build/sky///contiki-ng-sky.a(watchdog.o)
                              build/sky///obj/contiki-main.o (watchdog_start)
build/sky///contiki-ng-sky.a(autostart.o)
                              build/sky///obj/contiki-main.o (autostart_start)
build/sky///contiki-ng-sky.a(ctimer.o)
                              build/sky///obj/contiki-main.o (ctimer_init)
build/sky///contiki-ng-sky.a(energest.o)
                              build/sky///obj/contiki-main.o (energest_init)
build/sky///contiki-ng-sky.a(etimer.o)
                              build/sky///contiki-ng-sky.a(clock.o) (etimer_request_poll)
build/sky///contiki-ng-sky.a(log.o)
                              build/sky///obj/contiki-main.o (log_lladdr)
build/sky///contiki-ng-sky.a(process.o)
                              build/sky///contiki-ng-sky.a(ctimer.o) (process_current)
build/sky///contiki-ng-sky.a(rtimer.o)
                              build/sky///obj/contiki-main.o (rtimer_init)
build/sky///contiki-ng-sky.a(node-id.o)
                              build/sky///obj/contiki-main.o (node_id_init)
build/sky///contiki-ng-sky.a(timer.o)
                              build/sky///contiki-ng-sky.a(platform.o) (timer_set)
build/sky///contiki-ng-sky.a(serial-line.o)
                              build/sky///contiki-ng-sky.a(platform.o) (serial_line_input_byte)
build/sky///contiki-ng-sky.a(ringbuf.o)
                              build/sky///contiki-ng-sky.a(serial-line.o) (ringbuf_init)
build/sky///contiki-ng-sky.a(list.o)
                              build/sky///contiki-ng-sky.a(ctimer.o) (list_init)
build/sky///contiki-ng-sky.a(random.o)
                              build/sky///contiki-ng-sky.a(platform.o) (random_init)
build/sky///contiki-ng-sky.a(queuebuf.o)
                              build/sky///obj/contiki-main.o (queuebuf_init)
build/sky///contiki-ng-sky.a(packetbuf.o)
                              build/sky///contiki-ng-sky.a(queuebuf.o) (packetbuf_copyto)
build/sky///contiki-ng-sky.a(netstack.o)
                              build/sky///obj/contiki-main.o (netstack_init)
build/sky///contiki-ng-sky.a(linkaddr.o)
                              build/sky///contiki-ng-sky.a(platform.o) (linkaddr_copy)
build/sky///contiki-ng-sky.a(csma.o)
                              build/sky///obj/contiki-main.o (csma_driver)
build/sky///contiki-ng-sky.a(csma-output.o)
                              build/sky///contiki-ng-sky.a(csma.o) (csma_output_packet)
build/sky///contiki-ng-sky.a(nullnet.o)
                              oven.o (nullnet_len)
build/sky///contiki-ng-sky.a(nullrouting.o)
                              build/sky///obj/contiki-main.o (nullrouting_driver)
build/sky///contiki-ng-sky.a(contiki-sky-pla)
                              build/sky///contiki-ng-sky.a(platform.o) (init_platform)
build/sky///contiki-ng-sky.a(button-sensor.o)
                              build/sky///contiki-ng-sky.a(contiki-sky-pla) (button_sensor)
build/sky///contiki-ng-sky.a(ds2411.o)
                              build/sky///contiki-ng-sky.a(platform.o) (ds2411_init)
build/sky///contiki-ng-sky.a(xmem.o)
                              build/sky///contiki-ng-sky.a(platform.o) (xmem_init)
build/sky///contiki-ng-sky.a(sensors.o)
                              build/sky///contiki-ng-sky.a(button-sensor.o) (sensors_changed)
build/sky///contiki-ng-sky.a(cc2420.o)
                              build/sky///contiki-ng-sky.a(platform.o) (cc2420_set_pan_addr)
build/sky///contiki-ng-sky.a(cc2420-arch.o)
                              build/sky///contiki-ng-sky.a(cc2420.o) (cc2420_arch_init)
build/sky///contiki-ng-sky.a(uart1.o)
                              build/sky///contiki-ng-sky.a(platform.o) (uart1_active)
build/sky///contiki-ng-sky.a(rtimer-arch.o)
                              build/sky///contiki-ng-sky.a(rtimer.o) (rtimer_arch_init)
build/sky///contiki-ng-sky.a(memb.o)
                              build/sky///contiki-ng-sky.a(queuebuf.o) (memb_init)
build/sky///contiki-ng-sky.a(mac-sequence.o)
                              build/sky///contiki-ng-sky.a(csma.o) (mac_sequence_is_duplicate)
build/sky///contiki-ng-sky.a(mac.o)
[...]
Memory Configuration

Name             Origin             Length             Attributes
sfr              0x00000000         0x00000010
peripheral_8bit  0x00000010         0x000000f0
peripheral_16bit 0x00000100         0x00000100
ram_mirror       0x00000200         0x00000800         xw
infomem          0x00001000         0x00000100
infob            0x00001000         0x00000080
infoa            0x00001080         0x00000080
ram              0x00001100         0x00002800         xw
rom              0x00004000         0x0000bfe0         xr
vectors          0x0000ffe0         0x00000020
bsl              0x00000000         0x00000000
infoc            0x00000000         0x00000000
infod            0x00000000         0x00000000
ram2             0x00000000         0x00000000         xw
usbram           0x00000000         0x00000000         xw
far_rom          0x00000000         0x00000000
*default*        0x00000000         0xffffffff

Linker script and memory map

LOAD /usr/local/bin/../lib/gcc/msp430/4.7.2/mmpy-16/crt0ivtbl16.o
                0x00001c9e                _stack = _end
LOAD oven.o
LOAD build/sky///obj/contiki-main.o
LOAD build/sky///contiki-ng-sky.a
LOAD /usr/local/bin/../lib/gcc/msp430/4.7.2/mmpy-16/libgcc.a
LOAD /usr/local/bin/../lib/gcc/msp430/4.7.2/../../../../msp430/lib/mmpy-16/libc.a
LOAD /usr/local/bin/../lib/gcc/msp430/4.7.2/mmpy-16/libgcc.a
LOAD /usr/local/bin/../lib/gcc/msp430/4.7.2/mmpy-16/libcrt0.a
                0x00000080                PROVIDE (__info_segment_size, 0x80)
                0x00001000                PROVIDE (__infob, 0x1000)
                0x00001080                PROVIDE (__infoa, 0x1080)
                0x00000000                __IE1 = 0x0
                0x00000002                __IFG1 = 0x2
                0x00000004                __ME1 = 0x4
                0x00000001                __IE2 = 0x1
                0x00000003                __IFG2 = 0x3
                0x00000005                __ME2 = 0x5
                0x00000120                __WDTCTL = 0x120
                0x00000130                __MPY = 0x130
                0x00000132                __MPYS = 0x132
                0x00000134                __MAC = 0x134
                0x00000136                __MACS = 0x136
                0x00000138                __OP2 = 0x138
                0x0000013a                __RESLO = 0x13a
                0x0000013c                __RESHI = 0x13c
                0x0000013e                __SUMEXT = 0x13e
                0x00000020                __P1IN = 0x20
                0x00000021                __P1OUT = 0x21
                0x00000022                __P1DIR = 0x22
                0x00000023                __P1IFG = 0x23
                0x00000024                __P1IES = 0x24
                0x00000025                __P1IE = 0x25
                0x00000026                __P1SEL = 0x26
                0x00000028                __P2IN = 0x28
                0x00000029                __P2OUT = 0x29
                0x0000002a                __P2DIR = 0x2a
                0x0000002b                __P2IFG = 0x2b
                0x0000002c                __P2IES = 0x2c
                0x0000002d                __P2IE = 0x2d
                0x0000002e                __P2SEL = 0x2e
                0x00000018                __P3IN = 0x18
                0x00000019                __P3OUT = 0x19
                0x0000001a                __P3DIR = 0x1a
                0x0000001b                __P3SEL = 0x1b
                0x0000001c                __P4IN = 0x1c
                0x0000001d                __P4OUT = 0x1d
                0x0000001e                __P4DIR = 0x1e
                0x0000001f                __P4SEL = 0x1f
                0x00000030                __P5IN = 0x30
                0x00000031                __P5OUT = 0x31
                0x00000032                __P5DIR = 0x32
                0x00000033                __P5SEL = 0x33
                0x00000034                __P6IN = 0x34
                0x00000035                __P6OUT = 0x35
                0x00000036                __P6DIR = 0x36
                0x00000037                __P6SEL = 0x37
                0x00000070                __U0CTL = 0x70
                0x00000071                __U0TCTL = 0x71
                0x00000072                __U0RCTL = 0x72
                0x00000073                __U0MCTL = 0x73
                0x00000074                __U0BR0 = 0x74
                0x00000075                __U0BR1 = 0x75
                0x00000076                __U0RXBUF = 0x76
                0x00000077                __U0TXBUF = 0x77
                0x00000078                __U1CTL = 0x78
                0x00000079                __U1TCTL = 0x79
                0x0000007a                __U1RCTL = 0x7a
                0x0000007b                __U1MCTL = 0x7b
                0x0000007c                __U1BR0 = 0x7c
                0x0000007d                __U1BR1 = 0x7d
                0x0000007e                __U1RXBUF = 0x7e
                0x0000007f                __U1TXBUF = 0x7f
                0x00000050                __I2CIE = 0x50
                0x00000051                __I2CIFG = 0x51
                0x00000052                __I2CNDAT = 0x52
                0x00000071                __I2CTCTL = 0x71
                0x00000072                __I2CDCTL = 0x72
                0x00000073                __I2CPSC = 0x73
                0x00000074                __I2CSCLH = 0x74
                0x00000075                __I2CSCLL = 0x75
                0x00000076                __I2CDRB = 0x76
                0x00000076                __I2CDRW = 0x76
                0x00000118                __I2COA = 0x118
                0x0000011a                __I2CSA = 0x11a
                0x0000011c                __I2CIV = 0x11c
                0x0000012e                __TAIV = 0x12e
                0x00000160                __TACTL = 0x160
                0x00000162                __TACCTL0 = 0x162
                0x00000164                __TACCTL1 = 0x164
                0x00000166                __TACCTL2 = 0x166
                0x00000170                __TAR = 0x170
                0x00000172                __TACCR0 = 0x172
                0x00000174                __TACCR1 = 0x174
                0x00000176                __TACCR2 = 0x176
                0x0000011e                __TBIV = 0x11e
                0x00000180                __TBCTL = 0x180
                0x00000182                __TBCCTL0 = 0x182
                0x00000184                __TBCCTL1 = 0x184
                0x00000186                __TBCCTL2 = 0x186
                0x00000188                __TBCCTL3 = 0x188
                0x0000018a                __TBCCTL4 = 0x18a
                0x0000018c                __TBCCTL5 = 0x18c
                0x0000018e                __TBCCTL6 = 0x18e
                0x00000190                __TBR = 0x190
                0x00000192                __TBCCR0 = 0x192
                0x00000194                __TBCCR1 = 0x194
                0x00000196                __TBCCR2 = 0x196
                0x00000198                __TBCCR3 = 0x198
                0x0000019a                __TBCCR4 = 0x19a
                0x0000019c                __TBCCR5 = 0x19c
                0x0000019e                __TBCCR6 = 0x19e
                0x00000056                __DCOCTL = 0x56
                0x00000057                __BCSCTL1 = 0x57
                0x00000058                __BCSCTL2 = 0x58
                0x00000055                __SVSCTL = 0x55
                0x00000128                __FCTL1 = 0x128
                0x0000012a                __FCTL2 = 0x12a
                0x0000012c                __FCTL3 = 0x12c
                0x00000059                __CACTL1 = 0x59
                0x0000005a                __CACTL2 = 0x5a
                0x0000005b                __CAPD = 0x5b
                0x000001a0                __ADC12CTL0 = 0x1a0
                0x000001a2                __ADC12CTL1 = 0x1a2
                0x000001a4                __ADC12IFG = 0x1a4
                0x000001a6                __ADC12IE = 0x1a6
                0x000001a8                __ADC12IV = 0x1a8
                0x00000140                __ADC12MEM0 = 0x140
                0x00000142                __ADC12MEM1 = 0x142
                0x00000144                __ADC12MEM2 = 0x144
                0x00000146                __ADC12MEM3 = 0x146
                0x00000148                __ADC12MEM4 = 0x148
                0x0000014a                __ADC12MEM5 = 0x14a
                0x0000014c                __ADC12MEM6 = 0x14c
                0x0000014e                __ADC12MEM7 = 0x14e
                0x00000150                __ADC12MEM8 = 0x150
                0x00000152                __ADC12MEM9 = 0x152
                0x00000154                __ADC12MEM10 = 0x154
                0x00000156                __ADC12MEM11 = 0x156
                0x00000158                __ADC12MEM12 = 0x158
                0x0000015a                __ADC12MEM13 = 0x15a
                0x0000015c                __ADC12MEM14 = 0x15c
                0x0000015e                __ADC12MEM15 = 0x15e
                0x00000080                __ADC12MCTL0 = 0x80
                0x00000081                __ADC12MCTL1 = 0x81
                0x00000082                __ADC12MCTL2 = 0x82
                0x00000083                __ADC12MCTL3 = 0x83
                0x00000084                __ADC12MCTL4 = 0x84
                0x00000085                __ADC12MCTL5 = 0x85
                0x00000086                __ADC12MCTL6 = 0x86
                0x00000087                __ADC12MCTL7 = 0x87
                0x00000088                __ADC12MCTL8 = 0x88
                0x00000089                __ADC12MCTL9 = 0x89
                0x0000008a                __ADC12MCTL10 = 0x8a
                0x0000008b                __ADC12MCTL11 = 0x8b
                0x0000008c                __ADC12MCTL12 = 0x8c
                0x0000008d                __ADC12MCTL13 = 0x8d
                0x0000008e                __ADC12MCTL14 = 0x8e
                0x0000008f                __ADC12MCTL15 = 0x8f
                0x000001c0                __DAC12_0CTL = 0x1c0
                0x000001c2                __DAC12_1CTL = 0x1c2
                0x000001c8                __DAC12_0DAT = 0x1c8
                0x000001ca                __DAC12_1DAT = 0x1ca
                0x00000122                __DMACTL0 = 0x122
                0x00000124                __DMACTL1 = 0x124
                0x000001e0                __DMA0CTL = 0x1e0
                0x000001e8                __DMA1CTL = 0x1e8
                0x000001f0                __DMA2CTL = 0x1f0
                0x000001e2                __DMA0SA = 0x1e2
                0x000001e4                __DMA0DA = 0x1e4
                0x000001e6                __DMA0SZ = 0x1e6
                0x000001ea                __DMA1SA = 0x1ea
                0x000001ec                __DMA1DA = 0x1ec
                0x000001ee                __DMA1SZ = 0x1ee
                0x000001f2                __DMA2SA = 0x1f2
                0x000001f4                __DMA2DA = 0x1f4
                0x000001f6                __DMA2SZ = 0x1f6

.hash
 *(.hash)

.dynsym
 *(.dynsym)

.dynstr
 *(.dynstr)

.gnu.version
 *(.gnu.version)

.gnu.version_d
 *(.gnu.version_d)

.gnu.version_r
 *(.gnu.version_r)

.rel.init
 *(.rel.init)

.rela.init
 *(.rela.init)

.rel.fini
 *(.rel.fini)

.rela.fini
 *(.rela.fini)

.rel.text
 *(.rel.text .rel.text.* .rel.gnu.linkonce.t.*)

.rela.text
 *(.rela.text .rela.text.* .rela.gnu.linkonce.t.*)

.rel.rodata
 *(.rel.rodata .rel.rodata.* .rel.gnu.linkonce.r.*)

.rela.rodata
 *(.rela.rodata .rela.rodata.* .rela.gnu.linkonce.r.*)

.rel.data
 *(.rel.data .rel.data.* .rel.gnu.linkonce.d.*)

.rela.data
 *(.rela.data .rela.data.* .rela.gnu.linkonce.d.*)

.rel.bss
 *(.rel.bss .rel.bss.* .rel.gnu.linkonce.b.*)

.rela.bss
 *(.rela.bss .rela.bss.* .rela.gnu.linkonce.b.*)

.rel.ctors
 *(.rel.ctors)

.rela.ctors
 *(.rela.ctors)

.rel.dtors
 *(.rel.dtors)

.rela.dtors
 *(.rela.dtors)

.rel.got
 *(.rel.got)

.rela.got
 *(.rela.got)

.rel.plt
 *(.rel.plt)

.rela.plt
 *(.rela.plt)

.text           0x00004000     0x441c
                0x00004000                . = ALIGN (0x2)
 *(.init .init.*)
 *(.init0)
 .init0         0x00004000        0x0 /usr/local/bin/../lib/gcc/msp430/4.7.2/mmpy-16/libcrt0.a(_reset_vector__.o)
                0x00004000                _reset_vector__
 *(.init1)
 .init1         0x00004000        0xc /usr/local/bin/../lib/gcc/msp430/4.7.2/mmpy-16/libcrt0.a(__watchdog_support.o)
                0x00004000                __watchdog_support
 *(.init2)
 .init2         0x0000400c        0x4 /usr/local/bin/../lib/gcc/msp430/4.7.2/mmpy-16/libcrt0.a(__init_stack.o)
                0x0000400c                __init_stack
 *(.init3)
 .init3         0x00004010        0x0 /usr/local/bin/../lib/gcc/msp430/4.7.2/mmpy-16/libcrt0.a(__low_level_init.o)
                0x00004010                __low_level_init
 *(.init4)
 .init4         0x00004010       0x18 /usr/local/bin/../lib/gcc/msp430/4.7.2/mmpy-16/libcrt0.a(_copy_data.o)
                0x00004010                __do_copy_data
 .init4         0x00004028       0x16 /usr/local/bin/../lib/gcc/msp430/4.7.2/mmpy-16/libcrt0.a(_clear_bss.o)
                0x00004028                __do_clear_bss
 *(.init5)
 *(.init6)
 *(.init7)
 *(.init8)
 *(.init9)
 .init9         0x0000403e      0x1c0 build/sky///obj/contiki-main.o
                0x0000403e                main
 *(.fini9)
 .fini9         0x000041fe        0x0 /usr/local/bin/../lib/gcc/msp430/4.7.2/mmpy-16/libcrt0.a(__stop_progExec__.o)
                0x000041fe                __stop_progExec__
 *(.fini8)
 *(.fini7)
 *(.fini6)
 *(.fini5)
 *(.fini4)
 *(.fini3)
 *(.fini2)
 *(.fini1)
 *(.fini0)
 .fini0         0x000041fe        0x6 /usr/local/bin/../lib/gcc/msp430/4.7.2/mmpy-16/libcrt0.a(_endless_loop__.o)
                0x000041fe                _endless_loop__
 *(.fini .fini.*)
                0x00004204                . = ALIGN (0x2)
                0x00004204                __ctors_start = .
 *(.ctors)
                0x00004204                __ctors_end = .
                0x00004204                __dtors_start = .
 *(.dtors)
                0x00004204                __dtors_end = .
                0x00004204                . = ALIGN (0x2)
 *(.text .text.* .gnu.linkonce.t.*)
 .text          0x00004204        0x4 /usr/local/bin/../lib/gcc/msp430/4.7.2/mmpy-16/crt0ivtbl16.o
                0x00004204                __isr_14
                0x00004204                __isr_11
                0x00004204                __isr_2
                0x00004204                __isr_7
                0x00004204                __isr_0
                0x00004204                __isr_8
                0x00004204                __isr_3
                0x00004204                __isr_12
                0x00004204                __isr_13
                0x00004204                __isr_9
 .text.process_thread_oven_proc
                0x00004208       0x1e oven.o
 .text.endPreparationCallback
                0x00004226       0x30 oven.o
                0x00004226                endPreparationCallback
 .text.heatingPhase
                0x00004256       0x96 oven.o
                0x00004256                heatingPhase
 .text.sendMsg  0x000042ec       0x6e oven.o
                0x000042ec                sendMsg
 .text.blinkRedLedCallback
                0x0000435a       0x5c oven.o
                0x0000435a                blinkRedLedCallback
 .text.start_preparation
                0x000043b6       0x68 oven.o
                0x000043b6                start_preparation
 .text.node_sync
                0x0000441e       0x30 oven.o
                0x0000441e                node_sync
 .text.input_callback
                0x0000444e      0x27a oven.o
 .text.putchar  0x000046c8       0x10 build/sky///contiki-ng-sky.a(uart1-putchar.o)
                0x000046c8                putchar
 .text.platform_init_stage_one
                0x000046d8       0x12 build/sky///contiki-ng-sky.a(platform.o)
                0x000046d8                platform_init_stage_one
 .text.platform_init_stage_two
                0x000046ea       0x68 build/sky///contiki-ng-sky.a(platform.o)
                0x000046ea                platform_init_stage_two
 .text.platform_init_stage_three
                0x00004752       0x86 build/sky///contiki-ng-sky.a(platform.o)
                0x00004752                platform_init_stage_three
 .text.platform_idle
                0x000047d8       0x54 build/sky///contiki-ng-sky.a(platform.o)
                0x000047d8                platform_idle
 .text.msp430_init_dco
                0x0000482c       0x82 build/sky///contiki-ng-sky.a(msp430.o)
                0x0000482c                msp430_init_dco
 .text.msp430_add_lpm_req
                0x000048ae        0xc build/sky///contiki-ng-sky.a(msp430.o)
                0x000048ae                msp430_add_lpm_req
 .text.msp430_cpu_init
                0x000048ba       0x2a build/sky///contiki-ng-sky.a(msp430.o)
                0x000048ba                msp430_cpu_init
 .text.splhigh_
                0x000048e4        0x8 build/sky///contiki-ng-sky.a(msp430.o)
                0x000048e4                splhigh_
 .text.msp430_sync_dco
                0x000048ec       0x6c build/sky///contiki-ng-sky.a(msp430.o)
                0x000048ec                msp430_sync_dco
 .text.timera1  0x00004958       0xdc build/sky///contiki-ng-sky.a(clock.o)
                0x00004958                __isr_5
                0x00004958                timera1
 .text.clock_time
                0x00004a34       0x1a build/sky///contiki-ng-sky.a(clock.o)
                0x00004a34                clock_time
 .text.clock_init
                0x00004a4e       0x28 build/sky///contiki-ng-sky.a(clock.o)
                0x00004a4e                clock_init
 .text.clock_delay
                0x00004a76        0xc build/sky///contiki-ng-sky.a(clock.o)
                0x00004a76                clock_delay
 .text.leds_init
                0x00004a82        0x6 build/sky///contiki-ng-sky.a(leds.o)
                0x00004a82                leds_init
 .text.leds_on  0x00004a88       0x12 build/sky///contiki-ng-sky.a(leds.o)
                0x00004a88                leds_on
 .text.leds_off
                0x00004a9a       0x12 build/sky///contiki-ng-sky.a(leds.o)
                0x00004a9a                leds_off
 .text.leds_toggle
                0x00004aac       0x12 build/sky///contiki-ng-sky.a(leds.o)
                0x00004aac                leds_toggle
 .text.leds_arch_init
                0x00004abe        0xe build/sky///contiki-ng-sky.a(leds-arch.o)
                0x00004abe                leds_arch_init
 .text.leds_arch_get
                0x00004acc       0x34 build/sky///contiki-ng-sky.a(leds-arch.o)
                0x00004acc                leds_arch_get
 .text.leds_arch_set
                0x00004b00       0x3e build/sky///contiki-ng-sky.a(leds-arch.o)
                0x00004b00                leds_arch_set
 .text.watchdog_interrupt
                0x00004b3e        0x6 build/sky///contiki-ng-sky.a(watchdog.o)
                0x00004b3e                __isr_10
                0x00004b3e                watchdog_interrupt
 .text.watchdog_start
                0x00004b44       0x14 build/sky///contiki-ng-sky.a(watchdog.o)
                0x00004b44                watchdog_start
 .text.watchdog_periodic
                0x00004b58       0x12 build/sky///contiki-ng-sky.a(watchdog.o)
                0x00004b58                watchdog_periodic
 .text.watchdog_stop
                0x00004b6a       0x16 build/sky///contiki-ng-sky.a(watchdog.o)
                0x00004b6a                watchdog_stop
 .text.watchdog_init
                0x00004b80       0x12 build/sky///contiki-ng-sky.a(watchdog.o)
                0x00004b80                watchdog_init
 .text.autostart_start
                0x00004b92       0x16 build/sky///contiki-ng-sky.a(autostart.o)
                0x00004b92                autostart_start
 .text.process_thread_ctimer_process
                0x00004ba8       0xa8 build/sky///contiki-ng-sky.a(ctimer.o)
 .text.ctimer_init
                0x00004c50       0x18 build/sky///contiki-ng-sky.a(ctimer.o)
                0x00004c50                ctimer_init
 .text.ctimer_set_with_process
                0x00004c68       0x4e build/sky///contiki-ng-sky.a(ctimer.o)
                0x00004c68                ctimer_set_with_process
 .text.ctimer_set
                0x00004cb6       0x10 build/sky///contiki-ng-sky.a(ctimer.o)
                0x00004cb6                ctimer_set
 .text.ctimer_reset
                0x00004cc6       0x30 build/sky///contiki-ng-sky.a(ctimer.o)
                0x00004cc6                ctimer_reset
 .text.ctimer_stop
                0x00004cf6       0x28 build/sky///contiki-ng-sky.a(ctimer.o)
                0x00004cf6                ctimer_stop
 .text.energest_init
                0x00004d1e        0x2 build/sky///contiki-ng-sky.a(energest.o)
                0x00004d1e                energest_init
 .text.energest_flush
                0x00004d20        0x2 build/sky///contiki-ng-sky.a(energest.o)
                0x00004d20                energest_flush
 .text.update_time
                0x00004d22       0x78 build/sky///contiki-ng-sky.a(etimer.o)
 .text.etimer_request_poll
                0x00004d9a        0xa build/sky///contiki-ng-sky.a(etimer.o)
                0x00004d9a                etimer_request_poll
 .text.process_thread_etimer_process
                0x00004da4       0xcc build/sky///contiki-ng-sky.a(etimer.o)
 .text.add_timer
                0x00004e70       0x40 build/sky///contiki-ng-sky.a(etimer.o)
 .text.etimer_set
                0x00004eb0       0x12 build/sky///contiki-ng-sky.a(etimer.o)
                0x00004eb0                etimer_set
 .text.etimer_reset
                0x00004ec2       0x12 build/sky///contiki-ng-sky.a(etimer.o)
                0x00004ec2                etimer_reset
 .text.etimer_pending
                0x00004ed4        0xc build/sky///contiki-ng-sky.a(etimer.o)
                0x00004ed4                etimer_pending
 .text.etimer_next_expiration_time
                0x00004ee0       0x16 build/sky///contiki-ng-sky.a(etimer.o)
                0x00004ee0                etimer_next_expiration_time
 .text.etimer_stop
                0x00004ef6       0x3e build/sky///contiki-ng-sky.a(etimer.o)
                0x00004ef6                etimer_stop
 .text.log_lladdr
                0x00004f34       0x44 build/sky///contiki-ng-sky.a(log.o)
                0x00004f34                log_lladdr
 .text.call_process
                0x00004f78       0x46 build/sky///contiki-ng-sky.a(process.o)
 .text.exit_process
                0x00004fbe       0x96 build/sky///contiki-ng-sky.a(process.o)
 .text.do_poll  0x00005054       0x30 build/sky///contiki-ng-sky.a(process.o)
 .text.process_alloc_event
                0x00005084        0xe build/sky///contiki-ng-sky.a(process.o)
                0x00005084                process_alloc_event
 .text.process_init
                0x00005092       0x18 build/sky///contiki-ng-sky.a(process.o)
                0x00005092                process_init
 .text.process_run
                0x000050aa       0x92 build/sky///contiki-ng-sky.a(process.o)
                0x000050aa                process_run
 .text.process_nevents
                0x0000513c        0xe build/sky///contiki-ng-sky.a(process.o)
                0x0000513c                process_nevents
 .text.process_post
                0x0000514a       0x42 build/sky///contiki-ng-sky.a(process.o)
                0x0000514a                process_post
 .text.process_post_synch
                0x0000518c       0x12 build/sky///contiki-ng-sky.a(process.o)
                0x0000518c                process_post_synch
 .text.process_start
                0x0000519e       0x36 build/sky///contiki-ng-sky.a(process.o)
                0x0000519e                process_start
 .text.process_poll
                0x000051d4       0x18 build/sky///contiki-ng-sky.a(process.o)
                0x000051d4                process_poll
 .text.rtimer_init
                0x000051ec        0x6 build/sky///contiki-ng-sky.a(rtimer.o)
                0x000051ec                rtimer_init
 .text.rtimer_run_next
                0x000051f2       0x26 build/sky///contiki-ng-sky.a(rtimer.o)
                0x000051f2                rtimer_run_next
 .text.node_id_init
                0x00005218       0x14 build/sky///contiki-ng-sky.a(node-id.o)
                0x00005218                node_id_init
 .text.timer_set
                0x0000522c       0x1c build/sky///contiki-ng-sky.a(timer.o)
                0x0000522c                timer_set
 .text.timer_expired
                0x00005248       0x2a build/sky///contiki-ng-sky.a(timer.o)
                0x00005248                timer_expired
 .text.timer_reset
                0x00005272       0x1c build/sky///contiki-ng-sky.a(timer.o)
                0x00005272                timer_reset
 .text.process_thread_serial_line_process
                0x0000528e       0x9e build/sky///contiki-ng-sky.a(serial-line.o)
 .text.serial_line_input_byte
                0x0000532c       0x4a build/sky///contiki-ng-sky.a(serial-line.o)
                0x0000532c                serial_line_input_byte
 .text.serial_line_init
                0x00005376       0x1c build/sky///contiki-ng-sky.a(serial-line.o)
                0x00005376                serial_line_init
 .text.ringbuf_init
                0x00005392       0x14 build/sky///contiki-ng-sky.a(ringbuf.o)
                0x00005392                ringbuf_init
 .text.ringbuf_put
                0x000053a6       0x38 build/sky///contiki-ng-sky.a(ringbuf.o)
                0x000053a6                ringbuf_put
 .text.ringbuf_get
                0x000053de       0x32 build/sky///contiki-ng-sky.a(ringbuf.o)
                0x000053de                ringbuf_get
 .text.list_init
                0x00005410        0x6 build/sky///contiki-ng-sky.a(list.o)
                0x00005410                list_init
 .text.list_head
                0x00005416        0x4 build/sky///contiki-ng-sky.a(list.o)
                0x00005416                list_head
 .text.list_tail
                0x0000541a       0x12 build/sky///contiki-ng-sky.a(list.o)
                0x0000541a                list_tail
 .text.list_remove
                0x0000542c       0x34 build/sky///contiki-ng-sky.a(list.o)
                0x0000542c                list_remove
 .text.list_add
                0x00005460       0x2a build/sky///contiki-ng-sky.a(list.o)
                0x00005460                list_add
 .text.list_length
                0x0000548a       0x10 build/sky///contiki-ng-sky.a(list.o)
                0x0000548a                list_length
 .text.list_item_next
                0x0000549a        0xc build/sky///contiki-ng-sky.a(list.o)
                0x0000549a                list_item_next
 .text.random_init
                0x000054a6        0x6 build/sky///contiki-ng-sky.a(random.o)
                0x000054a6                random_init
 .text.random_rand
                0x000054ac        0x6 build/sky///contiki-ng-sky.a(random.o)
                0x000054ac                random_rand
 .text.queuebuf_init
                0x000054b2       0x12 build/sky///contiki-ng-sky.a(queuebuf.o)
                0x000054b2                queuebuf_init
 .text.queuebuf_new_from_packetbuf
                0x000054c4       0x52 build/sky///contiki-ng-sky.a(queuebuf.o)
                0x000054c4                queuebuf_new_from_packetbuf
 .text.queuebuf_update_attr_from_packetbuf
                0x00005516       0x12 build/sky///contiki-ng-sky.a(queuebuf.o)
                0x00005516                queuebuf_update_attr_from_packetbuf
 .text.queuebuf_free
                0x00005528       0x2a build/sky///contiki-ng-sky.a(queuebuf.o)
                0x00005528                queuebuf_free
 .text.queuebuf_to_packetbuf
                0x00005552       0x32 build/sky///contiki-ng-sky.a(queuebuf.o)
                0x00005552                queuebuf_to_packetbuf
 .text.packetbuf_hdrreduce
                0x00005584       0x1a build/sky///contiki-ng-sky.a(packetbuf.o)
                0x00005584                packetbuf_hdrreduce
 .text.packetbuf_set_datalen
                0x0000559e        0x6 build/sky///contiki-ng-sky.a(packetbuf.o)
                0x0000559e                packetbuf_set_datalen
 .text.packetbuf_hdrptr
                0x000055a4        0x6 build/sky///contiki-ng-sky.a(packetbuf.o)
                0x000055a4                packetbuf_hdrptr
 .text.packetbuf_datalen
                0x000055aa        0x6 build/sky///contiki-ng-sky.a(packetbuf.o)
                0x000055aa                packetbuf_datalen
 .text.packetbuf_hdrlen
                0x000055b0        0xa build/sky///contiki-ng-sky.a(packetbuf.o)
                0x000055b0                packetbuf_hdrlen
 .text.packetbuf_dataptr
                0x000055ba        0xc build/sky///contiki-ng-sky.a(packetbuf.o)
                0x000055ba                packetbuf_dataptr
 .text.packetbuf_copyto
                0x000055c6       0x46 build/sky///contiki-ng-sky.a(packetbuf.o)
                0x000055c6                packetbuf_copyto
 .text.packetbuf_totlen
                0x0000560c        0xc build/sky///contiki-ng-sky.a(packetbuf.o)
                0x0000560c                packetbuf_totlen
 .text.packetbuf_hdralloc
                0x00005618       0x3c build/sky///contiki-ng-sky.a(packetbuf.o)
                0x00005618                packetbuf_hdralloc
 .text.packetbuf_attr_clear
                0x00005654       0x28 build/sky///contiki-ng-sky.a(packetbuf.o)
                0x00005654                packetbuf_attr_clear
 .text.packetbuf_clear
                0x0000567c       0x12 build/sky///contiki-ng-sky.a(packetbuf.o)
                0x0000567c                packetbuf_clear
 .text.packetbuf_copyfrom
                0x0000568e       0x2e build/sky///contiki-ng-sky.a(packetbuf.o)
                0x0000568e                packetbuf_copyfrom
 .text.packetbuf_attr_copyto
                0x000056bc       0x22 build/sky///contiki-ng-sky.a(packetbuf.o)
                0x000056bc                packetbuf_attr_copyto
 .text.packetbuf_attr_copyfrom
                0x000056de       0x24 build/sky///contiki-ng-sky.a(packetbuf.o)
                0x000056de                packetbuf_attr_copyfrom
 .text.packetbuf_set_attr
                0x00005702        0xc build/sky///contiki-ng-sky.a(packetbuf.o)
                0x00005702                packetbuf_set_attr
 .text.packetbuf_attr
                0x0000570e        0xa build/sky///contiki-ng-sky.a(packetbuf.o)
                0x0000570e                packetbuf_attr
 .text.packetbuf_set_addr
                0x00005718       0x18 build/sky///contiki-ng-sky.a(packetbuf.o)
                0x00005718                packetbuf_set_addr
 .text.packetbuf_addr
                0x00005730       0x12 build/sky///contiki-ng-sky.a(packetbuf.o)
                0x00005730                packetbuf_addr
 .text.packetbuf_holds_broadcast
                0x00005742        0xe build/sky///contiki-ng-sky.a(packetbuf.o)
                0x00005742                packetbuf_holds_broadcast
 .text.netstack_init
                0x00005750        0xe build/sky///contiki-ng-sky.a(netstack.o)
                0x00005750                netstack_init
 .text.linkaddr_copy
                0x0000575e        0x8 build/sky///contiki-ng-sky.a(linkaddr.o)
                0x0000575e                linkaddr_copy
 .text.linkaddr_cmp
                0x00005766       0x12 build/sky///contiki-ng-sky.a(linkaddr.o)
                0x00005766                linkaddr_cmp
 .text.linkaddr_set_node_addr
                0x00005778        0xc build/sky///contiki-ng-sky.a(linkaddr.o)
                0x00005778                linkaddr_set_node_addr
 .text.on       0x00005784        0x6 build/sky///contiki-ng-sky.a(csma.o)
 .text.off      0x0000578a        0x6 build/sky///contiki-ng-sky.a(csma.o)
 .text.max_payload
                0x00005790       0x16 build/sky///contiki-ng-sky.a(csma.o)
 .text.send_packet
                0x000057a6        0x6 build/sky///contiki-ng-sky.a(csma.o)
 .text.init     0x000057ac        0xa build/sky///contiki-ng-sky.a(csma.o)
 .text.input_packet
                0x000057b6       0x58 build/sky///contiki-ng-sky.a(csma.o)
 .text.schedule_transmission
                0x0000580e       0x70 build/sky///contiki-ng-sky.a(csma-output.o)
 .text.tx_done  0x0000587e       0x9a build/sky///contiki-ng-sky.a(csma-output.o)
 .text.transmit_from_queue
                0x00005918      0x1bc build/sky///contiki-ng-sky.a(csma-output.o)
 .text.csma_output_packet
                0x00005ad4      0x184 build/sky///contiki-ng-sky.a(csma-output.o)
                0x00005ad4                csma_output_packet
 .text.csma_output_init
                0x00005c58       0x1a build/sky///contiki-ng-sky.a(csma-output.o)
                0x00005c58                csma_output_init
 .text.init     0x00005c72        0x6 build/sky///contiki-ng-sky.a(nullnet.o)
 .text.output   0x00005c78       0x42 build/sky///contiki-ng-sky.a(nullnet.o)
 .text.input    0x00005cba       0x40 build/sky///contiki-ng-sky.a(nullnet.o)
 .text.nullnet_set_input_callback
                0x00005cfa        0x6 build/sky///contiki-ng-sky.a(nullnet.o)
                0x00005cfa                nullnet_set_input_callback
 .text.init     0x00005d00        0x2 build/sky///contiki-ng-sky.a(nullrouting.o)
 .text.root_set_prefix
                0x00005d02        0x2 build/sky///contiki-ng-sky.a(nullrouting.o)
 .text.root_start
                0x00005d04        0x4 build/sky///contiki-ng-sky.a(nullrouting.o)
 .text.node_is_root
                0x00005d08        0x4 build/sky///contiki-ng-sky.a(nullrouting.o)
 .text.get_root_ipaddr
                0x00005d0c        0x4 build/sky///contiki-ng-sky.a(nullrouting.o)
 .text.get_sr_node_ipaddr
                0x00005d10        0x4 build/sky///contiki-ng-sky.a(nullrouting.o)
 .text.leave_network
                0x00005d14        0x2 build/sky///contiki-ng-sky.a(nullrouting.o)
 .text.node_has_joined
                0x00005d16        0x4 build/sky///contiki-ng-sky.a(nullrouting.o)
 .text.node_is_reachable
                0x00005d1a        0x4 build/sky///contiki-ng-sky.a(nullrouting.o)
 .text.global_repair
                0x00005d1e        0x2 build/sky///contiki-ng-sky.a(nullrouting.o)
 .text.local_repair
                0x00005d20        0x2 build/sky///contiki-ng-sky.a(nullrouting.o)
 .text.ext_header_remove
                0x00005d22        0x2 build/sky///contiki-ng-sky.a(nullrouting.o)
 .text.ext_header_update
                0x00005d24        0x4 build/sky///contiki-ng-sky.a(nullrouting.o)
 .text.ext_header_hbh_update
                0x00005d28        0x4 build/sky///contiki-ng-sky.a(nullrouting.o)
 .text.ext_header_srh_update
                0x00005d2c        0x4 build/sky///contiki-ng-sky.a(nullrouting.o)
 .text.ext_header_srh_get_next_hop
                0x00005d30        0x4 build/sky///contiki-ng-sky.a(nullrouting.o)
 .text.link_callback
                0x00005d34        0x2 build/sky///contiki-ng-sky.a(nullrouting.o)
 .text.neighbor_state_changed
                0x00005d36        0x2 build/sky///contiki-ng-sky.a(nullrouting.o)
 .text.drop_route
                0x00005d38        0x2 build/sky///contiki-ng-sky.a(nullrouting.o)
 .text.init_platform
                0x00005d3a        0xc build/sky///contiki-ng-sky.a(contiki-sky-pla)
                0x00005d3a                init_platform
 .text.status   0x00005d46       0x18 build/sky///contiki-ng-sky.a(button-sensor.o)
 .text.value    0x00005d5e       0x20 build/sky///contiki-ng-sky.a(button-sensor.o)
 .text.configure
                0x00005d7e       0x4c build/sky///contiki-ng-sky.a(button-sensor.o)
 .text.irq_p2   0x00005dca       0x46 build/sky///contiki-ng-sky.a(button-sensor.o)
                0x00005dca                irq_p2
                0x00005dca                __isr_1
 .text.owreadb  0x00005e10       0x50 build/sky///contiki-ng-sky.a(ds2411.o)
 .text.ds2411_init
                0x00005e60      0x120 build/sky///contiki-ng-sky.a(ds2411.o)
                0x00005e60                ds2411_init
 .text.xmem_init
                0x00005f80       0x3c build/sky///contiki-ng-sky.a(xmem.o)
                0x00005f80                xmem_init
 .text.process_thread_sensors_process
                0x00005fbc       0xc2 build/sky///contiki-ng-sky.a(sensors.o)
 .text.sensors_changed
                0x0000607e       0x2a build/sky///contiki-ng-sky.a(sensors.o)
                0x0000607e                sensors_changed
 .text.get_object
                0x000060a8        0x4 build/sky///contiki-ng-sky.a(cc2420.o)
 .text.set_object
                0x000060ac        0x4 build/sky///contiki-ng-sky.a(cc2420.o)
 .text.strobe   0x000060b0       0x1c build/sky///contiki-ng-sky.a(cc2420.o)
 .text.getreg   0x000060cc       0x4c build/sky///contiki-ng-sky.a(cc2420.o)
 .text.setreg   0x00006118       0x4c build/sky///contiki-ng-sky.a(cc2420.o)
 .text.write_ram
                0x00006164       0x7c build/sky///contiki-ng-sky.a(cc2420.o)
 .text.write_fifo_buf
                0x000061e0       0x3c build/sky///contiki-ng-sky.a(cc2420.o)
 .text.get_status
                0x0000621c       0x20 build/sky///contiki-ng-sky.a(cc2420.o)
 .text.on       0x0000623c       0x1a build/sky///contiki-ng-sky.a(cc2420.o)
 .text.cc2420_receiving_packet
                0x00006256        0xc build/sky///contiki-ng-sky.a(cc2420.o)
 .text.pending_packet
                0x00006262        0x8 build/sky///contiki-ng-sky.a(cc2420.o)
 .text.wait_for_transmission
                0x0000626a       0x22 build/sky///contiki-ng-sky.a(cc2420.o)
 .text.wait_for_status
                0x0000628c       0x28 build/sky///contiki-ng-sky.a(cc2420.o)
 .text.getrxdata
                0x000062b4       0x50 build/sky///contiki-ng-sky.a(cc2420.o)
 .text.flushrx  0x00006304       0x1a build/sky///contiki-ng-sky.a(cc2420.o)
 .text.off      0x0000631e       0x28 build/sky///contiki-ng-sky.a(cc2420.o)
 .text.RELEASE_LOCK
                0x00006346       0x28 build/sky///contiki-ng-sky.a(cc2420.o)
 .text.set_key  0x0000636e       0x18 build/sky///contiki-ng-sky.a(cc2420.o)
 .text.set_frame_filtering
                0x00006386       0x30 build/sky///contiki-ng-sky.a(cc2420.o)
 .text.set_auto_ack
                0x000063b6       0x30 build/sky///contiki-ng-sky.a(cc2420.o)
 .text.set_poll_mode
                0x000063e6       0x2c build/sky///contiki-ng-sky.a(cc2420.o)
 .text.cc2420_prepare
                0x00006412       0x3c build/sky///contiki-ng-sky.a(cc2420.o)
 .text.cc2420_on
                0x0000644e       0x22 build/sky///contiki-ng-sky.a(cc2420.o)
                0x0000644e                cc2420_on
 .text.cc2420_transmit
                0x00006470       0x5a build/sky///contiki-ng-sky.a(cc2420.o)
 .text.cc2420_send
                0x000064ca       0x12 build/sky///contiki-ng-sky.a(cc2420.o)
 .text.cc2420_off
                0x000064dc       0x30 build/sky///contiki-ng-sky.a(cc2420.o)
                0x000064dc                cc2420_off
 .text.cc2420_cca
                0x0000650c       0x68 build/sky///contiki-ng-sky.a(cc2420.o)
 .text.cc2420_read
                0x00006574       0xbe build/sky///contiki-ng-sky.a(cc2420.o)
 .text.process_thread_cc2420_process
                0x00006632       0x62 build/sky///contiki-ng-sky.a(cc2420.o)
 .text.encrypt  0x00006694       0x88 build/sky///contiki-ng-sky.a(cc2420.o)
 .text.cc2420_set_channel
                0x0000671c       0x3c build/sky///contiki-ng-sky.a(cc2420.o)
                0x0000671c                cc2420_set_channel
 .text.cc2420_set_pan_addr
                0x00006758       0x4c build/sky///contiki-ng-sky.a(cc2420.o)
                0x00006758                cc2420_set_pan_addr
 .text.cc2420_interrupt
                0x000067a4       0x16 build/sky///contiki-ng-sky.a(cc2420.o)
                0x000067a4                cc2420_interrupt
 .text.cc2420_set_txpower
                0x000067ba       0x2c build/sky///contiki-ng-sky.a(cc2420.o)
                0x000067ba                cc2420_set_txpower
 .text.cc2420_get_txpower
                0x000067e6       0x1e build/sky///contiki-ng-sky.a(cc2420.o)
                0x000067e6                cc2420_get_txpower
 .text.cc2420_rssi
                0x00006804       0x4c build/sky///contiki-ng-sky.a(cc2420.o)
                0x00006804                cc2420_rssi
 .text.get_value
                0x00006850      0x116 build/sky///contiki-ng-sky.a(cc2420.o)
 .text.cc2420_set_cca_threshold
                0x00006966       0x16 build/sky///contiki-ng-sky.a(cc2420.o)
                0x00006966                cc2420_set_cca_threshold
 .text.set_value
                0x0000697c      0x150 build/sky///contiki-ng-sky.a(cc2420.o)
 .text.cc2420_init
                0x00006acc       0xea build/sky///contiki-ng-sky.a(cc2420.o)
                0x00006acc                cc2420_init
 .text.cc2420_port1_interrupt
                0x00006bb6       0x20 build/sky///contiki-ng-sky.a(cc2420-arch.o)
                0x00006bb6                __isr_4
                0x00006bb6                cc2420_port1_interrupt
 .text.cc2420_arch_init
                0x00006bd6       0x1a build/sky///contiki-ng-sky.a(cc2420-arch.o)
                0x00006bd6                cc2420_arch_init
 .text.handle_rxdma_timer
                0x00006bf0       0x3a build/sky///contiki-ng-sky.a(uart1.o)
 .text.uart1_active
                0x00006c2a       0x18 build/sky///contiki-ng-sky.a(uart1.o)
                0x00006c2a                uart1_active
 .text.uart1_set_input
                0x00006c42       0x20 build/sky///contiki-ng-sky.a(uart1.o)
                0x00006c42                uart1_set_input
 .text.uart1_writeb
                0x00006c62       0x18 build/sky///contiki-ng-sky.a(uart1.o)
                0x00006c62                uart1_writeb
 .text.uart1_init
                0x00006c7a       0xf4 build/sky///contiki-ng-sky.a(uart1.o)
                0x00006c7a                uart1_init
 .text.timera0  0x00006d6e       0x2e build/sky///contiki-ng-sky.a(rtimer-arch.o)
                0x00006d6e                __isr_6
                0x00006d6e                timera0
 .text.rtimer_arch_init
                0x00006d9c        0xe build/sky///contiki-ng-sky.a(rtimer-arch.o)
                0x00006d9c                rtimer_arch_init
 .text.rtimer_arch_now
                0x00006daa        0xe build/sky///contiki-ng-sky.a(rtimer-arch.o)
                0x00006daa                rtimer_arch_now
 .text.rtimer_arch_schedule
                0x00006db8        0x6 build/sky///contiki-ng-sky.a(rtimer-arch.o)
                0x00006db8                rtimer_arch_schedule
 .text.memb_init
                0x00006dbe       0x36 build/sky///contiki-ng-sky.a(memb.o)
                0x00006dbe                memb_init
 .text.memb_alloc
                0x00006df4       0x3e build/sky///contiki-ng-sky.a(memb.o)
                0x00006df4                memb_alloc
 .text.memb_free
                0x00006e32       0x3a build/sky///contiki-ng-sky.a(memb.o)
                0x00006e32                memb_free
 .text.memb_inmemb
                0x00006e6c       0x2a build/sky///contiki-ng-sky.a(memb.o)
                0x00006e6c                memb_inmemb
 .text.mac_sequence_is_duplicate
                0x00006e96       0x84 build/sky///contiki-ng-sky.a(mac-sequence.o)
                0x00006e96                mac_sequence_is_duplicate
 .text.mac_sequence_register_seqno
                0x00006f1a       0x90 build/sky///contiki-ng-sky.a(mac-sequence.o)
                0x00006f1a                mac_sequence_register_seqno
 .text.mac_call_sent_callback
                0x00006faa       0x14 build/sky///contiki-ng-sky.a(mac.o)
                0x00006faa                mac_call_sent_callback
 .text.parse    0x00006fbe       0xa0 build/sky///contiki-ng-sky.a(framer-802154.o)
 .text.framer_802154_setup_params
                0x0000705e       0xb8 build/sky///contiki-ng-sky.a(framer-802154.o)
                0x0000705e                framer_802154_setup_params
 .text.create_frame
                0x00007116       0xde build/sky///contiki-ng-sky.a(framer-802154.o)
 .text.create   0x000071f4        0x8 build/sky///contiki-ng-sky.a(framer-802154.o)
 .text.hdr_length
                0x000071fc        0x8 build/sky///contiki-ng-sky.a(framer-802154.o)
 .text.frame802154_get_pan_id
                0x00007204        0x6 build/sky///contiki-ng-sky.a(frame802154.o)
                0x00007204                frame802154_get_pan_id
 .text.frame802154_has_panid
                0x0000720a       0xe0 build/sky///contiki-ng-sky.a(frame802154.o)
                0x0000720a                frame802154_has_panid
 .text.field_len
                0x000072ea       0xac build/sky///contiki-ng-sky.a(frame802154.o)
 .text.frame802154_is_broadcast_addr
                0x00007396       0x28 build/sky///contiki-ng-sky.a(frame802154.o)
                0x00007396                frame802154_is_broadcast_addr
 .text.frame802154_hdrlen
                0x000073be       0x32 build/sky///contiki-ng-sky.a(frame802154.o)
                0x000073be                frame802154_hdrlen
 .text.frame802154_create_fcf
                0x000073f0       0x96 build/sky///contiki-ng-sky.a(frame802154.o)
                0x000073f0                frame802154_create_fcf
 .text.frame802154_create
                0x00007486       0xe4 build/sky///contiki-ng-sky.a(frame802154.o)
                0x00007486                frame802154_create
 .text.frame802154_parse_fcf
                0x0000756a       0xbc build/sky///contiki-ng-sky.a(frame802154.o)
                0x0000756a                frame802154_parse_fcf
 .text.frame802154_parse
                0x00007626      0x168 build/sky///contiki-ng-sky.a(frame802154.o)
                0x00007626                frame802154_parse
 .text.csma_security_create_frame
                0x0000778e       0x10 build/sky///contiki-ng-sky.a(csma-security.o)
                0x0000778e                csma_security_create_frame
 .text.csma_security_parse_frame
                0x0000779e        0x6 build/sky///contiki-ng-sky.a(csma-security.o)
                0x0000779e                csma_security_parse_frame
 .text.spi_init
                0x000077a4       0x30 build/sky///contiki-ng-sky.a(spi-legacy.o)
                0x000077a4                spi_init
 .text.libgcc   0x000077d4       0x22 /usr/local/bin/../lib/gcc/msp430/4.7.2/mmpy-16/libgcc.a(_udivmod16.o)
                0x000077d4                __udivhi3
                0x000077d4                __ext_udivmod16
                0x000077ee                __umodhi3
 .text.libgcc   0x000077f6       0x40 /usr/local/bin/../lib/gcc/msp430/4.7.2/mmpy-16/libgcc.a(_udivmod32.o)
                0x000077f6                __udivsi3
                0x000077f6                __ext_udivmod32
                0x0000782c                __umodsi3
 .text.atoi     0x00007836       0x8a /usr/local/bin/../lib/gcc/msp430/4.7.2/../../../../msp430/lib/mmpy-16/libc.a(atoi.o)
                0x00007836                atoi
 .text.printf   0x000078c0       0x10 /usr/local/bin/../lib/gcc/msp430/4.7.2/../../../../msp430/lib/mmpy-16/libc.a(printf.o)
                0x000078c0                printf
 .text.print_field
                0x000078d0      0x194 /usr/local/bin/../lib/gcc/msp430/4.7.2/../../../../msp430/lib/mmpy-16/libc.a(vuprintf.o)
 .text.vuprintf
                0x00007a64      0x63e /usr/local/bin/../lib/gcc/msp430/4.7.2/../../../../msp430/lib/mmpy-16/libc.a(vuprintf.o)
                0x00007a64                vuprintf
 .text.puts     0x000080a2       0x2c /usr/local/bin/../lib/gcc/msp430/4.7.2/../../../../msp430/lib/mmpy-16/libc.a(puts.o)
                0x000080a2                puts
 .text.rand     0x000080ce       0x26 /usr/local/bin/../lib/gcc/msp430/4.7.2/../../../../msp430/lib/mmpy-16/libc.a(rand.o)
                0x000080ce                rand
 .text.srand    0x000080f4        0xa /usr/local/bin/../lib/gcc/msp430/4.7.2/../../../../msp430/lib/mmpy-16/libc.a(rand.o)
                0x000080f4                srand
 .text.memcmp   0x000080fe       0x30 /usr/local/bin/../lib/gcc/msp430/4.7.2/../../../../msp430/lib/mmpy-16/libc.a(memcmp.o)
                0x000080fe                memcmp
 .text.memcpy   0x0000812e       0xfa /usr/local/bin/../lib/gcc/msp430/4.7.2/../../../../msp430/lib/mmpy-16/libc.a(memcpy.o)
                0x0000812e                memcpy
 .text.memset   0x00008228       0x6a /usr/local/bin/../lib/gcc/msp430/4.7.2/../../../../msp430/lib/mmpy-16/libc.a(memset.o)
                0x00008228                memset
 .text.strtok_r
                0x00008292       0x62 /usr/local/bin/../lib/gcc/msp430/4.7.2/../../../../msp430/lib/mmpy-16/libc.a(strtok.o)
                0x00008292                strtok_r
 .text.strtok   0x000082f4        0xa /usr/local/bin/../lib/gcc/msp430/4.7.2/../../../../msp430/lib/mmpy-16/libc.a(strtok.o)
                0x000082f4                strtok
 .text.libgcc   0x000082fe       0x2c /usr/local/bin/../lib/gcc/msp430/4.7.2/mmpy-16/libgcc.a(_mulsi3.o)
                0x000082fe                __mulsi3
 .text.libgcc   0x0000832a       0xf0 /usr/local/bin/../lib/gcc/msp430/4.7.2/mmpy-16/libgcc.a(_udivmod64.o)
                0x0000832a                __xabi_udivmod64
                0x00008388                __udivdi3
                0x000083ae                __umoddi3
                0x000083dc                __udivmoddi4
 .text.crt0     0x0000841a        0x2 /usr/local/bin/../lib/gcc/msp430/4.7.2/mmpy-16/libcrt0.a(_unexpected_.o)
                0x0000841a                _unexpected_
 *(.near.text .near.text.*)

.rodata         0x0000841c      0x4b5
                0x0000841c                . = ALIGN (0x2)
 *(.rodata .rodata.* .gnu.linkonce.r.*)
 .rodata        0x0000841c      0x1fc oven.o
                0x0000860a                autostart_processes
 .rodata        0x00008618       0xce build/sky///obj/contiki-main.o
 .rodata        0x000086e6       0x31 build/sky///contiki-ng-sky.a(platform.o)
 .rodata        0x00008717        0xf build/sky///contiki-ng-sky.a(ctimer.o)
 .rodata        0x00008726        0xc build/sky///contiki-ng-sky.a(etimer.o)
 .rodata        0x00008732       0x96 build/sky///contiki-ng-sky.a(log.o)
 .rodata        0x000087c8        0xe build/sky///contiki-ng-sky.a(serial-line.o)
 .rodata        0x000087d6        0x8 build/sky///contiki-ng-sky.a(linkaddr.o)
                0x000087d6                linkaddr_null
 .rodata        0x000087de       0x14 build/sky///contiki-ng-sky.a(csma.o)
                0x000087e4                csma_driver
 .rodata        0x000087f2       0x10 build/sky///contiki-ng-sky.a(nullnet.o)
                0x000087fa                nullnet_driver
 .rodata        0x00008802       0x34 build/sky///contiki-ng-sky.a(nullrouting.o)
                0x0000880e                nullrouting_driver
 .rodata        0x00008836       0x10 build/sky///contiki-ng-sky.a(button-sensor.o)
                0x0000883e                button_sensor
 .rodata        0x00008846        0x8 build/sky///contiki-ng-sky.a(sensors.o)
 *fill*         0x0000884e        0x2 00
 .rodata.get_value
                0x00008850       0x24 build/sky///contiki-ng-sky.a(cc2420.o)
 .rodata.set_value
                0x00008874       0x10 build/sky///contiki-ng-sky.a(cc2420.o)
 .rodata        0x00008884       0x3e build/sky///contiki-ng-sky.a(cc2420.o)
                0x00008884                cc2420_aes_128_driver
                0x00008888                cc2420_driver
 .rodata        0x000088c2        0x6 build/sky///contiki-ng-sky.a(framer-802154.o)
                0x000088c2                framer_802154
 .rodata        0x000088c8        0x2 build/sky///contiki-ng-sky.a(frame802154.o)
 .rodata.vuprintf
                0x000088ca        0x7 /usr/local/bin/../lib/gcc/msp430/4.7.2/../../../../msp430/lib/mmpy-16/libc.a(vuprintf.o)
 *(.near.rodata .near.rodata.*)
                0x000088d2                . = ALIGN (0x2)
                0x000088d2                _etext = .

.data           0x00001100       0xbc load address 0x000088d2
                0x00001100                . = ALIGN (0x2)
                0x00001100                __data_start = .
 *(.data .data.* .gnu.linkonce.d.*)
 .data          0x00001100        0xa oven.o
                0x00001100                oven_proc
 .data          0x0000110a        0x2 build/sky///contiki-ng-sky.a(msp430.o)
 .data          0x0000110c        0xa build/sky///contiki-ng-sky.a(ctimer.o)
                0x0000110c                ctimer_process
 .data          0x00001116        0xa build/sky///contiki-ng-sky.a(etimer.o)
                0x00001116                etimer_process
 .data          0x00001120       0x4a build/sky///contiki-ng-sky.a(log.o)
                0x00001120                all_modules
                0x00001168                curr_log_level_main
 .data          0x0000116a        0xa build/sky///contiki-ng-sky.a(serial-line.o)
                0x0000116a                serial_line_process
 .data          0x00001174       0x10 build/sky///contiki-ng-sky.a(queuebuf.o)
 .data          0x00001184       0x18 build/sky///contiki-ng-sky.a(csma-output.o)
 .data          0x0000119c        0x4 build/sky///contiki-ng-sky.a(contiki-sky-pla)
                0x0000119c                sensors
 .data          0x000011a0        0xa build/sky///contiki-ng-sky.a(sensors.o)
                0x000011a0                sensors_process
 .data          0x000011aa        0xc build/sky///contiki-ng-sky.a(cc2420.o)
                0x000011aa                cc2420_process
 .data          0x000011b6        0x2 build/sky///contiki-ng-sky.a(frame802154.o)
 .data.next     0x000011b8        0x4 /usr/local/bin/../lib/gcc/msp430/4.7.2/../../../../msp430/lib/mmpy-16/libc.a(rand.o)
 *(.near.data .near.data.*)
                0x000011bc                . = ALIGN (0x2)
                0x000011bc                _edata = .
                0x000088d2                __data_load_start = LOADADDR (.data)
                0x000000bc                __data_size = SIZEOF (.data)

.bss            0x000011bc      0xae0 load address 0x0000898e
                0x000011bc                __bss_start = .
 *(.bss .bss.*)
 .bss           0x000011bc       0x24 oven.o
                0x000011bc                counter
 .bss           0x000011e0        0x8 build/sky///contiki-ng-sky.a(platform.o)
 .bss           0x000011e8        0xa build/sky///contiki-ng-sky.a(clock.o)
 .bss           0x000011f2        0x2 build/sky///contiki-ng-sky.a(watchdog.o)
 .bss           0x000011f4        0x4 build/sky///contiki-ng-sky.a(ctimer.o)
 .bss           0x000011f8        0x6 build/sky///contiki-ng-sky.a(etimer.o)
 .bss           0x000011fe       0x14 build/sky///contiki-ng-sky.a(log.o)
                0x000011fe                curr_log_level_lwm2m
                0x00001200                curr_log_level_coap
                0x00001202                curr_log_level_6top
                0x00001204                curr_log_level_framer
                0x00001206                curr_log_level_mac
                0x00001208                curr_log_level_nullnet
                0x0000120a                curr_log_level_6lowpan
                0x0000120c                curr_log_level_ipv6
                0x0000120e                curr_log_level_tcpip
                0x00001210                curr_log_level_rpl
 .bss           0x00001212       0xc8 build/sky///contiki-ng-sky.a(process.o)
                0x00001212                process_current
                0x00001214                process_list
 .bss           0x000012da        0x2 build/sky///contiki-ng-sky.a(rtimer.o)
 .bss           0x000012dc        0x2 build/sky///contiki-ng-sky.a(node-id.o)
                0x000012dc                node_id
 .bss           0x000012de      0x10a build/sky///contiki-ng-sky.a(serial-line.o)
 .bss           0x000013e8      0x580 build/sky///contiki-ng-sky.a(queuebuf.o)
 .bss           0x00001968       0x86 build/sky///contiki-ng-sky.a(packetbuf.o)
 .bss           0x000019ee       0xbe build/sky///contiki-ng-sky.a(csma-output.o)
 .bss           0x00001aac        0x2 build/sky///contiki-ng-sky.a(nullnet.o)
 .bss           0x00001aae        0x8 build/sky///contiki-ng-sky.a(button-sensor.o)
 .bss           0x00001ab6        0x6 build/sky///contiki-ng-sky.a(sensors.o)
 .bss           0x00001abc       0x10 build/sky///contiki-ng-sky.a(cc2420.o)
 .bss           0x00001acc       0x9a build/sky///contiki-ng-sky.a(uart1.o)
 .bss           0x00001b66       0xe0 build/sky///contiki-ng-sky.a(mac-sequence.o)
 .bss           0x00001c46        0x2 build/sky///contiki-ng-sky.a(framer-802154.o)
 .bss.last.1566
                0x00001c48        0x2 /usr/local/bin/../lib/gcc/msp430/4.7.2/../../../../msp430/lib/mmpy-16/libc.a(strtok.o)
 *(.near.bss .near.bss.*)
 *(COMMON)
 COMMON         0x00001c4a        0x2 build/sky///contiki-ng-sky.a(msp430.o)
                0x00001c4a                msp430_dco_required
 COMMON         0x00001c4c        0x1 build/sky///contiki-ng-sky.a(serial-line.o)
                0x00001c4c                serial_line_event_message
 *fill*         0x00001c4d        0x1 00
 COMMON         0x00001c4e       0x2a build/sky///contiki-ng-sky.a(packetbuf.o)
                0x00001c4e                packetbuf_addrs
                0x00001c5e                packetbuf_attrs
 COMMON         0x00001c78        0x8 build/sky///contiki-ng-sky.a(linkaddr.o)
                0x00001c78                linkaddr_node_addr
 COMMON         0x00001c80        0x4 build/sky///contiki-ng-sky.a(nullnet.o)
                0x00001c80                nullnet_buf
                0x00001c82                nullnet_len
 COMMON         0x00001c84        0x2 build/sky///contiki-ng-sky.a(contiki-sky-pla)
                0x00001c84                sensors_flags
 COMMON         0x00001c86        0x8 build/sky///contiki-ng-sky.a(ds2411.o)
                0x00001c86                ds2411_id
 COMMON         0x00001c8e        0x1 build/sky///contiki-ng-sky.a(sensors.o)
                0x00001c8e                sensors_event
 *fill*         0x00001c8f        0x1 00
 COMMON         0x00001c90        0xc build/sky///contiki-ng-sky.a(cc2420.o)
                0x00001c90                cc2420_last_rssi
                0x00001c92                cc2420_sfd_start_time
                0x00001c94                cc2420_last_correlation
                0x00001c96                cc2420_authority_level_of_sender
                0x00001c98                cc2420_sfd_counter
                0x00001c9a                cc2420_sfd_end_time
                0x00001c9c                . = ALIGN (0x2)
                0x00001c9c                __bss_end = .
                0x00000ae0                __bss_size = SIZEOF (.bss)

.noinit         0x00001c9c        0x2 load address 0x0000898e
                0x00001c9c                . = ALIGN (0x2)
                0x00001c9c                __noinit_start = .
 *(.noinit .noinit.*)
 .noinit.crt0   0x00001c9c        0x2 /usr/local/bin/../lib/gcc/msp430/4.7.2/mmpy-16/libcrt0.a(__watchdog_support.o)
                0x00001c9c                __wdt_clear_value
                0x00001c9e                . = ALIGN (0x2)
                0x00001c9e                __noinit_end = .
                0x00001c9e                . = ALIGN (0x2)
                0x00001c9e                _end = .

.infomem        0x00001000        0x0
                0x00001000                . = ALIGN (0x2)
 *(.infomem .infomem.*)

.infomemnobits  0x00001000        0x0
                0x00001000                . = ALIGN (0x2)
 *(.infomemnobits .infomemnobits.*)

.infoa          0x00001080        0x0
                0x00001080                . = ALIGN (0x2)
 *(.infoa .infoa.*)

.infob          0x00001000        0x0
                0x00001000                . = ALIGN (0x2)
 *(.infob .infob.*)

.infoc          0x00000000        0x0
                0x00000000                . = ALIGN (0x2)
 *(.infoc .infoc.*)

.infod          0x00000000        0x0
                0x00000000                . = ALIGN (0x2)
 *(.infod .infod.*)
                0x0000ffff                PROVIDE (__vte_0, 0xffff)
                0x0000ffff                PROVIDE (__vte_1, 0xffff)
                0x0000ffff                PROVIDE (__vte_2, 0xffff)
                0x0000ffff                PROVIDE (__vte_3, 0xffff)
                0x0000ffff                PROVIDE (__vte_4, 0xffff)
                0x0000ffff                PROVIDE (__vte_5, 0xffff)
                0x0000ffff                PROVIDE (__vte_6, 0xffff)
                0x0000ffff                PROVIDE (__vte_7, 0xffff)
                0x0000ffff                PROVIDE (__vte_8, 0xffff)
                0x0000ffff                PROVIDE (__vte_9, 0xffff)
                0x0000ffff                PROVIDE (__vte_10, 0xffff)
                0x0000ffff                PROVIDE (__vte_11, 0xffff)
                0x0000ffff                PROVIDE (__vte_12, 0xffff)
                0x0000ffff                PROVIDE (__vte_13, 0xffff)
                0x0000ffff                PROVIDE (__vte_14, 0xffff)
                0x0000ffff                PROVIDE (__vte_15, 0xffff)
                0x0000ffff                PROVIDE (__vte_16, 0xffff)
                0x0000ffff                PROVIDE (__vte_17, 0xffff)
                0x0000ffff                PROVIDE (__vte_18, 0xffff)
                0x0000ffff                PROVIDE (__vte_19, 0xffff)
                0x0000ffff                PROVIDE (__vte_20, 0xffff)
                0x0000ffff                PROVIDE (__vte_21, 0xffff)
                0x0000ffff                PROVIDE (__vte_22, 0xffff)
                0x0000ffff                PROVIDE (__vte_23, 0xffff)
                0x0000ffff                PROVIDE (__vte_24, 0xffff)
                0x0000ffff                PROVIDE (__vte_25, 0xffff)
                0x0000ffff                PROVIDE (__vte_26, 0xffff)
                0x0000ffff                PROVIDE (__vte_27, 0xffff)
                0x0000ffff                PROVIDE (__vte_28, 0xffff)
                0x0000ffff                PROVIDE (__vte_29, 0xffff)
                0x0000ffff                PROVIDE (__vte_30, 0xffff)
                0x0000ffff                PROVIDE (__vte_31, 0xffff)

.vectors        0x0000ffe0       0x20
                0x0000ffe0                __vectors_start = .
 *(.vectors*)
 .vectors       0x0000ffe0       0x20 /usr/local/bin/../lib/gcc/msp430/4.7.2/mmpy-16/crt0ivtbl16.o
                0x0000ffe0                __ivtbl_16
                0x00010000                _vectors_end = .

.fartext        0x00000000        0x0
                0x00000000                . = ALIGN (0x2)
 *(.fartext .fartext.*)

.far.text       0x00000000        0x0
                0x00000000                . = ALIGN (0x2)
 *(.far.text .far.text.*)

.far.rodata     0x00000000        0x0
                0x00000000                . = ALIGN (0x2)
 *(.far.rodata .far.rodata.*)
                0x00000000                . = ALIGN (0x2)
                0x00000000                _efartext = .

.far.data       0x00000000        0x0
                0x00000000                . = ALIGN (0x2)
                0x00000000                __far_data_start = .
 *(.far.data .far.data.*)
                0x00000000                . = ALIGN (0x2)
                0x00000000                _efardata = .
                0x00000000                __far_data_load_start = LOADADDR (.far.data)
                0x00000000                __far_data_size = SIZEOF (.far.data)

.far.bss        0x00000000        0x0
                0x00000000                . = ALIGN (0x2)
                0x00000000                __far_bss_start = .
 *(.far.bss .far.bss.*)
                0x00000000                . = ALIGN (0x2)
                0x00000000                __far_bss_end = .
                0x00000000                __far_bss_size = SIZEOF (.far.bss)
                0x00000000                . = ALIGN (0x2)
                0x00000000                _far_end = .

.profiler
 *(.profiler)

.stab           0x00000000    0x155a0
 *(.stab)
 .stab          0x00000000     0x10a4 oven.o
 .stab          0x000010a4     0x14ac build/sky///obj/contiki-main.o
                               0x1890 (size before relaxing)
 .stab          0x00002550      0x228 build/sky///contiki-ng-sky.a(uart1-putchar.o)
                                0x6fc (size before relaxing)
 .stab          0x00002778      0xd08 build/sky///contiki-ng-sky.a(platform.o)
                               0x1374 (size before relaxing)
 .stab          0x00003480      0x714 build/sky///contiki-ng-sky.a(msp430.o)
                                0xa38 (size before relaxing)
 .stab          0x00003b94      0x900 build/sky///contiki-ng-sky.a(clock.o)
                                0xc48 (size before relaxing)
 .stab          0x00004494      0x468 build/sky///contiki-ng-sky.a(leds.o)
                                0x81c (size before relaxing)
 .stab          0x000048fc      0x384 build/sky///contiki-ng-sky.a(leds-arch.o)
                                0x738 (size before relaxing)
 .stab          0x00004c80      0x3b4 build/sky///contiki-ng-sky.a(watchdog.o)
                                0x6d8 (size before relaxing)
 .stab          0x00005034      0x2ac build/sky///contiki-ng-sky.a(autostart.o)
                                0x5d0 (size before relaxing)
 .stab          0x000052e0      0x804 build/sky///contiki-ng-sky.a(ctimer.o)
                                0xb40 (size before relaxing)
 .stab          0x00005ae4      0x270 build/sky///contiki-ng-sky.a(energest.o)
                                0x5b8 (size before relaxing)
 .stab          0x00005d54      0xa98 build/sky///contiki-ng-sky.a(etimer.o)
                                0xdbc (size before relaxing)
 .stab          0x000067ec      0x654 build/sky///contiki-ng-sky.a(log.o)
                                0xdec (size before relaxing)
 .stab          0x00006e40      0xb88 build/sky///contiki-ng-sky.a(process.o)
                               0x1098 (size before relaxing)
 .stab          0x000079c8      0x348 build/sky///contiki-ng-sky.a(rtimer.o)
                                0x66c (size before relaxing)
 .stab          0x00007d10      0x264 build/sky///contiki-ng-sky.a(node-id.o)
                                0x9c0 (size before relaxing)
 .stab          0x00007f74      0x3b4 build/sky///contiki-ng-sky.a(timer.o)
                                0x6d8 (size before relaxing)
 .stab          0x00008328      0x51c build/sky///contiki-ng-sky.a(serial-line.o)
                                0x9f0 (size before relaxing)
 .stab          0x00008844      0x450 build/sky///contiki-ng-sky.a(ringbuf.o)
                                0x78c (size before relaxing)
 .stab          0x00008c94      0x954 build/sky///contiki-ng-sky.a(list.o)
                                0xe40 (size before relaxing)
 .stab          0x000095e8      0x288 build/sky///contiki-ng-sky.a(random.o)
                                0x774 (size before relaxing)
 .stab          0x00009870      0x930 build/sky///contiki-ng-sky.a(queuebuf.o)
                               0x168c (size before relaxing)
 .stab          0x0000a1a0      0xc0c build/sky///contiki-ng-sky.a(packetbuf.o)
                               0x1974 (size before relaxing)
 .stab          0x0000adac      0x42c build/sky///contiki-ng-sky.a(netstack.o)
                                0x8ac (size before relaxing)
 .stab          0x0000b1d8      0x30c build/sky///contiki-ng-sky.a(linkaddr.o)
                                0x7f8 (size before relaxing)
 .stab          0x0000b4e4      0x738 build/sky///contiki-ng-sky.a(csma.o)
                                0xe64 (size before relaxing)
 .stab          0x0000bc1c      0xc30 build/sky///contiki-ng-sky.a(csma-output.o)
                               0x1584 (size before relaxing)
 .stab          0x0000c84c      0x750 build/sky///contiki-ng-sky.a(nullnet.o)
                                0xd98 (size before relaxing)
 .stab          0x0000cf9c      0x834 build/sky///contiki-ng-sky.a(nullrouting.o)
                               0x12d8 (size before relaxing)
 .stab          0x0000d7d0      0x240 build/sky///contiki-ng-sky.a(contiki-sky-pla)
                                0x564 (size before relaxing)
 .stab          0x0000da10      0x42c build/sky///contiki-ng-sky.a(button-sensor.o)
                                0x768 (size before relaxing)
 .stab          0x0000de3c      0x600 build/sky///contiki-ng-sky.a(ds2411.o)
                                0xaec (size before relaxing)
 .stab          0x0000e43c      0x990 build/sky///contiki-ng-sky.a(xmem.o)
                                0xe88 (size before relaxing)
 .stab          0x0000edcc      0x684 build/sky///contiki-ng-sky.a(sensors.o)
                                0xb70 (size before relaxing)
 .stab          0x0000f450     0x2754 build/sky///contiki-ng-sky.a(cc2420.o)
                               0x2f40 (size before relaxing)
 .stab          0x00011ba4      0x3fc build/sky///contiki-ng-sky.a(cc2420-arch.o)
                               0x1110 (size before relaxing)
 .stab          0x00011fa0      0x5d0 build/sky///contiki-ng-sky.a(uart1.o)
                                0x90c (size before relaxing)
 .stab          0x00012570      0x378 build/sky///contiki-ng-sky.a(rtimer-arch.o)
                                0x69c (size before relaxing)
 .stab          0x000128e8      0x5ac build/sky///contiki-ng-sky.a(memb.o)
                                0xab0 (size before relaxing)
 .stab          0x00012e94      0x540 build/sky///contiki-ng-sky.a(mac-sequence.o)
                               0x12a8 (size before relaxing)
 .stab          0x000133d4      0x294 build/sky///contiki-ng-sky.a(mac.o)
                                0x858 (size before relaxing)
 .stab          0x00013668      0x7a4 build/sky///contiki-ng-sky.a(framer-802154.o)
                                0xff0 (size before relaxing)
 .stab          0x00013e0c     0x1194 build/sky///contiki-ng-sky.a(frame802154.o)
                               0x1938 (size before relaxing)
 .stab          0x00014fa0      0x3a8 build/sky///contiki-ng-sky.a(csma-security.o)
                                0xcf0 (size before relaxing)
 .stab          0x00015348      0x258 build/sky///contiki-ng-sky.a(spi-legacy.o)
                                0x57c (size before relaxing)

.stabstr        0x00000000    0x12b0a
 *(.stabstr)
 .stabstr       0x00000000    0x12b0a oven.o

.stab.excl
 *(.stab.excl)

.stab.exclstr
 *(.stab.exclstr)

.stab.index
 *(.stab.index)

.stab.indexstr
 *(.stab.indexstr)

.comment        0x00000000       0x30
 *(.comment)
 .comment       0x00000000       0x30 oven.o
                                 0x31 (size before relaxing)
 .comment       0x00000000       0x31 build/sky///obj/contiki-main.o
 .comment       0x00000000       0x31 build/sky///contiki-ng-sky.a(uart1-putchar.o)
 .comment       0x00000000       0x31 build/sky///contiki-ng-sky.a(platform.o)
 .comment       0x00000000       0x31 build/sky///contiki-ng-sky.a(msp430.o)
 .comment       0x00000000       0x31 build/sky///contiki-ng-sky.a(clock.o)
 .comment       0x00000000       0x31 build/sky///contiki-ng-sky.a(leds.o)
 .comment       0x00000000       0x31 build/sky///contiki-ng-sky.a(leds-arch.o)
 .comment       0x00000000       0x31 build/sky///contiki-ng-sky.a(watchdog.o)
 .comment       0x00000000       0x31 build/sky///contiki-ng-sky.a(autostart.o)
 .comment       0x00000000       0x31 build/sky///contiki-ng-sky.a(ctimer.o)
 .comment       0x00000000       0x31 build/sky///contiki-ng-sky.a(energest.o)
 .comment       0x00000000       0x31 build/sky///contiki-ng-sky.a(etimer.o)
 .comment       0x00000000       0x31 build/sky///contiki-ng-sky.a(log.o)
 .comment       0x00000000       0x31 build/sky///contiki-ng-sky.a(process.o)
 .comment       0x00000000       0x31 build/sky///contiki-ng-sky.a(rtimer.o)
 .comment       0x00000000       0x31 build/sky///contiki-ng-sky.a(node-id.o)
 .comment       0x00000000       0x31 build/sky///contiki-ng-sky.a(timer.o)
 .comment       0x00000000       0x31 build/sky///contiki-ng-sky.a(serial-line.o)
 .comment       0x00000000       0x31 build/sky///contiki-ng-sky.a(ringbuf.o)
 .comment       0x00000000       0x31 build/sky///contiki-ng-sky.a(list.o)
 .comment       0x00000000       0x31 build/sky///contiki-ng-sky.a(random.o)
 .comment       0x00000000       0x31 build/sky///contiki-ng-sky.a(queuebuf.o)
 .comment       0x00000000       0x31 build/sky///contiki-ng-sky.a(packetbuf.o)
 .comment       0x00000000       0x31 build/sky///contiki-ng-sky.a(netstack.o)
 .comment       0x00000000       0x31 build/sky///contiki-ng-sky.a(linkaddr.o)
 .comment       0x00000000       0x31 build/sky///contiki-ng-sky.a(csma.o)
 .comment       0x00000000       0x31 build/sky///contiki-ng-sky.a(csma-output.o)
 .comment       0x00000000       0x31 build/sky///contiki-ng-sky.a(nullnet.o)
 .comment       0x00000000       0x31 build/sky///contiki-ng-sky.a(nullrouting.o)
 .comment       0x00000000       0x31 build/sky///contiki-ng-sky.a(contiki-sky-pla)
 .comment       0x00000000       0x31 build/sky///contiki-ng-sky.a(button-sensor.o)
 .comment       0x00000000       0x31 build/sky///contiki-ng-sky.a(ds2411.o)
 .comment       0x00000000       0x31 build/sky///contiki-ng-sky.a(xmem.o)
 .comment       0x00000000       0x31 build/sky///contiki-ng-sky.a(sensors.o)
 .comment       0x00000000       0x31 build/sky///contiki-ng-sky.a(cc2420.o)
 .comment       0x00000000       0x31 build/sky///contiki-ng-sky.a(cc2420-arch.o)
 .comment       0x00000000       0x31 build/sky///contiki-ng-sky.a(uart1.o)
 .comment       0x00000000       0x31 build/sky///contiki-ng-sky.a(rtimer-arch.o)
 .comment       0x00000000       0x31 build/sky///contiki-ng-sky.a(memb.o)
 .comment       0x00000000       0x31 build/sky///contiki-ng-sky.a(mac-sequence.o)
 .comment       0x00000000       0x31 build/sky///contiki-ng-sky.a(mac.o)
 .comment       0x00000000       0x31 build/sky///contiki-ng-sky.a(framer-802154.o)
 .comment       0x00000000       0x31 build/sky///contiki-ng-sky.a(frame802154.o)
 .comment       0x00000000       0x31 build/sky///contiki-ng-sky.a(csma-security.o)
 .comment       0x00000000       0x31 build/sky///contiki-ng-sky.a(spi-legacy.o)
 .comment       0x00000000       0x31 /usr/local/bin/../lib/gcc/msp430/4.7.2/../../../../msp430/lib/mmpy-16/libc.a(atoi.o)
 .comment       0x00000000       0x31 /usr/local/bin/../lib/gcc/msp430/4.7.2/../../../../msp430/lib/mmpy-16/libc.a(printf.o)
 .comment       0x00000000       0x31 /usr/local/bin/../lib/gcc/msp430/4.7.2/../../../../msp430/lib/mmpy-16/libc.a(vuprintf.o)
 .comment       0x00000000       0x31 /usr/local/bin/../lib/gcc/msp430/4.7.2/../../../../msp430/lib/mmpy-16/libc.a(puts.o)
 .comment       0x00000000       0x31 /usr/local/bin/../lib/gcc/msp430/4.7.2/../../../../msp430/lib/mmpy-16/libc.a(rand.o)
 .comment       0x00000000       0x31 /usr/local/bin/../lib/gcc/msp430/4.7.2/../../../../msp430/lib/mmpy-16/libc.a(memcmp.o)
 .comment       0x00000000       0x31 /usr/local/bin/../lib/gcc/msp430/4.7.2/../../../../msp430/lib/mmpy-16/libc.a(memcpy.o)
 .comment       0x00000000       0x31 /usr/local/bin/../lib/gcc/msp430/4.7.2/../../../../msp430/lib/mmpy-16/libc.a(memset.o)
 .comment       0x00000000       0x31 /usr/local/bin/../lib/gcc/msp430/4.7.2/../../../../msp430/lib/mmpy-16/libc.a(strtok.o)

.debug
 *(.debug)

.line
 *(.line)

.debug_srcinfo
 *(.debug_srcinfo)

.debug_sfnames
 *(.debug_sfnames)

.debug_aranges  0x00000000      0x1a4
 *(.debug_aranges)
 .debug_aranges
                0x00000000       0x14 /usr/local/bin/../lib/gcc/msp430/4.7.2/mmpy-16/crt0ivtbl16.o
 .debug_aranges
                0x00000014       0x14 /usr/local/bin/../lib/gcc/msp430/4.7.2/mmpy-16/libgcc.a(_udivmod16.o)
 .debug_aranges
                0x00000028       0x14 /usr/local/bin/../lib/gcc/msp430/4.7.2/mmpy-16/libgcc.a(_udivmod32.o)
 .debug_aranges
                0x0000003c       0x14 /usr/local/bin/../lib/gcc/msp430/4.7.2/../../../../msp430/lib/mmpy-16/libc.a(atoi.o)
 .debug_aranges
                0x00000050       0x18 /usr/local/bin/../lib/gcc/msp430/4.7.2/../../../../msp430/lib/mmpy-16/libc.a(printf.o)
 .debug_aranges
                0x00000068       0x18 /usr/local/bin/../lib/gcc/msp430/4.7.2/../../../../msp430/lib/mmpy-16/libc.a(vuprintf.o)
 .debug_aranges
                0x00000080       0x14 /usr/local/bin/../lib/gcc/msp430/4.7.2/../../../../msp430/lib/mmpy-16/libc.a(puts.o)
 .debug_aranges
                0x00000094       0x1c /usr/local/bin/../lib/gcc/msp430/4.7.2/../../../../msp430/lib/mmpy-16/libc.a(rand.o)
 .debug_aranges
                0x000000b0       0x14 /usr/local/bin/../lib/gcc/msp430/4.7.2/../../../../msp430/lib/mmpy-16/libc.a(memcmp.o)
 .debug_aranges
                0x000000c4       0x14 /usr/local/bin/../lib/gcc/msp430/4.7.2/../../../../msp430/lib/mmpy-16/libc.a(memcpy.o)
 .debug_aranges
                0x000000d8       0x14 /usr/local/bin/../lib/gcc/msp430/4.7.2/../../../../msp430/lib/mmpy-16/libc.a(memset.o)
 .debug_aranges
                0x000000ec       0x18 /usr/local/bin/../lib/gcc/msp430/4.7.2/../../../../msp430/lib/mmpy-16/libc.a(strtok.o)
 .debug_aranges
                0x00000104       0x14 /usr/local/bin/../lib/gcc/msp430/4.7.2/mmpy-16/libgcc.a(_mulsi3.o)
 .debug_aranges
                0x00000118       0x14 /usr/local/bin/../lib/gcc/msp430/4.7.2/mmpy-16/libgcc.a(_udivmod64.o)
 .debug_aranges
                0x0000012c       0x14 /usr/local/bin/../lib/gcc/msp430/4.7.2/mmpy-16/libcrt0.a(__watchdog_support.o)
 .debug_aranges
                0x00000140       0x14 /usr/local/bin/../lib/gcc/msp430/4.7.2/mmpy-16/libcrt0.a(__init_stack.o)
 .debug_aranges
                0x00000154       0x14 /usr/local/bin/../lib/gcc/msp430/4.7.2/mmpy-16/libcrt0.a(_copy_data.o)
 .debug_aranges
                0x00000168       0x14 /usr/local/bin/../lib/gcc/msp430/4.7.2/mmpy-16/libcrt0.a(_clear_bss.o)
 .debug_aranges
                0x0000017c       0x14 /usr/local/bin/../lib/gcc/msp430/4.7.2/mmpy-16/libcrt0.a(_endless_loop__.o)
 .debug_aranges
                0x00000190       0x14 /usr/local/bin/../lib/gcc/msp430/4.7.2/mmpy-16/libcrt0.a(_unexpected_.o)

.debug_pubnames
 *(.debug_pubnames)

.debug_info     0x00000000     0x149f
 *(.debug_info)
 .debug_info    0x00000000       0x8f /usr/local/bin/../lib/gcc/msp430/4.7.2/mmpy-16/crt0ivtbl16.o
 .debug_info    0x0000008f       0x8c /usr/local/bin/../lib/gcc/msp430/4.7.2/mmpy-16/libgcc.a(_udivmod16.o)
 .debug_info    0x0000011b       0x8c /usr/local/bin/../lib/gcc/msp430/4.7.2/mmpy-16/libgcc.a(_udivmod32.o)
 .debug_info    0x000001a7       0xb9 /usr/local/bin/../lib/gcc/msp430/4.7.2/../../../../msp430/lib/mmpy-16/libc.a(atoi.o)
 .debug_info    0x00000260      0x16e /usr/local/bin/../lib/gcc/msp430/4.7.2/../../../../msp430/lib/mmpy-16/libc.a(printf.o)
 .debug_info    0x000003ce      0x5d4 /usr/local/bin/../lib/gcc/msp430/4.7.2/../../../../msp430/lib/mmpy-16/libc.a(vuprintf.o)
 .debug_info    0x000009a2       0xc7 /usr/local/bin/../lib/gcc/msp430/4.7.2/../../../../msp430/lib/mmpy-16/libc.a(puts.o)
 .debug_info    0x00000a69      0x146 /usr/local/bin/../lib/gcc/msp430/4.7.2/../../../../msp430/lib/mmpy-16/libc.a(rand.o)
 .debug_info    0x00000baf       0xe5 /usr/local/bin/../lib/gcc/msp430/4.7.2/../../../../msp430/lib/mmpy-16/libc.a(memcmp.o)
 .debug_info    0x00000c94      0x12c /usr/local/bin/../lib/gcc/msp430/4.7.2/../../../../msp430/lib/mmpy-16/libc.a(memcpy.o)
 .debug_info    0x00000dc0      0x117 /usr/local/bin/../lib/gcc/msp430/4.7.2/../../../../msp430/lib/mmpy-16/libc.a(memset.o)
 .debug_info    0x00000ed7      0x174 /usr/local/bin/../lib/gcc/msp430/4.7.2/../../../../msp430/lib/mmpy-16/libc.a(strtok.o)
 .debug_info    0x0000104b       0x8c /usr/local/bin/../lib/gcc/msp430/4.7.2/mmpy-16/libgcc.a(_mulsi3.o)
 .debug_info    0x000010d7       0x8c /usr/local/bin/../lib/gcc/msp430/4.7.2/mmpy-16/libgcc.a(_udivmod64.o)
 .debug_info    0x00001163       0x8a /usr/local/bin/../lib/gcc/msp430/4.7.2/mmpy-16/libcrt0.a(__watchdog_support.o)
 .debug_info    0x000011ed       0x8a /usr/local/bin/../lib/gcc/msp430/4.7.2/mmpy-16/libcrt0.a(__init_stack.o)
 .debug_info    0x00001277       0x8a /usr/local/bin/../lib/gcc/msp430/4.7.2/mmpy-16/libcrt0.a(_copy_data.o)
 .debug_info    0x00001301       0x8a /usr/local/bin/../lib/gcc/msp430/4.7.2/mmpy-16/libcrt0.a(_clear_bss.o)
 .debug_info    0x0000138b       0x8a /usr/local/bin/../lib/gcc/msp430/4.7.2/mmpy-16/libcrt0.a(_endless_loop__.o)
 .debug_info    0x00001415       0x8a /usr/local/bin/../lib/gcc/msp430/4.7.2/mmpy-16/libcrt0.a(_unexpected_.o)
 *(.gnu.linkonce.wi.*)

.debug_abbrev   0x00000000      0x925
 *(.debug_abbrev)
 .debug_abbrev  0x00000000       0x14 /usr/local/bin/../lib/gcc/msp430/4.7.2/mmpy-16/crt0ivtbl16.o
 .debug_abbrev  0x00000014       0x14 /usr/local/bin/../lib/gcc/msp430/4.7.2/mmpy-16/libgcc.a(_udivmod16.o)
 .debug_abbrev  0x00000028       0x14 /usr/local/bin/../lib/gcc/msp430/4.7.2/mmpy-16/libgcc.a(_udivmod32.o)
 .debug_abbrev  0x0000003c       0x83 /usr/local/bin/../lib/gcc/msp430/4.7.2/../../../../msp430/lib/mmpy-16/libc.a(atoi.o)
 .debug_abbrev  0x000000bf       0xfa /usr/local/bin/../lib/gcc/msp430/4.7.2/../../../../msp430/lib/mmpy-16/libc.a(printf.o)
 .debug_abbrev  0x000001b9      0x23e /usr/local/bin/../lib/gcc/msp430/4.7.2/../../../../msp430/lib/mmpy-16/libc.a(vuprintf.o)
 .debug_abbrev  0x000003f7       0xa3 /usr/local/bin/../lib/gcc/msp430/4.7.2/../../../../msp430/lib/mmpy-16/libc.a(puts.o)
 .debug_abbrev  0x0000049a       0xfb /usr/local/bin/../lib/gcc/msp430/4.7.2/../../../../msp430/lib/mmpy-16/libc.a(rand.o)
 .debug_abbrev  0x00000595       0x9e /usr/local/bin/../lib/gcc/msp430/4.7.2/../../../../msp430/lib/mmpy-16/libc.a(memcmp.o)
 .debug_abbrev  0x00000633       0xab /usr/local/bin/../lib/gcc/msp430/4.7.2/../../../../msp430/lib/mmpy-16/libc.a(memcpy.o)
 .debug_abbrev  0x000006de       0xa1 /usr/local/bin/../lib/gcc/msp430/4.7.2/../../../../msp430/lib/mmpy-16/libc.a(memset.o)
 .debug_abbrev  0x0000077f      0x106 /usr/local/bin/../lib/gcc/msp430/4.7.2/../../../../msp430/lib/mmpy-16/libc.a(strtok.o)
 .debug_abbrev  0x00000885       0x14 /usr/local/bin/../lib/gcc/msp430/4.7.2/mmpy-16/libgcc.a(_mulsi3.o)
 .debug_abbrev  0x00000899       0x14 /usr/local/bin/../lib/gcc/msp430/4.7.2/mmpy-16/libgcc.a(_udivmod64.o)
 .debug_abbrev  0x000008ad       0x14 /usr/local/bin/../lib/gcc/msp430/4.7.2/mmpy-16/libcrt0.a(__watchdog_support.o)
 .debug_abbrev  0x000008c1       0x14 /usr/local/bin/../lib/gcc/msp430/4.7.2/mmpy-16/libcrt0.a(__init_stack.o)
 .debug_abbrev  0x000008d5       0x14 /usr/local/bin/../lib/gcc/msp430/4.7.2/mmpy-16/libcrt0.a(_copy_data.o)
 .debug_abbrev  0x000008e9       0x14 /usr/local/bin/../lib/gcc/msp430/4.7.2/mmpy-16/libcrt0.a(_clear_bss.o)
 .debug_abbrev  0x000008fd       0x14 /usr/local/bin/../lib/gcc/msp430/4.7.2/mmpy-16/libcrt0.a(_endless_loop__.o)
 .debug_abbrev  0x00000911       0x14 /usr/local/bin/../lib/gcc/msp430/4.7.2/mmpy-16/libcrt0.a(_unexpected_.o)

.debug_line     0x00000000      0xce0
 *(.debug_line)
 .debug_line    0x00000000       0x64 /usr/local/bin/../lib/gcc/msp430/4.7.2/mmpy-16/crt0ivtbl16.o
 .debug_line    0x00000064       0x70 /usr/local/bin/../lib/gcc/msp430/4.7.2/mmpy-16/libgcc.a(_udivmod16.o)
 .debug_line    0x000000d4       0x7f /usr/local/bin/../lib/gcc/msp430/4.7.2/mmpy-16/libgcc.a(_udivmod32.o)
 .debug_line    0x00000153       0x6e /usr/local/bin/../lib/gcc/msp430/4.7.2/../../../../msp430/lib/mmpy-16/libc.a(atoi.o)
 .debug_line    0x000001c1       0xa9 /usr/local/bin/../lib/gcc/msp430/4.7.2/../../../../msp430/lib/mmpy-16/libc.a(printf.o)
 .debug_line    0x0000026a      0x30a /usr/local/bin/../lib/gcc/msp430/4.7.2/../../../../msp430/lib/mmpy-16/libc.a(vuprintf.o)
 .debug_line    0x00000574       0x65 /usr/local/bin/../lib/gcc/msp430/4.7.2/../../../../msp430/lib/mmpy-16/libc.a(puts.o)
 .debug_line    0x000005d9       0x68 /usr/local/bin/../lib/gcc/msp430/4.7.2/../../../../msp430/lib/mmpy-16/libc.a(rand.o)
 .debug_line    0x00000641       0x8f /usr/local/bin/../lib/gcc/msp430/4.7.2/../../../../msp430/lib/mmpy-16/libc.a(memcmp.o)
 .debug_line    0x000006d0      0x118 /usr/local/bin/../lib/gcc/msp430/4.7.2/../../../../msp430/lib/mmpy-16/libc.a(memcpy.o)
 .debug_line    0x000007e8       0xf2 /usr/local/bin/../lib/gcc/msp430/4.7.2/../../../../msp430/lib/mmpy-16/libc.a(memset.o)
 .debug_line    0x000008da       0x77 /usr/local/bin/../lib/gcc/msp430/4.7.2/../../../../msp430/lib/mmpy-16/libc.a(strtok.o)
 .debug_line    0x00000951       0x77 /usr/local/bin/../lib/gcc/msp430/4.7.2/mmpy-16/libgcc.a(_mulsi3.o)
 .debug_line    0x000009c8       0xc9 /usr/local/bin/../lib/gcc/msp430/4.7.2/mmpy-16/libgcc.a(_udivmod64.o)
 .debug_line    0x00000a91       0x62 /usr/local/bin/../lib/gcc/msp430/4.7.2/mmpy-16/libcrt0.a(__watchdog_support.o)
 .debug_line    0x00000af3       0x60 /usr/local/bin/../lib/gcc/msp430/4.7.2/mmpy-16/libcrt0.a(__init_stack.o)
 .debug_line    0x00000b53       0x66 /usr/local/bin/../lib/gcc/msp430/4.7.2/mmpy-16/libcrt0.a(_copy_data.o)
 .debug_line    0x00000bb9       0x66 /usr/local/bin/../lib/gcc/msp430/4.7.2/mmpy-16/libcrt0.a(_clear_bss.o)
 .debug_line    0x00000c1f       0x61 /usr/local/bin/../lib/gcc/msp430/4.7.2/mmpy-16/libcrt0.a(_endless_loop__.o)
 .debug_line    0x00000c80       0x60 /usr/local/bin/../lib/gcc/msp430/4.7.2/mmpy-16/libcrt0.a(_unexpected_.o)

.debug_frame    0x00000000      0x214
 *(.debug_frame)
 .debug_frame   0x00000000       0x24 /usr/local/bin/../lib/gcc/msp430/4.7.2/../../../../msp430/lib/mmpy-16/libc.a(atoi.o)
 .debug_frame   0x00000024       0x2a /usr/local/bin/../lib/gcc/msp430/4.7.2/../../../../msp430/lib/mmpy-16/libc.a(printf.o)
 .debug_frame   0x0000004e       0xa0 /usr/local/bin/../lib/gcc/msp430/4.7.2/../../../../msp430/lib/mmpy-16/libc.a(vuprintf.o)
 .debug_frame   0x000000ee       0x24 /usr/local/bin/../lib/gcc/msp430/4.7.2/../../../../msp430/lib/mmpy-16/libc.a(puts.o)
 .debug_frame   0x00000112       0x3c /usr/local/bin/../lib/gcc/msp430/4.7.2/../../../../msp430/lib/mmpy-16/libc.a(rand.o)
 .debug_frame   0x0000014e       0x28 /usr/local/bin/../lib/gcc/msp430/4.7.2/../../../../msp430/lib/mmpy-16/libc.a(memcmp.o)
 .debug_frame   0x00000176       0x32 /usr/local/bin/../lib/gcc/msp430/4.7.2/../../../../msp430/lib/mmpy-16/libc.a(memcpy.o)
 .debug_frame   0x000001a8       0x32 /usr/local/bin/../lib/gcc/msp430/4.7.2/../../../../msp430/lib/mmpy-16/libc.a(memset.o)
 .debug_frame   0x000001da       0x3a /usr/local/bin/../lib/gcc/msp430/4.7.2/../../../../msp430/lib/mmpy-16/libc.a(strtok.o)

.debug_str      0x00000000      0x41c
 *(.debug_str)
 .debug_str     0x00000000       0xb3 /usr/local/bin/../lib/gcc/msp430/4.7.2/../../../../msp430/lib/mmpy-16/libc.a(atoi.o)
                                 0xec (size before relaxing)
 .debug_str     0x000000b3       0x49 /usr/local/bin/../lib/gcc/msp430/4.7.2/../../../../msp430/lib/mmpy-16/libc.a(printf.o)
                                0x12a (size before relaxing)
 .debug_str     0x000000fc      0x218 /usr/local/bin/../lib/gcc/msp430/4.7.2/../../../../msp430/lib/mmpy-16/libc.a(vuprintf.o)
                                0x375 (size before relaxing)
 .debug_str     0x00000314       0x1d /usr/local/bin/../lib/gcc/msp430/4.7.2/../../../../msp430/lib/mmpy-16/libc.a(puts.o)
                                 0xef (size before relaxing)
 .debug_str     0x00000331       0x2f /usr/local/bin/../lib/gcc/msp430/4.7.2/../../../../msp430/lib/mmpy-16/libc.a(rand.o)
                                0x106 (size before relaxing)
 .debug_str     0x00000360       0x20 /usr/local/bin/../lib/gcc/msp430/4.7.2/../../../../msp430/lib/mmpy-16/libc.a(memcmp.o)
                                 0xf2 (size before relaxing)
 .debug_str     0x00000380       0x3e /usr/local/bin/../lib/gcc/msp430/4.7.2/../../../../msp430/lib/mmpy-16/libc.a(memcpy.o)
                                0x120 (size before relaxing)
 .debug_str     0x000003be       0x26 /usr/local/bin/../lib/gcc/msp430/4.7.2/../../../../msp430/lib/mmpy-16/libc.a(memset.o)
                                0x11e (size before relaxing)
 .debug_str     0x000003e4       0x38 /usr/local/bin/../lib/gcc/msp430/4.7.2/../../../../msp430/lib/mmpy-16/libc.a(strtok.o)
                                0x10a (size before relaxing)

.debug_loc      0x00000000      0xd90
 *(.debug_loc)
 .debug_loc     0x00000000       0x9a /usr/local/bin/../lib/gcc/msp430/4.7.2/../../../../msp430/lib/mmpy-16/libc.a(atoi.o)
 .debug_loc     0x0000009a       0x4c /usr/local/bin/../lib/gcc/msp430/4.7.2/../../../../msp430/lib/mmpy-16/libc.a(printf.o)
 .debug_loc     0x000000e6      0x80f /usr/local/bin/../lib/gcc/msp430/4.7.2/../../../../msp430/lib/mmpy-16/libc.a(vuprintf.o)
 .debug_loc     0x000008f5       0x26 /usr/local/bin/../lib/gcc/msp430/4.7.2/../../../../msp430/lib/mmpy-16/libc.a(puts.o)
 .debug_loc     0x0000091b       0x4f /usr/local/bin/../lib/gcc/msp430/4.7.2/../../../../msp430/lib/mmpy-16/libc.a(rand.o)
 .debug_loc     0x0000096a       0x4d /usr/local/bin/../lib/gcc/msp430/4.7.2/../../../../msp430/lib/mmpy-16/libc.a(memcmp.o)
 .debug_loc     0x000009b7      0x1e3 /usr/local/bin/../lib/gcc/msp430/4.7.2/../../../../msp430/lib/mmpy-16/libc.a(memcpy.o)
 .debug_loc     0x00000b9a       0xe1 /usr/local/bin/../lib/gcc/msp430/4.7.2/../../../../msp430/lib/mmpy-16/libc.a(memset.o)
 .debug_loc     0x00000c7b      0x115 /usr/local/bin/../lib/gcc/msp430/4.7.2/../../../../msp430/lib/mmpy-16/libc.a(strtok.o)

.debug_macinfo
 *(.debug_macinfo)

.debug_pubtypes
 *(.debug_pubtypes)

.debug_ranges   0x00000000       0x74
 *(.debug_ranges)
 .debug_ranges  0x00000000        0x8 /usr/local/bin/../lib/gcc/msp430/4.7.2/../../../../msp430/lib/mmpy-16/libc.a(atoi.o)
 .debug_ranges  0x00000008        0xc /usr/local/bin/../lib/gcc/msp430/4.7.2/../../../../msp430/lib/mmpy-16/libc.a(printf.o)
 .debug_ranges  0x00000014       0x24 /usr/local/bin/../lib/gcc/msp430/4.7.2/../../../../msp430/lib/mmpy-16/libc.a(vuprintf.o)
 .debug_ranges  0x00000038        0x8 /usr/local/bin/../lib/gcc/msp430/4.7.2/../../../../msp430/lib/mmpy-16/libc.a(puts.o)
 .debug_ranges  0x00000040       0x10 /usr/local/bin/../lib/gcc/msp430/4.7.2/../../../../msp430/lib/mmpy-16/libc.a(rand.o)
 .debug_ranges  0x00000050        0x8 /usr/local/bin/../lib/gcc/msp430/4.7.2/../../../../msp430/lib/mmpy-16/libc.a(memcmp.o)
 .debug_ranges  0x00000058        0x8 /usr/local/bin/../lib/gcc/msp430/4.7.2/../../../../msp430/lib/mmpy-16/libc.a(memcpy.o)
 .debug_ranges  0x00000060        0x8 /usr/local/bin/../lib/gcc/msp430/4.7.2/../../../../msp430/lib/mmpy-16/libc.a(memset.o)
 .debug_ranges  0x00000068        0xc /usr/local/bin/../lib/gcc/msp430/4.7.2/../../../../msp430/lib/mmpy-16/libc.a(strtok.o)
                0x00003900                PROVIDE (__stack, (ORIGIN (ram) + 0x2800))
                0x000088d2                __data_start_rom = _etext
                0x0000898e                __data_end_rom = (_etext + SIZEOF (.data))
OUTPUT(build/sky///oven.sky elf32-msp430)
